10-02 16:27:58.738  2803  7129 D WindowManager: makeSurface duration=1 name=ci.itech.lstracker/ci.itech.lstracker.MainActivity$_23650
10-02 16:27:58.739  2803  7129 D InsetsSourceProvider: updateControlForTarget: control=InsetsSourceControl: {25d80001 mType=navigationBars initiallyVisible mSurfacePosition=Point(0, 2196) mInsetsHint=Insets{left=0, top=0, right=0, bottom=144}}, target=Window{2aa93d7 u0 Splash Screen ci.itech.lstracker}, from=com.android.server.wm.InsetsStateController.onControlTargetChanged:81 com.android.server.wm.InsetsPolicy.updateBarControlTarget:188 com.android.server.wm.DisplayPolicy.updateSystemBarAttributes:281 com.android.server.wm.DisplayPolicy.finishPostLayoutPolicyLw:17 com.android.server.wm.RootWindowContainer.applySurfaceChangesTransaction$1:194 
10-02 16:27:58.740  2803  7129 D InsetsSourceProvider: updateControlForTarget: control=InsetsSourceControl: {ebba0000 mType=statusBars initiallyVisible mSurfacePosition=Point(0, 0) mInsetsHint=Insets{left=0, top=81, right=0, bottom=0}}, target=Window{2aa93d7 u0 Splash Screen ci.itech.lstracker}, from=com.android.server.wm.InsetsStateController.onControlTargetChanged:81 com.android.server.wm.InsetsPolicy.updateBarControlTarget:175 com.android.server.wm.DisplayPolicy.updateSystemBarAttributes:281 com.android.server.wm.DisplayPolicy.finishPostLayoutPolicyLw:17 com.android.server.wm.RootWindowContainer.applySurfaceChangesTransaction$1:194 
10-02 16:27:58.740  2803  7129 D WindowManager: updateSystemBarAttributes: displayId=0, focusedCanBeNavColorWin=false, win=Window{2aa93d7 u0 Splash Screen ci.itech.lstracker}, navColorWin=Window{2aa93d7 u0 Splash Screen ci.itech.lstracker}, caller=com.android.server.wm.DisplayPolicy.finishPostLayoutPolicyLw:17 com.android.server.wm.RootWindowContainer.applySurfaceChangesTransaction$1:194 com.android.server.wm.RootWindowContainer.performSurfacePlacementNoTrace:61 
10-02 16:27:58.740  2803  7129 D WindowManager: Changing focus from null to Window{6d670ab u0 ci.itech.lstracker/ci.itech.lstracker.MainActivity} displayId=0 Callers=com.android.server.wm.WindowManagerService.relayoutWindowInner:142 com.android.server.wm.WindowManagerService.relayoutWindow:6 com.android.server.wm.Session.relayout:27 android.view.IWindowSession$Stub.onTransact:861 
10-02 16:27:58.741  2803  7129 D InsetsSourceProvider: updateControlForTarget: control=InsetsSourceControl: {25d80001 mType=navigationBars initiallyVisible mSurfacePosition=Point(0, 2196) mInsetsHint=Insets{left=0, top=0, right=0, bottom=144}}, target=Window{6d670ab u0 ci.itech.lstracker/ci.itech.lstracker.MainActivity}, from=com.android.server.wm.InsetsStateController.onControlTargetChanged:81 com.android.server.wm.InsetsPolicy.updateBarControlTarget:188 com.android.server.wm.DisplayPolicy.updateSystemBarAttributes:281 com.android.server.wm.WindowManagerService.updateFocusedWindowLocked:375 com.android.server.wm.WindowManagerService.relayoutWindowInner:142 
10-02 16:27:58.742  2803  7129 D InsetsSourceProvider: updateControlForTarget: control=InsetsSourceControl: {ebba0000 mType=statusBars initiallyVisible mSurfacePosition=Point(0, 0) mInsetsHint=Insets{left=0, top=81, right=0, bottom=0}}, target=Window{6d670ab u0 ci.itech.lstracker/ci.itech.lstracker.MainActivity}, from=com.android.server.wm.InsetsStateController.onControlTargetChanged:81 com.android.server.wm.InsetsPolicy.updateBarControlTarget:175 com.android.server.wm.DisplayPolicy.updateSystemBarAttributes:281 com.android.server.wm.WindowManagerService.updateFocusedWindowLocked:375 com.android.server.wm.WindowManagerService.relayoutWindowInner:142 
10-02 16:27:58.742  2803  7129 V SystemKeyManager: updateFocusedWindow() is called, ci.itech.lstracker/ci.itech.lstracker.MainActivity
10-02 16:27:58.745  1733  1733 I SurfaceFlinger: Layer [6d670ab ci.itech.lstracker/ci.itech.lstracker.MainActivity#4797] hidden!! flag(4096)
10-02 16:27:58.745  1733  1733 I SurfaceFlinger: [ci.itech.lstracker/ci.itech.lstracker.MainActivity$_23650#4798] attach to parent LayerHierarchy{RequestedLayerState{6d670ab ci.itech.lstracker/ci.itech.lstracker.MainActivity#4797 parentId=4789} 1 children}
10-02 16:27:58.745  1733  4135 I SurfaceFlinger: id=4803 createSurf, flag=20004, Bounds for - ci.itech.lstracker/ci.itech.lstracker.MainActivity@0#4803
10-02 16:27:58.745  1733  4135 I SurfaceFlinger: id=4804 createSurf, flag=84004, SurfaceView[ci.itech.lstracker/ci.itech.lstracker.MainActivity]@0#4804
10-02 16:27:58.745  1733  4135 I SurfaceFlinger: id=4805 createSurf, flag=44400, SurfaceView[ci.itech.lstracker/ci.itech.lstracker.MainActivity]@0(BLAST)#4805
10-02 16:27:58.745  1733  4135 I SurfaceFlinger: id=4806 createSurf, flag=20404, Background for SurfaceView[ci.itech.lstracker/ci.itech.lstracker.MainActivity]@0#4806
10-02 16:27:58.750  2803  3783 D MdnieScenarioControlService:  packageName : ci.itech.lstracker    className : ci.itech.lstracker.MainActivity
10-02 16:27:58.761  1733  1733 I SurfaceFlinger: [Bounds for - ci.itech.lstracker/ci.itech.lstracker.MainActivity@0#4803] attach to parent LayerHierarchy{RequestedLayerState{ci.itech.lstracker/ci.itech.lstracker.MainActivity$_23650#4798 parentId=4797} 1 children}
10-02 16:27:58.761  1733  1733 I SurfaceFlinger: [SurfaceView[ci.itech.lstracker/ci.itech.lstracker.MainActivity]@0#4804] attach to parent LayerHierarchy{RequestedLayerState{Bounds for - ci.itech.lstracker/ci.itech.lstracker.MainActivity@0#4803 parentId=4798} 1 children}
10-02 16:27:58.761  1733  1733 I SurfaceFlinger: [SurfaceView[ci.itech.lstracker/ci.itech.lstracker.MainActivity]@0(BLAST)#4805] attach to parent LayerHierarchy{RequestedLayerState{SurfaceView[ci.itech.lstracker/ci.itech.lstracker.MainActivity]@0#4804 parentId=4803} 1 children}
10-02 16:27:58.761  1733  1733 I SurfaceFlinger: [Background for SurfaceView[ci.itech.lstracker/ci.itech.lstracker.MainActivity]@0#4806] attach to parent LayerHierarchy{RequestedLayerState{SurfaceView[ci.itech.lstracker/ci.itech.lstracker.MainActivity]@0#4804 parentId=4803} 2 children}
10-02 16:27:58.764 23650 23650 I InsetsSourceConsumer: applyRequestedVisibilityToControl: visible=true, type=navigationBars, host=ci.itech.lstracker/ci.itech.lstracker.MainActivity
10-02 16:27:58.764 23650 23650 I InsetsSourceConsumer: applyRequestedVisibilityToControl: visible=true, type=statusBars, host=ci.itech.lstracker/ci.itech.lstracker.MainActivity
10-02 16:27:58.764  1733  2052 D SurfaceFlinger: [input] setFocusedWindow: 6d670ab ci.itech.lstracker/ci.itech.lstracker.MainActivity
10-02 16:27:58.765  2803  7129 D InputDispatcher: Once focus requested (0): 6d670ab ci.itech.lstracker/ci.itech.lstracker.MainActivity
10-02 16:27:58.765  2803  7129 D InputDispatcher: Focus request (0): 6d670ab ci.itech.lstracker/ci.itech.lstracker.MainActivity but waiting because NO_WINDOW
10-02 16:27:58.812 23650 23650 E flutter : [ERROR:flutter/runtime/dart_vm_initializer.cc(40)] Unhandled Exception: PlatformException(Exception encountered, read, javax.crypto.BadPaddingException: error:1e000065:Cipher functions:OPENSSL_internal:BAD_DECRYPT
10-02 16:27:58.812 23650 23650 E flutter : 	at com.android.org.conscrypt.NativeCrypto.EVP_CipherFinal_ex(Native Method)
10-02 16:27:58.812 23650 23650 E flutter : 	at com.android.org.conscrypt.OpenSSLEvpCipher.doFinalInternal(OpenSSLEvpCipher.java:152)
10-02 16:27:58.812 23650 23650 E flutter : 	at com.android.org.conscrypt.OpenSSLCipher.engineDoFinal(OpenSSLCipher.java:374)
10-02 16:27:58.812 23650 23650 E flutter : 	at javax.crypto.Cipher.doFinal(Cipher.java:2074)
10-02 16:27:58.812 23650 23650 E flutter : 	at u3.a.b(SourceFile:48)
10-02 16:27:58.812 23650 23650 E flutter : 	at D1.I6.run(SourceFile:343)
10-02 16:27:58.812 23650 23650 E flutter : 	at android.os.Handler.handleCallback(Handler.java:959)
10-02 16:27:58.812 23650 23650 E flutter : 	at android.os.Handler.dispatchMessage(Handler.java:100)
10-02 16:27:58.812 23650 23650 E flutter : 	at android.os.Looper.loopOnce(Looper.java:257)
10-02 16:27:58.812 23650 23650 E flutter : 	at android.os.Looper.loop(Looper.java:342)
10-02 16:27:58.812 23650 23650 E flutter : 	at android.os.HandlerThread.run(HandlerThread.java:85)
10-02 16:27:58.812 23650 23650 E flutter : , null)
10-02 16:27:58.812 23650 23650 E flutter : #0      StandardMethodCodec.decodeEnvelope (package:flutter/src/services/message_codecs.dart:652)
10-02 16:27:58.812 23650 23650 E flutter : #1      MethodChannel._invokeMethod (package:flutter/src/services/platform_channel.dart:370)
10-02 16:27:58.812 23650 23650 E flutter : <asynchronous suspension>
10-02 16:27:58.812 23650 23650 E flutter : #2      AuthStore.accessToken (package:lstracker/data/stores/auth_store.dart:34)
10-02 16:27:58.812 23650 23650 E flutter : <asynchronous suspension>
10-02 16:27:58.812 23650 23650 E flutter : #3      DioClient.initWithAuth (package:lstracker/data/services/dio_client.dart:33)
10-02 16:27:58.812 23650 23650 E flutter : <asynchronous suspension>
10-02 16:27:58.812 23650 23650 E flutter : #4      main (package:lstracker/main_demo.dart:41)
10-02 16:27:58.812 23650 23650 E flutter : <asynchronous suspension>
10-02 16:27:58.812 23650 23650 E flutter : 
10-02 16:27:58.833  2803  3089 D PersonaActivityHelper: token.toString()  Token{ffd87df ActivityRecord{429039 u0 ci.itech.lstracker/.MainActivity t7803}}
10-02 16:27:58.846  1733  1733 D SurfaceFlinger:        DEVICE |   0xb4000074aa023300 | 0001 | RGBA_8888    |    0.0    0.0 1080.0 2340.0 |    0    0 1080 2340 | Splash Screen ci.itech.lstracker$_3983#4791 (1)
10-02 16:27:58.863  1733  1733 D SurfaceFlinger:        DEVICE |   0xb4000074aa023300 | 0001 | RGBA_8888    |    0.0    0.0 1080.0 2340.0 |    0    0 1080 2340 | Splash Screen ci.itech.lstracker$_3983#4791 (1)
10-02 16:27:59.242  2803  3155 D SGM:GameManager: identifyForegroundApp. ci.itech.lstracker, mCurrentUserId: 0, callerUserId: 0
10-02 16:27:59.328  1733  1733 I LayerHistory: Splash Screen ci.itech.lstracker$_3983#4791 Max (can't resolve refresh rate)
10-02 16:27:59.405  1733  1733 I LayerHistory: Splash Screen ci.itech.lstracker$_3983#4791 Max (can't resolve refresh rate)
10-02 16:27:59.614  1733  1733 I LayerHistory: Splash Screen ci.itech.lstracker$_3983#4791 Max (can't resolve refresh rate)
10-02 16:28:04.368 23650 23737 D ProfileInstaller: Installing profile for ci.itech.lstracker
10-02 16:28:08.657  2803  3155 D SGM:FgCheckThread: getForegroundApp(), foregroundPkgName=ci.itech.lstracker
10-02 16:28:08.657  2803  3155 D SGM:FgCheckThread: noteStopComponent(), received pkgName: com.sec.android.app.launcher, focusedPkgName: ci.itech.lstracker, userId: 0
10-02 16:28:08.793  2803  3783 D MdnieScenarioControlService:  packageName : ci.itech.lstracker    className : ci.itech.lstracker.MainActivity
10-02 16:28:15.119  2803  5660 V WindowManager: Transition 384: Set Task{95ef67e #7803 type=standard I=ci.itech.lstracker/.MainActivity} as transient-hidden-task, caller=com.android.server.wm.Task.forAllTasks:4 com.android.server.wm.WindowContainer.forAllTasks:2 com.android.server.wm.DisplayArea.forAllTasks:9 
10-02 16:28:15.119  2803  5660 V WindowManager: Collecting in transition 384: Task{95ef67e #7803 type=standard I=ci.itech.lstracker/.MainActivity}, caller=com.android.server.wm.Transition$$ExternalSyntheticLambda16.test:93 com.android.server.wm.Task.forAllTasks:4 com.android.server.wm.WindowContainer.forAllTasks:2 com.android.server.wm.DisplayArea.forAllTasks:9 com.android.server.wm.TransitionController.setTransientLaunch:99 
10-02 16:28:15.123  2803  5660 D ActivityTaskManager: scheduleTopResumedActivityChanged, onTop=false, r=ActivityRecord{429039 u0 ci.itech.lstracker/.MainActivity t7803}, caller=com.android.server.wm.ActivityTaskSupervisor.scheduleTopResumedActivityStateLossIfNeeded:11 com.android.server.wm.ActivityTaskSupervisor.updateTopResumedActivityIfNeeded:19 com.android.server.wm.TaskDisplayArea.positionChildAt:270 com.android.server.wm.Task.moveToFront:443 com.android.server.wm.ActivityStartController.startExistingRecents:201 com.android.server.wm.WindowOrganizerController.applyHierarchyOp:31 
10-02 16:28:15.149  4460  4460 I HoneySpace.GestureEventController: SetGestureTaskList, SendGestureTaskList(taskList=[[#7803=ci.itech.lstracker], [#7744=com.facebook.katana], [#7768=com.samsung.android.dialer], [#7740=com.google.android.gm], [#7771=com.djamo.app], [#7541=com.android.settings], [#7679=com.zhiliaoapp.musically], [#7738=com.jumia.android], [#7327=com.android.chrome], [#7406=com.sec.android.app.popupcalculator], [#7703=com.wave.personal], [#7334=com.google.android.apps.messaging], [#7322=com.linkedin.android], [#7430=com.microsoft.office.outlook], [#7686=com.facebook.orca], [#7551=com.orange.myorange.oci], [#7647=com.canal.android.canal], [#7644=com.EricBROU.pharmacie_de_garde_CI], [#7390=com.truecaller], [#7370=com.google.android.apps.photos], [#7512=com.google.android.apps.maps], [#7564=applock.lockapps.fingerprint.password.applocker], [#7416=com.android.vending], [#7534=com.socgen.bankup], [#7507=com.yandex.yango], [#7485=com.android.settings], [#7493=com.sec.android.gallery3d], [#7446=com.panelyscash.app], [#7441=com.android.settings], [#7437=com.wallet.crypto.trustapp], [#7436=org.electrum.electrum], [#7417=com.macrovideo.v380pro], [#7374=com.samsung.android.smartmirroring], [#7364=com.sec.android.app.camera], [#7317=ci.cie.macieEnligne], [#6474=com.appercut.kegel], [#7241=com.google.android.googlequicksearchbox], [#7234=cn.xender], [#7210=air.com.permisecole.peandrophone], [#7189=com.samsung.android.waterplugin]], initPosition=1, runningTaskId=7803, showAnimStartPosition=1, isLeashTargetCenter=false, forSimple=true)
10-02 16:28:15.149  4460  4460 I HoneySpace.GestureEventController: SetGestureTaskList, SendGestureTaskList(taskList=[[#7803=ci.itech.lstracker], [#7744=com.facebook.katana], [#7768=com.samsung.android.dialer], [#7740=com.google.android.gm], [#7771=com.djamo.app], [#7541=com.android.settings], [#7679=com.zhiliaoapp.musically], [#7738=com.jumia.android], [#7327=com.android.chrome], [#7406=com.sec.android.app.popupcalculator], [#7703=com.wave.personal], [#7334=com.google.android.apps.messaging], [#7322=com.linkedin.android], [#7430=com.microsoft.office.outlook], [#7686=com.facebook.orca], [#7551=com.orange.myorange.oci], [#7647=com.canal.android.canal], [#7644=com.EricBROU.pharmacie_de_garde_CI], [#7390=com.truecaller], [#7370=com.google.android.apps.photos], [#7512=com.google.android.apps.maps], [#7564=applock.lockapps.fingerprint.password.applocker], [#7416=com.android.vending], [#7534=com.socgen.bankup], [#7507=com.yandex.yango], [#7485=com.android.settings], [#7493=com.sec.android.gallery3d], [#7446=com.panelyscash.app], [#7441=com.android.settings], [#7437=com.wallet.crypto.trustapp], [#7436=org.electrum.electrum], [#7417=com.macrovideo.v380pro], [#7374=com.samsung.android.smartmirroring], [#7364=com.sec.android.app.camera], [#7317=ci.cie.macieEnligne], [#6474=com.appercut.kegel], [#7241=com.google.android.googlequicksearchbox], [#7234=cn.xender], [#7210=air.com.permisecole.peandrophone], [#7189=com.samsung.android.waterplugin]], initPosition=1, runningTaskId=7803, showAnimStartPosition=1, isLeashTargetCenter=false, forSimple=false)
10-02 16:28:15.150  4460  4460 I HoneySpace.TaskListViewModel: groupTasks: [[#7803=ci.itech.lstracker], [#7744=com.facebook.katana], [#7768=com.samsung.android.dialer], [#7740=com.google.android.gm], [#7771=com.djamo.app], [#7541=com.android.settings], [#7679=com.zhiliaoapp.musically], [#7738=com.jumia.android], [#7327=com.android.chrome], [#7406=com.sec.android.app.popupcalculator], [#7703=com.wave.personal], [#7334=com.google.android.apps.messaging], [#7322=com.linkedin.android], [#7430=com.microsoft.office.outlook], [#7686=com.facebook.orca], [#7551=com.orange.myorange.oci], [#7647=com.canal.android.canal], [#7644=com.EricBROU.pharmacie_de_garde_CI], [#7390=com.truecaller], [#7370=com.google.android.apps.photos], [#7512=com.google.android.apps.maps], [#7564=applock.lockapps.fingerprint.password.applocker], [#7416=com.android.vending], [#7534=com.socgen.bankup], [#7507=com.yandex.yango], [#7485=com.android.settings], [#7493=com.sec.android.gallery3d], [#7446=com.panelyscash.app], [#7441=com.android.settings], [#7437=com.wallet.crypto.trustapp], [#7436=org.electrum.electrum], [#7417=com.macrovideo.v380pro], [#7374=com.samsung.android.smartmirroring], [#7364=com.sec.android.app.camera], [#7317=ci.cie.macieEnligne], [#6474=com.appercut.kegel], [#7241=com.google.android.googlequicksearchbox], [#7234=cn.xender], [#7210=air.com.permisecole.peandrophone], [#7189=com.samsung.android.waterplugin]]
10-02 16:28:15.151  4460  4460 I HoneySpace.TaskAdapter: attach [position: 0], taskData size: 40, item: ComponentInfo{ci.itech.lstracker/ci.itech.lstracker.MainActivity}, animReady: 4, firstBindingComplete: 5, view: 827cd04
10-02 16:28:15.151  4460 21197 I HoneySpace.TaskDataRepositoryImpl: Request icon and label, id=7803, iconAndLabel: IconAndLabel(icon=android.graphics.Bitmap@3b39c11, label=lstracker), componentKey: ci.itech.lstracker/.MainActivity#UserHandle{0}
10-02 16:28:15.157  4460 11230 I HoneySpace.SuggestedItemsFacade: DPS items : lstracker, ci.itech.lstracker/.MainActivity#UserHandle{0}
10-02 16:28:15.157  4460 21622 I HoneySpace.SuggestedItemsFacade: DPS items : lstracker, ci.itech.lstracker/.MainActivity#UserHandle{0}
10-02 16:28:15.157  4460 11230 I HoneySpace.FilteredItemProvider: collect filtered items o, [PK(p='ci.itech.lstracker', u=UserHandle{0}), PK(p='com.facebook.katana', u=UserHandle{0}), PK(p='com.samsung.android.dialer', u=UserHandle{0})]
10-02 16:28:15.157  4460 21622 I HoneySpace.FilteredItemProvider: collect filtered items o, [PK(p='ci.itech.lstracker', u=UserHandle{0}), PK(p='com.facebook.katana', u=UserHandle{0}), PK(p='com.samsung.android.dialer', u=UserHandle{0})]
10-02 16:28:15.158  4460 11230 I HoneySpace.FilteredItemProvider: collect filtered items m, [PK(p='ci.itech.lstracker.debug', u=UserHandle{0}), PK(p='ci.itech.lstracker.debug', u=UserHandle{95})]
10-02 16:28:15.158  4460 11230 I HoneySpace.SuggestedItemsFacade: filteredItem : PK(p='ci.itech.lstracker', u=UserHandle{0})
10-02 16:28:15.158  4460 21622 I HoneySpace.FilteredItemProvider: collect filtered items m, [PK(p='ci.itech.lstracker.debug', u=UserHandle{0}), PK(p='ci.itech.lstracker.debug', u=UserHandle{95})]
10-02 16:28:15.158  4460 11230 I HoneySpace.SuggestedItemsFacade: item removed by filter - PK(p='ci.itech.lstracker', u=UserHandle{0})
10-02 16:28:15.158  4460 21622 I HoneySpace.SuggestedItemsFacade: filteredItem : PK(p='ci.itech.lstracker', u=UserHandle{0})
10-02 16:28:15.158  4460 21622 I HoneySpace.SuggestedItemsFacade: filteredItem : PK(p='ci.itech.lstracker.debug', u=UserHandle{0})
10-02 16:28:15.158  4460 21622 I HoneySpace.SuggestedItemsFacade: filteredItem : PK(p='ci.itech.lstracker.debug', u=UserHandle{95})
10-02 16:28:15.158  4460 11230 I HoneySpace.SuggestedItemsFacade: filteredItem : PK(p='ci.itech.lstracker.debug', u=UserHandle{0})
10-02 16:28:15.158  4460 11230 I HoneySpace.SuggestedItemsFacade: filteredItem : PK(p='ci.itech.lstracker.debug', u=UserHandle{95})
10-02 16:28:15.164  4460  4460 I HoneySpace.TaskAdapter: attach [position: 0], taskData size: 40, item: ComponentInfo{ci.itech.lstracker/ci.itech.lstracker.MainActivity}, animReady: 4, firstBindingComplete: 4, view: 3708489
10-02 16:28:15.165  4460 21621 I HoneySpace.TaskDataRepositoryImpl: Request icon and label, id=7803, iconAndLabel: IconAndLabel(icon=android.graphics.Bitmap@3b39c11, label=lstracker), componentKey: ci.itech.lstracker/.MainActivity#UserHandle{0}
10-02 16:28:15.174  1733  1869 D RenderEngine: [SEC_SF_EFFECTS] drawLayersInternal,1299, Rendering layer Splash Screen ci.itech.lstracker$_3983#4791 at index 1
10-02 16:28:15.178  2803  3156 V WindowManager: Start calculating TransitionInfo based on participants: {Task{1860b8a #7742 type=recents I=com.sec.android.app.launcher/com.android.quickstep.RecentsActivity}, WallpaperWindowToken{332129d token=android.os.Binder@fc41d74}_<system>, TransientLaunchOverlayToken{598b474 token=android.os.BinderProxy@f315447}, ActivityRecord{5abe1f5 u0 com.sec.android.app.launcher/com.android.quickstep.RecentsActivity t7742}, Task{95ef67e #7803 type=standard I=ci.itech.lstracker/.MainActivity}}
10-02 16:28:15.178  2803  3156 V WindowManager:   Final targets: [TransientLaunchOverlayToken{598b474 token=android.os.BinderProxy@f315447}, Task{1860b8a #7742 type=recents I=com.sec.android.app.launcher/com.android.quickstep.RecentsActivity}, Task{95ef67e #7803 type=standard I=ci.itech.lstracker/.MainActivity}, WallpaperWindowToken{332129d token=android.os.Binder@fc41d74}_<system>]
10-02 16:28:15.180  2803  3156 D WindowManager: setActiveRecents, recents=ActivityRecord{5abe1f5 u0 com.sec.android.app.launcher/com.android.quickstep.RecentsActivity t7742}, task=Task{95ef67e #7803 type=standard I=ci.itech.lstracker/.MainActivity}, caller=com.android.server.wm.InputMonitor.setActiveRecents:32 com.android.server.wm.Transition.handleLegacyRecentsStartBehavior:107 com.android.server.wm.Transition.onTransactionReady:2212 
10-02 16:28:15.181  2803  3156 V WindowManager:         {WCT{RemoteToken{a362a42 Task{95ef67e #7803 type=standard I=ci.itech.lstracker/.MainActivity}}} m=TO_BACK f=NONE leash=Surface(name=Task=7803)/@0x68bd524 sb=Rect(0, 0 - 1080, 2340) eb=Rect(0, 0 - 1080, 2340) d=0 taskParent=-1 inset=Rect(0, 81 - 0, 144) dim=true},
10-02 16:28:15.188  2803  3152 V WindowManager:         {WCT{RemoteToken{a362a42 Task{95ef67e #7803 type=standard I=ci.itech.lstracker/.MainActivity}}} m=TO_BACK f=NONE leash=Surface(name=Task=7803)/@0x68bd524 sb=Rect(0, 0 - 1080, 2340) eb=Rect(0, 0 - 1080, 2340) d=0 taskParent=-1 inset=Rect(0, 81 - 0, 144) dim=true},
10-02 16:28:15.198  2803  5660 D WindowManager: Changing focus from Window{6d670ab u0 ci.itech.lstracker/ci.itech.lstracker.MainActivity} to Window{c103b91 u0 com.sec.android.app.launcher/com.android.quickstep.RecentsActivity} displayId=0 Callers=com.android.server.wm.ActivityTaskManagerService.setLastResumedActivityUncheckLocked:264 com.android.server.wm.ActivityTaskManagerService.setFocusedTask:20 com.android.server.wm.ActivityTaskManagerService.focusTopTask:52 android.app.IActivityTaskManager$Stub.onTransact:1865 
10-02 16:28:15.203  2803  5660 D WindowManager: updateSystemBarAttributes: displayId=0, focusedCanBeNavColorWin=false, win=Window{c103b91 u0 com.sec.android.app.launcher/com.android.quickstep.RecentsActivity}, navColorWin=Window{2aa93d7 u0 Splash Screen ci.itech.lstracker}, caller=com.android.server.wm.WindowManagerService.updateFocusedWindowLocked:375 com.android.server.wm.ActivityTaskManagerService.setLastResumedActivityUncheckLocked:264 com.android.server.wm.ActivityTaskManagerService.setFocusedTask:20 
10-02 16:28:15.205  1733  1733 D SurfaceFlinger:        DEVICE |   0xb4000074aa023300 | 0001 | RGBA_8888    |    0.0    0.0 1080.0 2340.0 |    0    0 1080 2340 | Splash Screen ci.itech.lstracker$_3983#4791 (1)
10-02 16:28:15.218  1733  1733 D SurfaceFlinger:        DEVICE |   0xb4000074aa023300 | 0001 | RGBA_8888    |    0.0    0.0 1080.0 2340.0 |    0    0 1080 2340 | Splash Screen ci.itech.lstracker$_3983#4791 (1)
10-02 16:28:15.258  4460  4474 W id.app.launcher: ApkAssets: Deleting an ApkAssets object '<empty> and /data/app/~~CIokJ0PgRBMl6Ep7c6ojtg==/ci.itech.lstracker-rHAdnrbSxqAh9GQRm2-r7Q==/base.apk' with 1 weak references
10-02 16:28:15.417  1733  1869 D RenderEngine: [SEC_SF_EFFECTS] drawLayersInternal,1299, Rendering layer Splash Screen ci.itech.lstracker$_3983#4791 at index 1
10-02 16:28:15.451  1733  1733 D SurfaceFlinger:        CLIENT |   0xb4000074aa023300 | 0001 | RGBA_8888    |    1.0   82.0  238.0 2195.0 |  922  292 1080 1698 | Splash Screen ci.itech.lstracker$_3983#4791 (1)
10-02 16:28:15.457  2803  7126 V WindowManager: Setting visibility of Window{6d670ab u0 ci.itech.lstracker/ci.itech.lstracker.MainActivity}: false, caller=com.android.server.wm.WindowContainer.sendAppVisibilityToClients:19 com.android.server.wm.WindowToken.setClientVisible:49 com.android.server.wm.ActivityRecord.setClientVisible:8 com.android.server.wm.ActivityRecord.commitVisibility:273 com.android.server.wm.TransitionController.finishTransition:766 
10-02 16:28:15.457  2803  7126 D PersonaActivityHelper: token.toString()  Token{ffd87df ActivityRecord{429039 u0 ci.itech.lstracker/.MainActivity t7803}}
10-02 16:28:15.465 23650 23650 D VRI[MainActivity]@f69f648: WindowStopped on ci.itech.lstracker/ci.itech.lstracker.MainActivity set to true
10-02 16:28:15.480  1733  1733 I SurfaceFlinger: Layer [Splash Screen ci.itech.lstracker$_3983#4791] hidden!! flag(1)
10-02 16:28:15.480  1733  1733 I SurfaceFlinger: Layer [ActivityRecord{429039 u0 ci.itech.lstracker/.MainActivity t7803}#4789] hidden!! flag(1)
10-02 16:28:15.491  2803  7126 V WindowManager: Relayout Window{6d670ab u0 ci.itech.lstracker/ci.itech.lstracker.MainActivity}: viewVisibility=8 req=1080x2340 ty=1 d0
10-02 16:28:15.494  2803  7126 E WindowManager: win=Window{6d670ab u0 ci.itech.lstracker/ci.itech.lstracker.MainActivity} destroySurfaces: appStopped=true cleanupOnResume=false win.mWindowRemovalAllowed=false win.mRemoveOnExit=false win.mViewVisibility=8 caller=com.android.server.wm.ActivityRecord.destroySurfaces:25 com.android.server.wm.ActivityRecord.activityStopped:204 com.android.server.wm.ActivityClientController.activityStopped:95 android.app.IActivityClientController$Stub.onTransact:722 com.android.server.wm.ActivityClientController.onTransact:1 android.os.Binder.execTransactInternal:1541 android.os.Binder.execTransact:1480 
10-02 16:28:15.494  2803  7126 I WindowManager: Destroying surface Surface(name=ci.itech.lstracker/ci.itech.lstracker.MainActivity$_23650)/@0x88d4739 called by com.android.server.wm.WindowStateAnimator.destroySurface:11 com.android.server.wm.WindowStateAnimator.destroySurfaceLocked:54 com.android.server.wm.WindowState.destroySurfaceUnchecked:5 com.android.server.wm.WindowState.destroySurface:126 com.android.server.wm.ActivityRecord.destroySurfaces:25 com.android.server.wm.ActivityRecord.activityStopped:204 com.android.server.wm.ActivityClientController.activityStopped:95 android.app.IActivityClientController$Stub.onTransact:722 
10-02 16:28:15.495  2803  3155 D SGM:FgCheckThread: pkgName: ci.itech.lstracker is not in foreground
10-02 16:28:15.495  2803  7126 V WindowManager: Schedule remove starting ActivityRecord{429039 u0 ci.itech.lstracker/.MainActivity t7803} startingWindow=Window{2aa93d7 u0 Splash Screen ci.itech.lstracker} animate=true Callers=com.android.server.wm.ActivityRecord.removeStartingWindow:150 com.android.server.wm.ActivityRecord.activityStopped:207 com.android.server.wm.ActivityClientController.activityStopped:95 android.app.IActivityClientController$Stub.onTransact:722 com.android.server.wm.ActivityClientController.onTransact:1 
10-02 16:28:15.495  2803  3155 D SGM:FgCheckThread: noteStopComponent(), received pkgName: ci.itech.lstracker, focusedPkgName: com.sec.android.app.launcher, userId: 0
10-02 16:28:15.495  2803  7126 D TaskOrganizerController: applyStartingWindowAnimation, window=Window{6d670ab u0 ci.itech.lstracker/ci.itech.lstracker.MainActivity}, caller=com.android.server.wm.TaskOrganizerController.removeStartingWindow:131 com.android.server.wm.StartingSurfaceController$StartingSurface.remove:23 com.android.server.wm.ActivityRecord.removeStartingWindowAnimation:181 
10-02 16:28:15.495  2803  7126 I WindowManager: Reparenting to leash, surface=Surface(name=6d670ab ci.itech.lstracker/ci.itech.lstracker.MainActivity)/@0xef0e17e, syncState=0, syncCommitDepth=0, leashParent=Surface(name=ActivityRecord{429039 u0 ci.itech.lstracker/.MainActivity t7803})/@0x6b896df
10-02 16:28:15.495  1733  1848 I SurfaceFlinger: id=4815 createSurf, flag=24000, Surface(name=6d670ab ci.itech.lstracker/ci.itech.lstracker.MainActivity)/@0xef0e17e - animation-leash of starting_reveal#4815
10-02 16:28:15.496  1733  1733 I SurfaceFlinger: Layer [Bounds for - ci.itech.lstracker/ci.itech.lstracker.MainActivity@0#4803] hidden!! flag(0)
10-02 16:28:15.496  1733  1733 I SurfaceFlinger: [LayerHierarchy{RequestedLayerState{Background for SurfaceView[ci.itech.lstracker/ci.itech.lstracker.MainActivity]@0#4806 z=-2147483648} no children}] reparent to OffscreenRoot
10-02 16:28:15.496  1733  1733 I SurfaceFlinger: [LayerHierarchy{RequestedLayerState{Background for SurfaceView[ci.itech.lstracker/ci.itech.lstracker.MainActivity]@0#4806 z=-2147483648} no children}] RelativeParent to null
10-02 16:28:15.496  1733  1733 I SurfaceFlinger: [LayerHierarchy{RequestedLayerState{SurfaceView[ci.itech.lstracker/ci.itech.lstracker.MainActivity]@0(BLAST)#4805} no children}] reparent to OffscreenRoot
10-02 16:28:15.496  1733  1733 I SurfaceFlinger: [LayerHierarchy{RequestedLayerState{SurfaceView[ci.itech.lstracker/ci.itech.lstracker.MainActivity]@0(BLAST)#4805} no children}] RelativeParent to null
10-02 16:28:15.496  1733  1733 I SurfaceFlinger: [LayerHierarchy{RequestedLayerState{SurfaceView[ci.itech.lstracker/ci.itech.lstracker.MainActivity]@0#4804 z=-2} no children}] reparent to OffscreenRoot
10-02 16:28:15.496  1733  1733 I SurfaceFlinger: [LayerHierarchy{RequestedLayerState{SurfaceView[ci.itech.lstracker/ci.itech.lstracker.MainActivity]@0#4804 z=-2} no children}] RelativeParent to null
10-02 16:28:15.496  1733  1733 I SurfaceFlinger: [LayerHierarchy{RequestedLayerState{ci.itech.lstracker/ci.itech.lstracker.MainActivity$_23650#4798} 1 children}] reparent to OffscreenRoot
10-02 16:28:15.496  1733  1733 I SurfaceFlinger: [LayerHierarchy{RequestedLayerState{ci.itech.lstracker/ci.itech.lstracker.MainActivity$_23650#4798} 1 children}] RelativeParent to null
10-02 16:28:15.496  1733  1733 I SurfaceFlinger: [LayerHierarchy{RequestedLayerState{Bounds for - ci.itech.lstracker/ci.itech.lstracker.MainActivity@0#4803} no children}] reparent to OffscreenRoot
10-02 16:28:15.496  1733  1733 I SurfaceFlinger: [LayerHierarchy{RequestedLayerState{Bounds for - ci.itech.lstracker/ci.itech.lstracker.MainActivity@0#4803} no children}] RelativeParent to null
10-02 16:28:15.496  1733  1733 I SurfaceFlinger: [Surface(name=6d670ab ci.itech.lstracker/ci.itech.lstracker.MainActivity)/@0xef0e17e - animation-leash of starting_reveal#4815] attach to parent LayerHierarchy{RequestedLayerState{ActivityRecord{429039 u0 ci.itech.lstracker/.MainActivity t7803}#4789 parentId=4788} 4 children}
10-02 16:28:15.497  2803  7126 D WindowManager: makeSurface duration=1 leash=Surface(name=Surface(name=6d670ab ci.itech.lstracker/ci.itech.lstracker.MainActivity)/@0xef0e17e - animation-leash of starting_reveal)/@0x7721df5
10-02 16:28:15.497  1733  1733 I SurfaceFlinger: id=4804 Removed SurfaceView[ci.itech.lstracker/ci.itech.lstracker.MainActivity]@0#4804 (143)
10-02 16:28:15.497  1733  1733 I SurfaceFlinger: id=4806 Removed Background for SurfaceView[ci.itech.lstracker/ci.itech.lstracker.MainActivity]@0#4806 (143)
10-02 16:28:15.497  1733  1733 I SurfaceFlinger: id=4798 Removed ci.itech.lstracker/ci.itech.lstracker.MainActivity$_23650#4798 (143)
10-02 16:28:15.497  1733  1733 I SurfaceFlinger: id=4803 Removed Bounds for - ci.itech.lstracker/ci.itech.lstracker.MainActivity@0#4803 (143)
10-02 16:28:15.497  1733  1733 I SurfaceFlinger: id=4805 Removed SurfaceView[ci.itech.lstracker/ci.itech.lstracker.MainActivity]@0(BLAST)#4805 (143)
10-02 16:28:15.501  2803  3153 D PkgPredictorService-SecIpmManagerServiceImpl: bg information pid:23650 uid:10491 pkgName:ci.itech.lstracker
10-02 16:28:15.513  1733  1733 I SurfaceFlinger: destroyed Background for SurfaceView[ci.itech.lstracker/ci.itech.lstracker.MainActivity]@0#4806
10-02 16:28:15.513  1733  1733 I SurfaceFlinger: destroyed SurfaceView[ci.itech.lstracker/ci.itech.lstracker.MainActivity]@0(BLAST)#4805
10-02 16:28:15.513  1733  1733 I SurfaceFlinger: destroyed SurfaceView[ci.itech.lstracker/ci.itech.lstracker.MainActivity]@0#4804
10-02 16:28:15.513  1733  1733 I SurfaceFlinger: destroyed ci.itech.lstracker/ci.itech.lstracker.MainActivity$_23650#4798
10-02 16:28:15.513  1733  1733 I SurfaceFlinger: destroyed Bounds for - ci.itech.lstracker/ci.itech.lstracker.MainActivity@0#4803
10-02 16:28:15.513  1733  1733 I SurfaceFlinger: [LayerHierarchy{RequestedLayerState{6d670ab ci.itech.lstracker/ci.itech.lstracker.MainActivity#4797 parentId=4815} no children}] reparent to LayerHierarchy{RequestedLayerState{Surface(name=6d670ab ci.itech.lstracker/ci.itech.lstracker.MainActivity)/@0xef0e17e - animation-leash of starting_reveal#4815 parentId=4789} 1 children}
10-02 16:28:15.514  1733  1733 I Layer   : id=4804 Destroyed SurfaceView[ci.itech.lstracker/ci.itech.lstracker.MainActivity]@0#4804
10-02 16:28:15.514  1733  1733 I Layer   : id=4805 Destroyed SurfaceView[ci.itech.lstracker/ci.itech.lstracker.MainActivity]@0(BLAST)#4805
10-02 16:28:15.514  1733  1733 I Layer   : id=4806 Destroyed Background for SurfaceView[ci.itech.lstracker/ci.itech.lstracker.MainActivity]@0#4806
10-02 16:28:15.514  1733  1733 I Layer   : id=4798 Destroyed ci.itech.lstracker/ci.itech.lstracker.MainActivity$_23650#4798
10-02 16:28:15.514  1733  1733 I Layer   : id=4803 Destroyed Bounds for - ci.itech.lstracker/ci.itech.lstracker.MainActivity@0#4803
10-02 16:28:15.553  2803  5660 V WindowManager: Relayout Window{2aa93d7 u0 Splash Screen ci.itech.lstracker}: viewVisibility=8 req=1080x2340 ty=3 d0
10-02 16:28:15.554  2803  5660 E WindowManager: win=Window{2aa93d7 u0 Splash Screen ci.itech.lstracker} destroySurfaces: appStopped=true cleanupOnResume=false win.mWindowRemovalAllowed=false win.mRemoveOnExit=false win.mViewVisibility=8 caller=com.android.server.wm.WindowManagerService.tryStartExitingAnimation:147 com.android.server.wm.WindowManagerService.relayoutWindowInner:112 com.android.server.wm.WindowManagerService.relayoutWindow:6 com.android.server.wm.Session.relayout:27 android.view.IWindowSession$Stub.onTransact:861 com.android.server.wm.Session.onTransact:1 android.os.Binder.execTransactInternal:1536 
10-02 16:28:15.554  2803  5660 I WindowManager: Destroying surface Surface(name=Splash Screen ci.itech.lstracker$_3983)/@0x5b87573 called by com.android.server.wm.WindowStateAnimator.destroySurface:11 com.android.server.wm.WindowStateAnimator.destroySurfaceLocked:54 com.android.server.wm.WindowState.destroySurfaceUnchecked:5 com.android.server.wm.WindowState.destroySurface:126 com.android.server.wm.WindowManagerService.tryStartExitingAnimation:147 com.android.server.wm.WindowManagerService.relayoutWindowInner:112 com.android.server.wm.WindowManagerService.relayoutWindow:6 com.android.server.wm.Session.relayout:27 
10-02 16:28:15.558  2803  5660 D CoreBackPreview: Window{2aa93d7 u0 Splash Screen ci.itech.lstracker}: Setting back callback null
10-02 16:28:15.560  2803  7084 D WindowManager: Starting window removed Window{2aa93d7 u0 Splash Screen ci.itech.lstracker}
10-02 16:28:15.560  2803  7084 I WindowManager: Cancelling animation restarting=false, leash=Surface(name=Surface(name=6d670ab ci.itech.lstracker/ci.itech.lstracker.MainActivity)/@0xef0e17e - animation-leash of starting_reveal)/@0x7721df5
10-02 16:28:15.560  2803  7084 I WindowManager: Reparenting to original parent: Surface(name=ActivityRecord{429039 u0 ci.itech.lstracker/.MainActivity t7803})/@0x6b896df, destroy=false, syncState=0, syncCommitDepth=0, surface=Surface(name=6d670ab ci.itech.lstracker/ci.itech.lstracker.MainActivity)/@0xef0e17e
10-02 16:28:15.561  2803  7084 W InputManager-JNI: Input channel object '2aa93d7 Splash Screen ci.itech.lstracker (client)' was disposed without first being removed with the input manager!
10-02 16:28:15.561  2803  7084 V WindowManager: Remove Window{2aa93d7 u0 Splash Screen ci.itech.lstracker}: mSurfaceController=null mAnimatingExit=false mRemoveOnExit=false mHasSurface=false surfaceShowing=false animating=false app-animation=false mDisplayFrozen=false callers=com.android.server.wm.Session.remove:16 android.view.IWindowSession$Stub.onTransact:794 com.android.server.wm.Session.onTransact:1 android.os.Binder.execTransactInternal:1536 android.os.Binder.execTransact:1480 <bottom of call stack> 
10-02 16:28:15.563  1733  1733 I SurfaceFlinger: [LayerHierarchy{RequestedLayerState{Splash Screen ci.itech.lstracker$_3983#4791} no children}] reparent to OffscreenRoot
10-02 16:28:15.563  1733  1733 I SurfaceFlinger: [LayerHierarchy{RequestedLayerState{Splash Screen ci.itech.lstracker$_3983#4791} no children}] RelativeParent to null
10-02 16:28:15.564  1733  1733 I SurfaceFlinger: id=4791 Removed Splash Screen ci.itech.lstracker$_3983#4791 (138)
10-02 16:28:15.580  1733  1733 I SurfaceFlinger: destroyed Splash Screen ci.itech.lstracker$_3983#4791
10-02 16:28:15.580  1733  1733 I SurfaceFlinger: [LayerHierarchy{RequestedLayerState{Surface(name=6d670ab ci.itech.lstracker/ci.itech.lstracker.MainActivity)/@0xef0e17e - animation-leash of starting_reveal#4815} 1 children}] reparent to OffscreenRoot
10-02 16:28:15.580  1733  1733 I SurfaceFlinger: [LayerHierarchy{RequestedLayerState{Surface(name=6d670ab ci.itech.lstracker/ci.itech.lstracker.MainActivity)/@0xef0e17e - animation-leash of starting_reveal#4815} 1 children}] RelativeParent to null
10-02 16:28:15.580  1733  1733 I SurfaceFlinger: [LayerHierarchy{RequestedLayerState{6d670ab ci.itech.lstracker/ci.itech.lstracker.MainActivity#4797 parentId=4789} no children}] reparent to LayerHierarchy{RequestedLayerState{ActivityRecord{429039 u0 ci.itech.lstracker/.MainActivity t7803}#4789 parentId=4788} 3 children}
10-02 16:28:15.580  1733  1733 I SurfaceFlinger: [LayerHierarchy{RequestedLayerState{2aa93d7 Splash Screen ci.itech.lstracker#4790 z=2147483647} no children}] reparent to OffscreenRoot
10-02 16:28:15.580  1733  1733 I SurfaceFlinger: [LayerHierarchy{RequestedLayerState{2aa93d7 Splash Screen ci.itech.lstracker#4790 z=2147483647} no children}] RelativeParent to null
10-02 16:28:15.581  1733  1733 I Layer   : id=4791 Destroyed Splash Screen ci.itech.lstracker$_3983#4791
10-02 16:28:15.581  1733  1733 I SurfaceFlinger: id=4790 Removed 2aa93d7 Splash Screen ci.itech.lstracker#4790 (137)
10-02 16:28:15.597  1733  1733 I SurfaceFlinger: destroyed 2aa93d7 Splash Screen ci.itech.lstracker#4790
10-02 16:28:15.597  1733  1733 I Layer   : id=4790 Destroyed 2aa93d7 Splash Screen ci.itech.lstracker#4790
10-02 16:28:16.562  2803  3155 I ActivityManager: Killing 23650:ci.itech.lstracker/u0a491 (adj 905): remove task
10-02 16:28:16.615  2803  7356 I WindowManager: WIN DEATH: Window{6d670ab u0 ci.itech.lstracker/ci.itech.lstracker.MainActivity}
10-02 16:28:16.615  2803  7356 W InputManager-JNI: Input channel object '6d670ab ci.itech.lstracker/ci.itech.lstracker.MainActivity (client)' was disposed without first being removed with the input manager!
10-02 16:28:16.616  2803  7356 V WindowManager: Remove Window{6d670ab u0 ci.itech.lstracker/ci.itech.lstracker.MainActivity}: mSurfaceController=null mAnimatingExit=false mRemoveOnExit=false mHasSurface=false surfaceShowing=false animating=false app-animation=false mDisplayFrozen=false callers=com.android.server.wm.Session.binderDied:118 android.os.IBinder$DeathRecipient.binderDied:339 android.os.BinderProxy.sendDeathNotice:794 <bottom of call stack> <bottom of call stack> <bottom of call stack> 
10-02 16:28:16.619  1733  4135 I SurfaceFlinger: id=4793 Removed 69b0683 ActivityRecordInputSink ci.itech.lstracker/.MainActivity#4793 (136)
10-02 16:28:16.626  2803  3619 W UsageStatsService: Unexpected activity event reported! (ci.itech.lstracker/ci.itech.lstracker.MainActivity event : 23 instanceId : 268273631)
10-02 16:28:16.626  2803  3155 D SGM:FgCheckThread: pkgName: ci.itech.lstracker is not in foreground
10-02 16:28:16.626  2803  3155 D SGM:FgCheckThread: noteStopComponent(), received pkgName: ci.itech.lstracker, focusedPkgName: com.sec.android.app.launcher, userId: 0
10-02 16:28:16.648  1733  1733 I SurfaceFlinger: [LayerHierarchy{RequestedLayerState{6d670ab ci.itech.lstracker/ci.itech.lstracker.MainActivity#4797} no children}] reparent to OffscreenRoot
10-02 16:28:16.648  1733  1733 I SurfaceFlinger: [LayerHierarchy{RequestedLayerState{6d670ab ci.itech.lstracker/ci.itech.lstracker.MainActivity#4797} no children}] RelativeParent to null
10-02 16:28:16.648  1733  1733 I SurfaceFlinger: [LayerHierarchy{RequestedLayerState{ActivityRecord{429039 u0 ci.itech.lstracker/.MainActivity t7803}#4789} 1 children}] reparent to OffscreenRoot
10-02 16:28:16.648  1733  1733 I SurfaceFlinger: [LayerHierarchy{RequestedLayerState{ActivityRecord{429039 u0 ci.itech.lstracker/.MainActivity t7803}#4789} 1 children}] RelativeParent to null
10-02 16:28:16.648  1733  1733 I SurfaceFlinger: id=4789 Removed ActivityRecord{429039 u0 ci.itech.lstracker/.MainActivity t7803}#4789 (137)
10-02 16:28:16.648  1733  1733 I SurfaceFlinger: id=4797 Removed 6d670ab ci.itech.lstracker/ci.itech.lstracker.MainActivity#4797 (137)
10-02 16:28:16.664  1733  1733 I SurfaceFlinger: destroyed 6d670ab ci.itech.lstracker/ci.itech.lstracker.MainActivity#4797
10-02 16:28:16.664  1733  1733 I SurfaceFlinger: destroyed 69b0683 ActivityRecordInputSink ci.itech.lstracker/.MainActivity#4793
10-02 16:28:16.664  1733  1733 I SurfaceFlinger: destroyed ActivityRecord{429039 u0 ci.itech.lstracker/.MainActivity t7803}#4789
10-02 16:28:16.665  1733  1733 I Layer   : id=4793 Destroyed 69b0683 ActivityRecordInputSink ci.itech.lstracker/.MainActivity#4793
10-02 16:28:16.665  1733  1733 I Layer   : id=4797 Destroyed 6d670ab ci.itech.lstracker/ci.itech.lstracker.MainActivity#4797
10-02 16:28:16.665  1733  1733 I Layer   : id=4789 Destroyed ActivityRecord{429039 u0 ci.itech.lstracker/.MainActivity t7803}#4789
10-02 16:28:21.330  2803  7130 I Pageboost: start alp : ci.itech.lstracker
10-02 16:28:21.330  2803  3969 I Pageboost: alp for : ci.itech.lstracker , 0
10-02 16:28:21.344  3983  4082 D ShellStartingWindow: preload Icon ci.itech.lstracker
10-02 16:28:21.349  2803  3181 I ActivityManager: Start proc 23882:ci.itech.lstracker/u0a491 for activelaunch {ci.itech.lstracker/ci.itech.lstracker.MainActivity}
10-02 16:28:21.388 23882 23882 D nativeloader: Configuring clns-7 for other apk /data/app/~~CIokJ0PgRBMl6Ep7c6ojtg==/ci.itech.lstracker-rHAdnrbSxqAh9GQRm2-r7Q==/base.apk. target_sdk_version=35, uses_libraries=, library_path=/data/app/~~CIokJ0PgRBMl6Ep7c6ojtg==/ci.itech.lstracker-rHAdnrbSxqAh9GQRm2-r7Q==/lib/arm64:/data/app/~~CIokJ0PgRBMl6Ep7c6ojtg==/ci.itech.lstracker-rHAdnrbSxqAh9GQRm2-r7Q==/base.apk!/lib/arm64-v8a, permitted_path=/data:/mnt/expand:/data/user/0/ci.itech.lstracker
10-02 16:28:21.395  2803  5094 I Pageboost: onAppLaunch : ci.itech.lstracker
10-02 16:28:21.396  4460 12025 I AppIconSolution: getThemeIconWithBG called with public API, pkg = ci.itech.lstracker, mode = 48
10-02 16:28:21.397  4460 12025 I AppIconSolution: start to load, pkg=ci.itech.lstracker, bg=192-192, dr=192-192, forDefault=true, density=640
10-02 16:28:21.397  4460 12025 I AppIconSolution: getIconScale, pkg=ci.itech.lstracker, size=192, iconScale=IconScale[alpha=15, scale=0.72, isCrop=false]
10-02 16:28:21.398  2803  5094 V WindowManager: Collecting in transition 387: ActivityRecord{a903175 u0 ci.itech.lstracker/.MainActivity, caller=com.android.server.wm.TransitionController.collect:7 com.android.server.wm.ActivityStarter.startActivityUnchecked:626 com.android.server.wm.ActivityStarter.executeRequest:3365 com.android.server.wm.ActivityStarter.execute:1122 com.android.server.wm.ActivityTaskManagerService.startActivityAsUser:88 
10-02 16:28:21.398  2803  5094 D ActivityTaskManager: TaskLaunchParamsModifier:task=null activity=ActivityRecord{a903175 u0 ci.itech.lstracker/.MainActivity t-1} display-from-option=0 display-id=0 task-display-area-windowing-mode=1 suggested-display-area=DefaultTaskDisplayArea_d0@131413958
10-02 16:28:21.399  2803  5094 D ActivityTaskManager: TaskLaunchParamsModifier:task=null activity=ActivityRecord{a903175 u0 ci.itech.lstracker/.MainActivity t-1} display-from-option=0 display-id=0 task-display-area-windowing-mode=1 suggested-display-area=DefaultTaskDisplayArea_d0@131413958 inherit-from-source=fullscreen non-freeform-task-display-area display-area=DefaultTaskDisplayArea_d0@131413958 default-portrait freeform-size-mismatch=Rect(81, 553 - 999, 1723)
10-02 16:28:21.399  4460 12025 I AppIconSolution: default container[Contain], pkg=ci.itech.lstracker, bg=224-224, dr=192-192, isNight = true
10-02 16:28:21.401  2803  5094 D ActivityTaskManager: TaskLaunchParamsModifier:task=Task{3f4e50a #7804 type=standard I=ci.itech.lstracker/.MainActivity} activity=ActivityRecord{a903175 u0 ci.itech.lstracker/.MainActivity t-1} display-from-option=0 display-id=0 task-display-area-windowing-mode=1 suggested-display-area=DefaultTaskDisplayArea_d0@131413958 inherit-from-source=fullscreen non-freeform-task-display-area display-area=DefaultTaskDisplayArea_d0@131413958 default-portrait freeform-size-mismatch=Rect(81, 553 - 999, 1723)
10-02 16:28:21.401  2803  5094 V WindowManager: Collecting in transition 387: Task{3f4e50a #7804 type=standard I=ci.itech.lstracker/.MainActivity}, caller=com.android.server.wm.Transition.collectExistenceChange:42 com.android.server.wm.ActivityStarter.setNewTask:43 com.android.server.wm.ActivityStarter.startActivityInner:2218 com.android.server.wm.ActivityStarter.startActivityUnchecked:639 com.android.server.wm.ActivityStarter.executeRequest:3365 
10-02 16:28:21.401  4460 12025 I LauncherActivityInfo: packageName: ci.itech.lstracker, useThemeIcon: false, height: 224, width: 224, density: 640
10-02 16:28:21.402  1733  2079 I SurfaceFlinger: id=4827 createSurf, flag=84004, ActivityRecord{a903175 u0 ci.itech.lstracker/.MainActivity t7804}#4827
10-02 16:28:21.403  2803  5094 V WindowManager: Add starting ActivityRecord{a903175 u0 ci.itech.lstracker/.MainActivity t7804}: startingData=SplashScreenStartingData{96a0b98 waitForSyncTransactionCommit=false removeAfterTransaction= 0}
10-02 16:28:21.403  2803  5094 V WindowManager: Added starting ActivityRecord{a903175 u0 ci.itech.lstracker/.MainActivity t7804}: startingWindow=null startingView=com.android.server.wm.StartingSurfaceController$StartingSurface@13f6ff1
10-02 16:28:21.405  2803  5094 V WindowManager: Collecting in transition 387: ActivityRecord{a903175 u0 ci.itech.lstracker/.MainActivity t7804}, caller=com.android.server.wm.Transition.collectExistenceChange:42 com.android.server.wm.ActivityStarter.handleStartResult:523 com.android.server.wm.ActivityStarter.startActivityUnchecked:653 com.android.server.wm.ActivityStarter.executeRequest:3365 com.android.server.wm.ActivityStarter.execute:1122 
10-02 16:28:21.405  2803  5094 I ActivityTaskManager: START u0 {act=android.intent.action.MAIN cat=[android.intent.category.LAUNCHER] flg=0x10200000 cmp=ci.itech.lstracker/.MainActivity bnds=[539,228][788,505]} with LAUNCH_SINGLE_TOP from uid 10145 (BAL_ALLOW_VISIBLE_WINDOW) result code=0
10-02 16:28:21.406  3983  4044 V WindowManagerShell: Transition requested (#387): android.os.BinderProxy@c078dc TransitionRequestInfo { type = OPEN, triggerTask = TaskInfo{userId=0 taskId=7804 displayId=0 isRunning=true baseIntent=Intent { act=android.intent.action.MAIN cat=[android.intent.category.LAUNCHER] flg=0x10200000 cmp=ci.itech.lstracker/.MainActivity } baseActivity=ComponentInfo{ci.itech.lstracker/ci.itech.lstracker.MainActivity} topActivity=ComponentInfo{ci.itech.lstracker/ci.itech.lstracker.MainActivity} origActivity=null realActivity=ComponentInfo{ci.itech.lstracker/ci.itech.lstracker.MainActivity} numActivities=1 lastActiveTime=9684010 supportsMultiWindow=true resizeMode=1 isResizeable=true minWidth=-1 minHeight=-1 maxWidth=-1 maxHeight=-1 defaultMinSize=220 token=WCT{android.window.IWindowContainerToken$Stub$Proxy@ceeade5} topActivityType=1 pictureInPictureParams=null shouldDockBigOverlays=false launchIntoPipHostTaskId=-1 lastParentTaskIdBeforePip=-1 displayCutoutSafeInsets=Rect(0, 81 - 0, 0) topActivityInfo=ActivityInfo{eba00ba ci.itech.lstracker.MainActivity} launchCookies=[android.os.BinderProxy@b472b6b] positionInParent=Point(0, 0) parentTaskId=-1 isFocused=false isVisible=false isVisibleRequested=false isSleeping=false topActivityInSizeCompat=false locusId=null displayAreaFeatureId=1 isTopActivityTransparent=false isTopActivityStyleFloating=false appCompatTaskInfo=AppCompatTaskInfo { topActivityInSizeCompat=false eligibleForLetterboxEducation= false isLetterboxEducationEnabled= false isLetterboxDoubleTapEnabled= false eligibleForUserAspectRatioButton= false topActivityBoundsLetterboxed= false isFromLetterboxDoubleTap= false topActivityLetterboxVerticalPosition= -1 topActivityLetterboxHorizontalPosition= -1 topActivityLetterboxWidth=1080 topActivityLetterboxHeight=2340 topActivityLetterboxAppWidth=1080 topActivityLetterboxAppHeight=2340 isUserFullscreenOverrideEnabled=false isSystemFullscreenOverrideEnabled=false hasMinAspectRatioOverride=false cameraCompatTaskInfo=CameraCompatTaskInfo { freeformCameraCompatMode=inactive} topActivityBounds=null topActivityInDisplayCompat=false} originallySupportedMultiWindow=true hasWallpaper=false rootAffinity=null isTopTaskInStage=false topActivityUiMode=33 CoverLauncherWidgetTask=false isAllowedSeamlessRotation=false isTopTransparentActivity=false snappingGuideBounds=Rect(81, 553 - 999, 1723) isAliasManaged=false hasConfigChanged=false isAiKeyRemoveAppTask=false}, pipTask = null, remoteTransition = RemoteTransition { remoteTransition = android.window.IRemoteTransition$Stub$Proxy@c4a46c8, appThread = android.app.IApplicationThread$Stub$Proxy@3e14361, debugName = QuickstepLaunchflags =NONE }, displayChange = null, flags = 0, debugId = 387 }
10-02 16:28:21.406  4460  4618 I HoneySpace.SALoggingUtils: SA Logging screenID: 201 eventId: 1001 detail: {PackageName=ci.itech.lstracker, det=3} value: -1
10-02 16:28:21.406  4460 21199 I HoneySpace.SuggestedAppsRepositoryImpl: sendSuggestedAppsLaunchTarget: ComponentInfo{ci.itech.lstracker/ci.itech.lstracker.MainActivity}
