10-02 16:19:22.551  2803  7363 V WindowManager: Setting visibility of Window{616f38a u0 ci.itech.lstracker/ci.itech.lstracker.MainActivity}: true, caller=com.android.server.wm.WindowContainer.sendAppVisibilityToClients:19 com.android.server.wm.WindowToken.setClientVisible:49 com.android.server.wm.ActivityRecord.setVisibility:392 com.android.server.wm.TaskFragment.resumeTopActivity:1735 com.android.server.wm.Task.resumeTopActivityInnerLocked:98 
10-02 16:19:22.551  2803  7363 D ActivityTaskManager: scheduleTopResumedActivityChanged, onTop=true, r=ActivityRecord{114ed37 u0 ci.itech.lstracker/.MainActivity t7801}, caller=com.android.server.wm.ActivityTaskSupervisor.updateTopResumedActivityIfNeeded:62 com.android.server.wm.TaskFragment.setResumedActivity:29 com.android.server.wm.ActivityRecord.setState:104 com.android.server.wm.TaskFragment.resumeTopActivity:1817 com.android.server.wm.Task.resumeTopActivityInnerLocked:98 com.android.server.wm.Task.resumeTopActivityUncheckedLocked:23 
10-02 16:19:22.553  2803  7363 D WindowManager: rotationForOrientation, orientationSource=ActivityRecord{114ed37 u0 ci.itech.lstracker/.MainActivity t7801}
10-02 16:19:22.554  2803  7363 D WindowManagerServiceExt: updateTaskbarTargetIfNeeded: cn=ComponentInfo{ci.itech.lstracker/ci.itech.lstracker.MainActivity} occludesParent=true isInSplitScreenMode=false styleFloating=false
10-02 16:19:22.557  2803  3155 D SGM:FgCheckThread: noteResumeComponent(), received pkgName: ci.itech.lstracker, userId: 0
10-02 16:19:22.558  7147  7291 I SDHMS:l : handleResumeComponent : put = ci.itech.lstracker, userid = 0 instanceid =116553741
10-02 16:19:22.558  2803  3685 D SGM:FgCheckThread: onLooperPrepared(), msg: MSG_APP_RESUME, pkgName: ci.itech.lstracker, userid: 0
10-02 16:19:22.558  2803  3685 D SGM:FgCheckThread:   handleResume(). pkgName: ci.itech.lstracker, userId: 0, category: non-game
10-02 16:19:22.558  2803  3685 D SGM:FgCheckThread: notifyFocusInOut(). of pkg: ci.itech.lstracker, type: 4, isSecGameFamily: false, userId: 0
10-02 16:19:22.562  2803  3156 D BLASTSyncEngine: SyncGroup 364:  Unfinished container: ActivityRecord{114ed37 u0 ci.itech.lstracker/.MainActivity t7801} mSyncState=2
10-02 16:19:22.590  2803  3793 D BLASTSyncEngine: SyncGroup 364:  Unfinished container: ActivityRecord{114ed37 u0 ci.itech.lstracker/.MainActivity t7801} mSyncState=2
10-02 16:19:22.593  2803  4597 D WindowManager: makeSurface duration=2 name=ci.itech.lstracker/ci.itech.lstracker.MainActivity$_20482
10-02 16:19:22.593  2803  4597 D BLASTSyncEngine: SyncGroup 364:  Unfinished container: ActivityRecord{114ed37 u0 ci.itech.lstracker/.MainActivity t7801} mSyncState=2
10-02 16:19:22.618  2803  3156 D BLASTSyncEngine: SyncGroup 364:  Unfinished container: ActivityRecord{114ed37 u0 ci.itech.lstracker/.MainActivity t7801} mSyncState=2
10-02 16:19:22.634  2803  3087 D BLASTSyncEngine: SyncGroup 364:  Unfinished container: ActivityRecord{114ed37 u0 ci.itech.lstracker/.MainActivity t7801} mSyncState=2
10-02 16:19:22.637  2803  3087 D BLASTSyncEngine: SyncGroup 364:  Unfinished container: ActivityRecord{114ed37 u0 ci.itech.lstracker/.MainActivity t7801} mSyncState=2
10-02 16:19:22.640  2803  3156 D BLASTSyncEngine: SyncGroup 364:  Unfinished container: ActivityRecord{114ed37 u0 ci.itech.lstracker/.MainActivity t7801} mSyncState=2
10-02 16:19:22.669  2803  7350 D BLASTSyncEngine: SyncGroup 364:  Unfinished container: ActivityRecord{114ed37 u0 ci.itech.lstracker/.MainActivity t7801} mSyncState=2
10-02 16:19:22.678  2803  7350 D BLASTSyncEngine: SyncGroup 364:  Unfinished container: ActivityRecord{114ed37 u0 ci.itech.lstracker/.MainActivity t7801} mSyncState=2
10-02 16:19:22.678  2803  7350 D WindowManager: Changing focus from Window{cb20ce8 u0 NotificationShade} to Window{616f38a u0 ci.itech.lstracker/ci.itech.lstracker.MainActivity} displayId=0 Callers=com.android.server.wm.WindowManagerService.relayoutWindowInner:142 com.android.server.wm.WindowManagerService.relayoutWindow:6 com.android.server.wm.Session.relayout:27 com.android.server.wm.Session.relayoutAsync:26 
10-02 16:19:22.680  2803  7350 D InsetsSourceProvider: updateControlForTarget: control=InsetsSourceControl: {25d80001 mType=navigationBars initiallyVisible mSurfacePosition=Point(0, 2196) mInsetsHint=Insets{left=0, top=0, right=0, bottom=144}}, target=Window{616f38a u0 ci.itech.lstracker/ci.itech.lstracker.MainActivity}, from=com.android.server.wm.InsetsStateController.onControlTargetChanged:81 com.android.server.wm.InsetsPolicy.updateBarControlTarget:188 com.android.server.wm.DisplayPolicy.updateSystemBarAttributes:281 com.android.server.wm.WindowManagerService.updateFocusedWindowLocked:375 com.android.server.wm.WindowManagerService.relayoutWindowInner:142 
10-02 16:19:22.682  2803  7350 D InsetsSourceProvider: updateControlForTarget: control=InsetsSourceControl: {ebba0000 mType=statusBars initiallyVisible mSurfacePosition=Point(0, 0) mInsetsHint=Insets{left=0, top=81, right=0, bottom=0}}, target=Window{616f38a u0 ci.itech.lstracker/ci.itech.lstracker.MainActivity}, from=com.android.server.wm.InsetsStateController.onControlTargetChanged:81 com.android.server.wm.InsetsPolicy.updateBarControlTarget:175 com.android.server.wm.DisplayPolicy.updateSystemBarAttributes:281 com.android.server.wm.WindowManagerService.updateFocusedWindowLocked:375 com.android.server.wm.WindowManagerService.relayoutWindowInner:142 
10-02 16:19:22.682  2803  7350 D WindowManager: updateSystemBarAttributes: displayId=0, focusedCanBeNavColorWin=false, win=Window{616f38a u0 ci.itech.lstracker/ci.itech.lstracker.MainActivity}, navColorWin=null, caller=com.android.server.wm.WindowManagerService.updateFocusedWindowLocked:375 com.android.server.wm.WindowManagerService.relayoutWindowInner:142 com.android.server.wm.WindowManagerService.relayoutWindow:6 
10-02 16:19:22.682  2803  7350 V SystemKeyManager: updateFocusedWindow() is called, ci.itech.lstracker/ci.itech.lstracker.MainActivity
10-02 16:19:22.683  2803  4977 D BLASTSyncEngine: SyncGroup 364:  Unfinished container: ActivityRecord{114ed37 u0 ci.itech.lstracker/.MainActivity t7801} mSyncState=2
10-02 16:19:22.692  2803  3156 D BLASTSyncEngine: SyncGroup 364:  Unfinished container: ActivityRecord{114ed37 u0 ci.itech.lstracker/.MainActivity t7801} mSyncState=2
10-02 16:19:22.699  2803  3685 D SGM:FgCheckThread: handleLcdOn(). getPkgName: ci.itech.lstracker, getUserId: 0
10-02 16:19:22.704  2803  3153 D BLASTSyncEngine: SyncGroup 364:  Unfinished container: ActivityRecord{114ed37 u0 ci.itech.lstracker/.MainActivity t7801} mSyncState=2
10-02 16:19:22.709  2803  3156 D BLASTSyncEngine: SyncGroup 364:  Unfinished container: ActivityRecord{114ed37 u0 ci.itech.lstracker/.MainActivity t7801} mSyncState=2
10-02 16:19:22.923  2803  3156 D BLASTSyncEngine: SyncGroup 364:  Unfinished container: ActivityRecord{114ed37 u0 ci.itech.lstracker/.MainActivity t7801} mSyncState=2
10-02 16:19:22.924  2803  3153 D BLASTSyncEngine: SyncGroup 364:  Unfinished container: ActivityRecord{114ed37 u0 ci.itech.lstracker/.MainActivity t7801} mSyncState=2
10-02 16:19:23.110  2803  5842 D BLASTSyncEngine: SyncGroup 364:  Unfinished container: ActivityRecord{114ed37 u0 ci.itech.lstracker/.MainActivity t7801} mSyncState=2
10-02 16:19:23.181  2803  3155 D SGM:GameManager: identifyForegroundApp. ci.itech.lstracker, mCurrentUserId: 0, callerUserId: 0
10-02 16:19:26.577  2803  5842 D BLASTSyncEngine: SyncGroup 364:  Unfinished container: ActivityRecord{114ed37 u0 ci.itech.lstracker/.MainActivity t7801} mSyncState=2
10-02 16:19:27.551  2803  3155 I BLASTSyncEngine: Unfinished container: ActivityRecord{114ed37 u0 ci.itech.lstracker/.MainActivity t7801}
10-02 16:19:27.551  2803  3155 I BLASTSyncEngine:   Window{616f38a u0 ci.itech.lstracker/ci.itech.lstracker.MainActivity} DRAW_PENDING
10-02 16:19:27.553  2803  3155 V WindowManager: Start calculating TransitionInfo based on participants: {ActivityRecord{114ed37 u0 ci.itech.lstracker/.MainActivity t7801}}
10-02 16:19:27.553  2803  3155 V WindowManager:   Final targets: [Task{5b9f2a4 #7801 type=standard I=ci.itech.lstracker/.MainActivity}, DefaultTaskDisplayArea_d0@131413958]
10-02 16:19:27.561  2803  3155 V WindowManager:         {WCT{RemoteToken{9828b96 Task{5b9f2a4 #7801 type=standard I=ci.itech.lstracker/.MainActivity}}} m=TO_FRONT f=EDGE_EXTENSION_RESTRICTION p=WCT{RemoteToken{3396708 DefaultTaskDisplayArea_d0@131413958}} leash=Surface(name=Task=7801)/@0x2603958 sb=Rect(0, 0 - 1080, 2340) eb=Rect(0, 0 - 1080, 2340) d=0 taskParent=-1 inset=Rect(0, 81 - 0, 144)},
10-02 16:19:27.565  2803  3152 V WindowManager:         {WCT{RemoteToken{9828b96 Task{5b9f2a4 #7801 type=standard I=ci.itech.lstracker/.MainActivity}}} m=TO_FRONT f=EDGE_EXTENSION_RESTRICTION p=WCT{RemoteToken{3396708 DefaultTaskDisplayArea_d0@131413958}} leash=Surface(name=Task=7801)/@0x2603958 sb=Rect(0, 0 - 1080, 2340) eb=Rect(0, 0 - 1080, 2340) d=0 taskParent=-1 inset=Rect(0, 81 - 0, 144)},
10-02 16:19:54.227  2803  5660 D WindowManager: updateSystemBarAttributes: displayId=0, focusedCanBeNavColorWin=false, win=Window{616f38a u0 ci.itech.lstracker/ci.itech.lstracker.MainActivity}, navColorWin=Window{616f38a u0 ci.itech.lstracker/ci.itech.lstracker.MainActivity}, caller=com.android.server.wm.DisplayPolicy.finishPostLayoutPolicyLw:17 com.android.server.wm.RootWindowContainer.applySurfaceChangesTransaction$1:194 com.android.server.wm.RootWindowContainer.performSurfacePlacementNoTrace:61 
10-02 16:19:54.367  2803  3242 D ActivityTaskManager: scheduleTopResumedActivityChanged, onTop=false, r=ActivityRecord{114ed37 u0 ci.itech.lstracker/.MainActivity t7801}, caller=com.android.server.wm.ActivityTaskSupervisor.scheduleTopResumedActivityStateLossIfNeeded:11 com.android.server.wm.ActivityTaskSupervisor.updateTopResumedActivityIfNeeded:19 com.android.server.wm.TaskFragment.setResumedActivity:29 com.android.server.wm.ActivityRecord.setState:95 com.android.server.wm.TaskFragment.startPausing$1:210 com.android.server.wm.Task$$ExternalSyntheticLambda3.accept:271 
10-02 16:19:54.383  2803  5660 D WindowManager: Changing focus from Window{616f38a u0 ci.itech.lstracker/ci.itech.lstracker.MainActivity} to null displayId=0 Callers=com.android.server.wm.ActivityRecord.commitVisibility:204 com.android.server.wm.ActivityRecord.setVisibility:586 com.android.server.wm.ActivityRecord.makeInvisible:39 com.android.server.wm.EnsureActivitiesVisibleHelper.process:637 
10-02 16:19:54.387  2803  5660 V WindowManager: Setting visibility of Window{616f38a u0 ci.itech.lstracker/ci.itech.lstracker.MainActivity}: false, caller=com.android.server.wm.WindowContainer.sendAppVisibilityToClients:19 com.android.server.wm.WindowToken.setClientVisible:49 com.android.server.wm.ActivityRecord.setClientVisible:8 com.android.server.wm.ActivityRecord.commitVisibility:273 com.android.server.wm.ActivityRecord.setVisibility:586 
10-02 16:19:54.390  2803  3155 D SGM:FgCheckThread: notePauseComponent(), received pkgName: ci.itech.lstracker, userId: 0
10-02 16:19:54.390  2803  3155 D SGM:FgCheckThread: notePauseComponent(), received pkgName: ci.itech.lstracker, userId: 0
10-02 16:19:54.390  2803  3155 D SGM:FgCheckThread: notifyFocusInOut(). of pkg: ci.itech.lstracker, type: 20, isSecGameFamily: false, userId: 0
10-02 16:19:54.391  2803  3155 D SGM:GameManager: identifyGamePackage. ci.itech.lstracker, mCurrentUserId: 0, callerUserId: 0, callingMethodInfo: com.samsung.android.game.SemGameManager.isGamePackage(SemGameManager.java:105)
10-02 16:19:54.391  2803  3155 D SGM:SemGameManager: isGamePackage(), pkgName=ci.itech.lstracker, ret=false
10-02 16:19:54.459  2803  7130 E WindowManager: win=Window{616f38a u0 ci.itech.lstracker/ci.itech.lstracker.MainActivity} destroySurfaces: appStopped=true cleanupOnResume=false win.mWindowRemovalAllowed=false win.mRemoveOnExit=false win.mViewVisibility=8 caller=com.android.server.wm.ActivityRecord.destroySurfaces:25 com.android.server.wm.ActivityRecord.activityStopped:204 com.android.server.wm.ActivityClientController.activityStopped:95 android.app.IActivityClientController$Stub.onTransact:722 com.android.server.wm.ActivityClientController.onTransact:1 android.os.Binder.execTransactInternal:1541 android.os.Binder.execTransact:1480 
10-02 16:19:54.459  2803  3155 D SGM:FgCheckThread: getForegroundApp(), foregroundPkgName=ci.itech.lstracker
10-02 16:19:54.459  2803  7130 I WindowManager: Destroying surface Surface(name=ci.itech.lstracker/ci.itech.lstracker.MainActivity$_20482)/@0x9f05761 called by com.android.server.wm.WindowStateAnimator.destroySurface:11 com.android.server.wm.WindowStateAnimator.destroySurfaceLocked:54 com.android.server.wm.WindowState.destroySurfaceUnchecked:5 com.android.server.wm.WindowState.destroySurface:126 com.android.server.wm.ActivityRecord.destroySurfaces:25 com.android.server.wm.ActivityRecord.activityStopped:204 com.android.server.wm.ActivityClientController.activityStopped:95 android.app.IActivityClientController$Stub.onTransact:722 
10-02 16:19:54.459  2803  3155 D SGM:FgCheckThread: pkgName: ci.itech.lstracker is not in foreground
10-02 16:19:54.727  2803  7123 D SGM:GameManager: identifyForegroundApp. ci.itech.lstracker, mCurrentUserId: 0, callerUserId: 0
10-02 16:20:55.340  2803  3231 D FreecessController: FZ : ci.itech.lstracker(10491) [20482] reason: LEV
10-02 16:21:38.126  2803  3685 D SGM:FgCheckThread: handleLcdOn(). getPkgName: ci.itech.lstracker, getUserId: 0
10-02 16:21:38.134  2803  2803 D FreecessController: UFZ : ci.itech.lstracker(10491) [20482] reason: TopApp-ScreenOn
10-02 16:21:38.208  2803  3783 D MdnieScenarioControlService:  packageName : ci.itech.lstracker    className : ci.itech.lstracker.MainActivity
10-02 16:21:39.263  2803  4091 V WindowManager: Collecting in transition 367: ActivityRecord{114ed37 u0 ci.itech.lstracker/.MainActivity t7801}, caller=com.android.server.wm.TransitionController.collect:7 com.android.server.wm.ActivityRecord.setVisibility:189 com.android.server.wm.TaskFragment.resumeTopActivity:1735 com.android.server.wm.Task.resumeTopActivityInnerLocked:98 com.android.server.wm.Task.resumeTopActivityUncheckedLocked:23 
10-02 16:21:39.263  2803  4091 D WindowManager: prepareSync <SYNC_STATE_WAITING_FOR_DRAW>, mPrepareSyncSeqId=0, win=Window{616f38a u0 ci.itech.lstracker/ci.itech.lstracker.MainActivity}
10-02 16:21:39.264  2803  4091 V WindowManager: Setting visibility of Window{616f38a u0 ci.itech.lstracker/ci.itech.lstracker.MainActivity}: true, caller=com.android.server.wm.WindowContainer.sendAppVisibilityToClients:19 com.android.server.wm.WindowToken.setClientVisible:49 com.android.server.wm.ActivityRecord.setVisibility:392 com.android.server.wm.TaskFragment.resumeTopActivity:1735 com.android.server.wm.Task.resumeTopActivityInnerLocked:98 
10-02 16:21:39.264  2803  4091 D ActivityTaskManager: scheduleTopResumedActivityChanged, onTop=true, r=ActivityRecord{114ed37 u0 ci.itech.lstracker/.MainActivity t7801}, caller=com.android.server.wm.ActivityTaskSupervisor.updateTopResumedActivityIfNeeded:62 com.android.server.wm.TaskFragment.setResumedActivity:29 com.android.server.wm.ActivityRecord.setState:104 com.android.server.wm.TaskFragment.resumeTopActivity:1817 com.android.server.wm.Task.resumeTopActivityInnerLocked:98 com.android.server.wm.Task.resumeTopActivityUncheckedLocked:23 
10-02 16:21:39.264  2803  4091 D WindowManager: rotationForOrientation, orientationSource=ActivityRecord{114ed37 u0 ci.itech.lstracker/.MainActivity t7801}
10-02 16:21:39.265  2803  4091 D WindowManagerServiceExt: updateTaskbarTargetIfNeeded: cn=ComponentInfo{ci.itech.lstracker/ci.itech.lstracker.MainActivity} occludesParent=true isInSplitScreenMode=false styleFloating=false
10-02 16:21:39.266  2803  4091 V WindowManager: Add starting ActivityRecord{114ed37 u0 ci.itech.lstracker/.MainActivity t7801}: startingData=SplashScreenStartingData{1e62390 waitForSyncTransactionCommit=false removeAfterTransaction= 0}
10-02 16:21:39.266  2803  4091 V WindowManager: Added starting ActivityRecord{114ed37 u0 ci.itech.lstracker/.MainActivity t7801}: startingWindow=null startingView=com.android.server.wm.StartingSurfaceController$StartingSurface@f333489
10-02 16:21:39.268  2803  3156 D BLASTSyncEngine: SyncGroup 367:  Unfinished container: ActivityRecord{114ed37 u0 ci.itech.lstracker/.MainActivity t7801} mSyncState=2
10-02 16:21:39.270  2803  3155 D SGM:FgCheckThread: noteResumeComponent(), received pkgName: ci.itech.lstracker, userId: 0
10-02 16:21:39.271  2803  3685 D SGM:FgCheckThread: onLooperPrepared(), msg: MSG_APP_RESUME, pkgName: ci.itech.lstracker, userid: 0
10-02 16:21:39.270  7147  4692 I SDHMS:l : handleResumeComponent : put = ci.itech.lstracker, userid = 0 instanceid =116553741
10-02 16:21:39.273  2803  5842 D WindowManager: prepareSync <SYNC_STATE_WAITING_FOR_DRAW>, mPrepareSyncSeqId=0, win=Window{b150bf2 u0 Splash Screen ci.itech.lstracker}
10-02 16:21:39.273  2803  5842 V WindowManager: addWindow: ActivityRecord{114ed37 u0 ci.itech.lstracker/.MainActivity t7801} startingWindow=Window{b150bf2 u0 Splash Screen ci.itech.lstracker}
10-02 16:21:39.283  2803  4597 D CoreBackPreview: Window{b150bf2 u0 Splash Screen ci.itech.lstracker}: Setting back callback OnBackInvokedCallbackInfo{mCallback=android.window.IOnBackInvokedCallback$Stub$Proxy@a9ef8ec, mPriority=0, mIsAnimationCallback=false}
10-02 16:21:39.284  2803  5842 D WindowManager: makeSurface duration=0 name=Splash Screen ci.itech.lstracker$_3983
10-02 16:21:39.284  2803  5842 D BLASTSyncEngine: SyncGroup 367:  Unfinished container: ActivityRecord{114ed37 u0 ci.itech.lstracker/.MainActivity t7801} mSyncState=2
10-02 16:21:39.291  2803  3551 D WindowManager: finishDrawingWindow: Window{b150bf2 u0 Splash Screen ci.itech.lstracker} mDrawState=DRAW_PENDING seqId=0
10-02 16:21:39.291  2803  3551 V WindowManager: Finishing drawing window Window{b150bf2 u0 Splash Screen ci.itech.lstracker}: mDrawState=DRAW_PENDING
10-02 16:21:39.291  2803  3551 V WindowManager: Draw state now committed in Window{b150bf2 u0 Splash Screen ci.itech.lstracker}
10-02 16:21:39.294  2803  3551 V WindowManager: performShowLocked: mDrawState=HAS_DRAWN in Window{b150bf2 u0 Splash Screen ci.itech.lstracker}
10-02 16:21:39.294  2803  3551 V WindowManager: Start calculating TransitionInfo based on participants: {ActivityRecord{114ed37 u0 ci.itech.lstracker/.MainActivity t7801}}
10-02 16:21:39.294  2803  3551 V WindowManager:   Final targets: [Task{5b9f2a4 #7801 type=standard I=ci.itech.lstracker/.MainActivity}, DefaultTaskDisplayArea_d0@131413958]
10-02 16:21:39.296  2803  3551 V WindowManager:         {WCT{RemoteToken{9828b96 Task{5b9f2a4 #7801 type=standard I=ci.itech.lstracker/.MainActivity}}} m=TO_FRONT f=NONE p=WCT{RemoteToken{3396708 DefaultTaskDisplayArea_d0@131413958}} leash=Surface(name=Task=7801)/@0x2603958 sb=Rect(0, 0 - 1080, 2340) eb=Rect(0, 0 - 1080, 2340) d=0 taskParent=-1 inset=Rect(0, 81 - 0, 144)},
10-02 16:21:39.297  2803  3152 V WindowManager:         {WCT{RemoteToken{9828b96 Task{5b9f2a4 #7801 type=standard I=ci.itech.lstracker/.MainActivity}}} m=TO_FRONT f=NONE p=WCT{RemoteToken{3396708 DefaultTaskDisplayArea_d0@131413958}} leash=Surface(name=Task=7801)/@0x2603958 sb=Rect(0, 0 - 1080, 2340) eb=Rect(0, 0 - 1080, 2340) d=0 taskParent=-1 inset=Rect(0, 81 - 0, 144)},
10-02 16:21:39.297  2803  3551 D InsetsSourceProvider: updateFakeControlTarget: fakeControl=InsetsSourceControl: {25d80001 mType=navigationBars mSurfacePosition=Point(0, 0) mInsetsHint=Insets{left=0, top=0, right=0, bottom=0}}, fakeTarget=Window{b150bf2 u0 Splash Screen ci.itech.lstracker}
10-02 16:21:39.297  2803  3551 D InsetsSourceProvider: updateFakeControlTarget: fakeControl=InsetsSourceControl: {ebba0000 mType=statusBars mSurfacePosition=Point(0, 0) mInsetsHint=Insets{left=0, top=0, right=0, bottom=0}}, fakeTarget=Window{b150bf2 u0 Splash Screen ci.itech.lstracker}
10-02 16:21:39.334  2803  2803 D MdnieScenarioControlService:  packageName : ci.itech.lstracker    className : ci.itech.lstracker.MainActivity
10-02 16:21:39.334  2803  3685 D SGM:FgCheckThread:   handleUserPresent(). resume signal is needed for ci.itech.lstracker
10-02 16:21:39.352  2803  2803 D MdnieScenarioControlService:  packageName : ci.itech.lstracker    className : ci.itech.lstracker.MainActivity
10-02 16:21:39.355  2803  3685 D SGM:FgCheckThread:   handleUserPresent(). resume signal is needed for ci.itech.lstracker
10-02 16:21:39.370  2803  3685 D SGM:FgCheckThread:   handleUserPresent(). resume signal is needed for ci.itech.lstracker
10-02 16:21:39.372  2803  2803 D MdnieScenarioControlService:  packageName : ci.itech.lstracker    className : ci.itech.lstracker.MainActivity
10-02 16:21:39.375  2803  4977 D WindowManager: makeSurface duration=1 name=ci.itech.lstracker/ci.itech.lstracker.MainActivity$_20482
10-02 16:21:39.453  2803  7352 D WindowManager: Changing focus from Window{cb20ce8 u0 NotificationShade} to Window{616f38a u0 ci.itech.lstracker/ci.itech.lstracker.MainActivity} displayId=0 Callers=com.android.server.wm.WindowManagerService.relayoutWindowInner:142 com.android.server.wm.WindowManagerService.relayoutWindow:6 com.android.server.wm.Session.relayout:27 com.android.server.wm.Session.relayoutAsync:26 
10-02 16:21:39.454  2803  7352 D InsetsSourceProvider: updateControlForTarget: control=InsetsSourceControl: {25d80001 mType=navigationBars initiallyVisible mSurfacePosition=Point(0, 2196) mInsetsHint=Insets{left=0, top=0, right=0, bottom=144}}, target=Window{616f38a u0 ci.itech.lstracker/ci.itech.lstracker.MainActivity}, from=com.android.server.wm.InsetsStateController.onControlTargetChanged:81 com.android.server.wm.InsetsPolicy.updateBarControlTarget:188 com.android.server.wm.DisplayPolicy.updateSystemBarAttributes:281 com.android.server.wm.WindowManagerService.updateFocusedWindowLocked:375 com.android.server.wm.WindowManagerService.relayoutWindowInner:142 
10-02 16:21:39.455  2803  7352 D InsetsSourceProvider: updateControlForTarget: control=InsetsSourceControl: {ebba0000 mType=statusBars initiallyVisible mSurfacePosition=Point(0, 0) mInsetsHint=Insets{left=0, top=81, right=0, bottom=0}}, target=Window{616f38a u0 ci.itech.lstracker/ci.itech.lstracker.MainActivity}, from=com.android.server.wm.InsetsStateController.onControlTargetChanged:81 com.android.server.wm.InsetsPolicy.updateBarControlTarget:175 com.android.server.wm.DisplayPolicy.updateSystemBarAttributes:281 com.android.server.wm.WindowManagerService.updateFocusedWindowLocked:375 com.android.server.wm.WindowManagerService.relayoutWindowInner:142 
10-02 16:21:39.456  2803  7352 D WindowManager: updateSystemBarAttributes: displayId=0, focusedCanBeNavColorWin=false, win=Window{616f38a u0 ci.itech.lstracker/ci.itech.lstracker.MainActivity}, navColorWin=Window{b150bf2 u0 Splash Screen ci.itech.lstracker}, caller=com.android.server.wm.WindowManagerService.updateFocusedWindowLocked:375 com.android.server.wm.WindowManagerService.relayoutWindowInner:142 com.android.server.wm.WindowManagerService.relayoutWindow:6 
10-02 16:21:39.456  2803  7352 V SystemKeyManager: updateFocusedWindow() is called, ci.itech.lstracker/ci.itech.lstracker.MainActivity
10-02 16:21:39.834  2803  4685 D SGM:GameManager: identifyGamePackage. ci.itech.lstracker, mCurrentUserId: 0, callerUserId: 0, callingMethodInfo: com.samsung.android.game.IGameManagerService$Stub.onTransact(IGameManagerService.java:228)
10-02 16:21:39.957  2803  3155 D SGM:GameManager: identifyForegroundApp. ci.itech.lstracker, mCurrentUserId: 0, callerUserId: 0
10-02 16:21:44.142  2803  5135 D FreecessController: ci.itech.lstracker(10491) is important[12]
10-02 16:21:49.144  2803  5135 D FreecessController: ci.itech.lstracker(10491) is important[12]
10-02 16:21:49.353  2803  5660 V WindowManager: Transition 368: Set Task{5b9f2a4 #7801 type=standard I=ci.itech.lstracker/.MainActivity} as transient-hidden-task, caller=com.android.server.wm.Task.forAllTasks:4 com.android.server.wm.WindowContainer.forAllTasks:2 com.android.server.wm.DisplayArea.forAllTasks:9 
10-02 16:21:49.353  2803  5660 V WindowManager: Collecting in transition 368: Task{5b9f2a4 #7801 type=standard I=ci.itech.lstracker/.MainActivity}, caller=com.android.server.wm.Transition$$ExternalSyntheticLambda16.test:93 com.android.server.wm.Task.forAllTasks:4 com.android.server.wm.WindowContainer.forAllTasks:2 com.android.server.wm.DisplayArea.forAllTasks:9 com.android.server.wm.TransitionController.setTransientLaunch:99 
10-02 16:21:49.354  2803  5660 D ActivityTaskManager: scheduleTopResumedActivityChanged, onTop=false, r=ActivityRecord{114ed37 u0 ci.itech.lstracker/.MainActivity t7801}, caller=com.android.server.wm.ActivityTaskSupervisor.scheduleTopResumedActivityStateLossIfNeeded:11 com.android.server.wm.ActivityTaskSupervisor.updateTopResumedActivityIfNeeded:19 com.android.server.wm.TaskDisplayArea.positionChildAt:270 com.android.server.wm.Task.moveToFront:443 com.android.server.wm.ActivityStartController.startExistingRecents:201 com.android.server.wm.WindowOrganizerController.applyHierarchyOp:31 
10-02 16:21:49.398  2803  3156 V WindowManager: Start calculating TransitionInfo based on participants: {Task{1860b8a #7742 type=recents I=com.sec.android.app.launcher/com.android.quickstep.RecentsActivity}, WallpaperWindowToken{332129d token=android.os.Binder@fc41d74}_<system>, TransientLaunchOverlayToken{598b474 token=android.os.BinderProxy@f315447}, ActivityRecord{5abe1f5 u0 com.sec.android.app.launcher/com.android.quickstep.RecentsActivity t7742}, Task{5b9f2a4 #7801 type=standard I=ci.itech.lstracker/.MainActivity}}
10-02 16:21:49.398  2803  3156 V WindowManager:   Final targets: [TransientLaunchOverlayToken{598b474 token=android.os.BinderProxy@f315447}, Task{1860b8a #7742 type=recents I=com.sec.android.app.launcher/com.android.quickstep.RecentsActivity}, Task{5b9f2a4 #7801 type=standard I=ci.itech.lstracker/.MainActivity}, WallpaperWindowToken{332129d token=android.os.Binder@fc41d74}_<system>]
10-02 16:21:49.400  2803  3156 D WindowManager: setActiveRecents, recents=ActivityRecord{5abe1f5 u0 com.sec.android.app.launcher/com.android.quickstep.RecentsActivity t7742}, task=Task{5b9f2a4 #7801 type=standard I=ci.itech.lstracker/.MainActivity}, caller=com.android.server.wm.InputMonitor.setActiveRecents:32 com.android.server.wm.Transition.handleLegacyRecentsStartBehavior:107 com.android.server.wm.Transition.onTransactionReady:2212 
10-02 16:21:49.401  2803  3156 V WindowManager:         {WCT{RemoteToken{9828b96 Task{5b9f2a4 #7801 type=standard I=ci.itech.lstracker/.MainActivity}}} m=TO_BACK f=NONE leash=Surface(name=Task=7801)/@0x2603958 sb=Rect(0, 0 - 1080, 2340) eb=Rect(0, 0 - 1080, 2340) d=0 taskParent=-1 inset=Rect(0, 81 - 0, 144) dim=true},
10-02 16:21:49.409  2803  3152 V WindowManager:         {WCT{RemoteToken{9828b96 Task{5b9f2a4 #7801 type=standard I=ci.itech.lstracker/.MainActivity}}} m=TO_BACK f=NONE leash=Surface(name=Task=7801)/@0x2603958 sb=Rect(0, 0 - 1080, 2340) eb=Rect(0, 0 - 1080, 2340) d=0 taskParent=-1 inset=Rect(0, 81 - 0, 144) dim=true},
10-02 16:21:49.414  2803  7352 D WindowManager: Changing focus from Window{616f38a u0 ci.itech.lstracker/ci.itech.lstracker.MainActivity} to Window{c103b91 u0 com.sec.android.app.launcher/com.android.quickstep.RecentsActivity} displayId=0 Callers=com.android.server.wm.ActivityTaskManagerService.setLastResumedActivityUncheckLocked:264 com.android.server.wm.ActivityTaskManagerService.setFocusedTask:20 com.android.server.wm.ActivityTaskManagerService.focusTopTask:52 android.app.IActivityTaskManager$Stub.onTransact:1865 
10-02 16:21:49.417  2803  7352 D WindowManager: updateSystemBarAttributes: displayId=0, focusedCanBeNavColorWin=false, win=Window{c103b91 u0 com.sec.android.app.launcher/com.android.quickstep.RecentsActivity}, navColorWin=Window{b150bf2 u0 Splash Screen ci.itech.lstracker}, caller=com.android.server.wm.WindowManagerService.updateFocusedWindowLocked:375 com.android.server.wm.ActivityTaskManagerService.setLastResumedActivityUncheckLocked:264 com.android.server.wm.ActivityTaskManagerService.setFocusedTask:20 
10-02 16:21:49.680  2803  4685 V WindowManager: Setting visibility of Window{616f38a u0 ci.itech.lstracker/ci.itech.lstracker.MainActivity}: false, caller=com.android.server.wm.WindowContainer.sendAppVisibilityToClients:19 com.android.server.wm.WindowToken.setClientVisible:49 com.android.server.wm.ActivityRecord.setClientVisible:8 com.android.server.wm.ActivityRecord.commitVisibility:273 com.android.server.wm.TransitionController.finishTransition:766 
10-02 16:21:49.726  2803  5781 E WindowManager: win=Window{616f38a u0 ci.itech.lstracker/ci.itech.lstracker.MainActivity} destroySurfaces: appStopped=true cleanupOnResume=false win.mWindowRemovalAllowed=false win.mRemoveOnExit=false win.mViewVisibility=8 caller=com.android.server.wm.ActivityRecord.destroySurfaces:25 com.android.server.wm.ActivityRecord.activityStopped:204 com.android.server.wm.ActivityClientController.activityStopped:95 android.app.IActivityClientController$Stub.onTransact:722 com.android.server.wm.ActivityClientController.onTransact:1 android.os.Binder.execTransactInternal:1541 android.os.Binder.execTransact:1480 
10-02 16:21:49.726  2803  5781 I WindowManager: Destroying surface Surface(name=ci.itech.lstracker/ci.itech.lstracker.MainActivity$_20482)/@0xb2aaa17 called by com.android.server.wm.WindowStateAnimator.destroySurface:11 com.android.server.wm.WindowStateAnimator.destroySurfaceLocked:54 com.android.server.wm.WindowState.destroySurfaceUnchecked:5 com.android.server.wm.WindowState.destroySurface:126 com.android.server.wm.ActivityRecord.destroySurfaces:25 com.android.server.wm.ActivityRecord.activityStopped:204 com.android.server.wm.ActivityClientController.activityStopped:95 android.app.IActivityClientController$Stub.onTransact:722 
10-02 16:21:49.726  2803  5781 V WindowManager: Schedule remove starting ActivityRecord{114ed37 u0 ci.itech.lstracker/.MainActivity t7801} startingWindow=Window{b150bf2 u0 Splash Screen ci.itech.lstracker} animate=true Callers=com.android.server.wm.ActivityRecord.removeStartingWindow:150 com.android.server.wm.ActivityRecord.activityStopped:207 com.android.server.wm.ActivityClientController.activityStopped:95 android.app.IActivityClientController$Stub.onTransact:722 com.android.server.wm.ActivityClientController.onTransact:1 
10-02 16:21:49.726  2803  5781 D TaskOrganizerController: applyStartingWindowAnimation, window=Window{616f38a u0 ci.itech.lstracker/ci.itech.lstracker.MainActivity}, caller=com.android.server.wm.TaskOrganizerController.removeStartingWindow:131 com.android.server.wm.StartingSurfaceController$StartingSurface.remove:23 com.android.server.wm.ActivityRecord.removeStartingWindowAnimation:181 
10-02 16:21:49.726  2803  5781 I WindowManager: Reparenting to leash, surface=Surface(name=616f38a ci.itech.lstracker/ci.itech.lstracker.MainActivity)/@0x5c79e04, syncState=0, syncCommitDepth=0, leashParent=Surface(name=ActivityRecord{114ed37 u0 ci.itech.lstracker/.MainActivity t7801})/@0x33bafed
10-02 16:21:49.727  2803  5781 D WindowManager: makeSurface duration=1 leash=Surface(name=Surface(name=616f38a ci.itech.lstracker/ci.itech.lstracker.MainActivity)/@0x5c79e04 - animation-leash of starting_reveal)/@0xf305de9
10-02 16:21:49.730  2803  3155 D SGM:FgCheckThread: pkgName: ci.itech.lstracker is not in foreground
10-02 16:21:49.730  2803  3155 D SGM:FgCheckThread: noteStopComponent(), received pkgName: ci.itech.lstracker, focusedPkgName: com.sec.android.app.launcher, userId: 0
10-02 16:21:49.789  2803  7352 E WindowManager: win=Window{b150bf2 u0 Splash Screen ci.itech.lstracker} destroySurfaces: appStopped=true cleanupOnResume=false win.mWindowRemovalAllowed=false win.mRemoveOnExit=false win.mViewVisibility=8 caller=com.android.server.wm.WindowManagerService.tryStartExitingAnimation:147 com.android.server.wm.WindowManagerService.relayoutWindowInner:112 com.android.server.wm.WindowManagerService.relayoutWindow:6 com.android.server.wm.Session.relayout:27 android.view.IWindowSession$Stub.onTransact:861 com.android.server.wm.Session.onTransact:1 android.os.Binder.execTransactInternal:1536 
10-02 16:21:49.789  2803  7352 I WindowManager: Destroying surface Surface(name=Splash Screen ci.itech.lstracker$_3983)/@0x8a7efa5 called by com.android.server.wm.WindowStateAnimator.destroySurface:11 com.android.server.wm.WindowStateAnimator.destroySurfaceLocked:54 com.android.server.wm.WindowState.destroySurfaceUnchecked:5 com.android.server.wm.WindowState.destroySurface:126 com.android.server.wm.WindowManagerService.tryStartExitingAnimation:147 com.android.server.wm.WindowManagerService.relayoutWindowInner:112 com.android.server.wm.WindowManagerService.relayoutWindow:6 com.android.server.wm.Session.relayout:27 
10-02 16:21:49.792  2803  7352 D CoreBackPreview: Window{b150bf2 u0 Splash Screen ci.itech.lstracker}: Setting back callback null
10-02 16:21:49.793  2803  7352 D WindowManager: Starting window removed Window{b150bf2 u0 Splash Screen ci.itech.lstracker}
10-02 16:21:49.793  2803  7352 I WindowManager: Cancelling animation restarting=false, leash=Surface(name=Surface(name=616f38a ci.itech.lstracker/ci.itech.lstracker.MainActivity)/@0x5c79e04 - animation-leash of starting_reveal)/@0xf305de9
10-02 16:21:49.793  2803  7352 I WindowManager: Reparenting to original parent: Surface(name=ActivityRecord{114ed37 u0 ci.itech.lstracker/.MainActivity t7801})/@0x33bafed, destroy=false, syncState=0, syncCommitDepth=0, surface=Surface(name=616f38a ci.itech.lstracker/ci.itech.lstracker.MainActivity)/@0x5c79e04
10-02 16:21:49.793  2803  7352 V WindowManager: Remove Window{b150bf2 u0 Splash Screen ci.itech.lstracker}: mSurfaceController=null mAnimatingExit=false mRemoveOnExit=false mHasSurface=false surfaceShowing=false animating=false app-animation=false mDisplayFrozen=false callers=com.android.server.wm.Session.remove:16 android.view.IWindowSession$Stub.onTransact:794 com.android.server.wm.Session.onTransact:1 android.os.Binder.execTransactInternal:1536 android.os.Binder.execTransact:1480 <bottom of call stack> 
10-02 16:21:50.179  2803  3155 I ActivityManager: Killing 20482:ci.itech.lstracker/u0a491 (adj 900): remove task
10-02 16:21:50.236  2803  4798 I WindowManager: WIN DEATH: Window{616f38a u0 ci.itech.lstracker/ci.itech.lstracker.MainActivity}
10-02 16:21:50.236  2803  4798 V WindowManager: Remove Window{616f38a u0 ci.itech.lstracker/ci.itech.lstracker.MainActivity}: mSurfaceController=null mAnimatingExit=false mRemoveOnExit=false mHasSurface=false surfaceShowing=false animating=false app-animation=false mDisplayFrozen=false callers=com.android.server.wm.Session.binderDied:118 android.os.IBinder$DeathRecipient.binderDied:339 android.os.BinderProxy.sendDeathNotice:794 <bottom of call stack> <bottom of call stack> <bottom of call stack> 
10-02 16:21:50.243  2803  3155 D SGM:FgCheckThread: pkgName: ci.itech.lstracker is not in foreground
10-02 16:21:50.243  2803  3155 D SGM:FgCheckThread: noteStopComponent(), received pkgName: ci.itech.lstracker, focusedPkgName: com.sec.android.app.launcher, userId: 0
10-02 16:21:50.243  2803  3619 W UsageStatsService: Unexpected activity event reported! (ci.itech.lstracker/ci.itech.lstracker.MainActivity event : 23 instanceId : 116553741)
10-02 16:21:52.103  2803  7352 I Pageboost: start alp : ci.itech.lstracker
10-02 16:21:52.108  2803  3969 I Pageboost: alp for : ci.itech.lstracker , 0
10-02 16:21:52.123  3983  4082 D ShellStartingWindow: preload Icon ci.itech.lstracker
10-02 16:21:52.132  2803  3181 I ActivityManager: Start proc 21640:ci.itech.lstracker/u0a491 for activelaunch {ci.itech.lstracker/ci.itech.lstracker.MainActivity}
10-02 16:21:52.178  2803  5094 I Pageboost: onAppLaunch : ci.itech.lstracker
10-02 16:21:52.181  2803  5094 V WindowManager: Collecting in transition 370: ActivityRecord{74f1f24 u0 ci.itech.lstracker/.MainActivity, caller=com.android.server.wm.TransitionController.collect:7 com.android.server.wm.ActivityStarter.startActivityUnchecked:626 com.android.server.wm.ActivityStarter.executeRequest:3365 com.android.server.wm.ActivityStarter.execute:1122 com.android.server.wm.ActivityTaskManagerService.startActivityAsUser:88 
10-02 16:21:52.181  2803  5094 D ActivityTaskManager: TaskLaunchParamsModifier:task=null activity=ActivityRecord{74f1f24 u0 ci.itech.lstracker/.MainActivity t-1} display-from-option=0 display-id=0 task-display-area-windowing-mode=1 suggested-display-area=DefaultTaskDisplayArea_d0@131413958
10-02 16:21:52.181  2803  5094 D ActivityTaskManager: TaskLaunchParamsModifier:task=null activity=ActivityRecord{74f1f24 u0 ci.itech.lstracker/.MainActivity t-1} display-from-option=0 display-id=0 task-display-area-windowing-mode=1 suggested-display-area=DefaultTaskDisplayArea_d0@131413958 inherit-from-source=fullscreen non-freeform-task-display-area display-area=DefaultTaskDisplayArea_d0@131413958 default-portrait freeform-size-mismatch=Rect(81, 553 - 999, 1723)
10-02 16:21:52.184  2803  5094 D ActivityTaskManager: TaskLaunchParamsModifier:task=Task{2056a8d #7802 type=standard I=ci.itech.lstracker/.MainActivity} activity=ActivityRecord{74f1f24 u0 ci.itech.lstracker/.MainActivity t-1} display-from-option=0 display-id=0 task-display-area-windowing-mode=1 suggested-display-area=DefaultTaskDisplayArea_d0@131413958 inherit-from-source=fullscreen non-freeform-task-display-area display-area=DefaultTaskDisplayArea_d0@131413958 default-portrait freeform-size-mismatch=Rect(81, 553 - 999, 1723)
10-02 16:21:52.184  2803  5094 V WindowManager: Collecting in transition 370: Task{2056a8d #7802 type=standard I=ci.itech.lstracker/.MainActivity}, caller=com.android.server.wm.Transition.collectExistenceChange:42 com.android.server.wm.ActivityStarter.setNewTask:43 com.android.server.wm.ActivityStarter.startActivityInner:2218 com.android.server.wm.ActivityStarter.startActivityUnchecked:639 com.android.server.wm.ActivityStarter.executeRequest:3365 
10-02 16:21:52.187  2803  5094 V WindowManager: Add starting ActivityRecord{74f1f24 u0 ci.itech.lstracker/.MainActivity t7802}: startingData=SplashScreenStartingData{5f10990 waitForSyncTransactionCommit=false removeAfterTransaction= 0}
10-02 16:21:52.187  2803  5094 V WindowManager: Added starting ActivityRecord{74f1f24 u0 ci.itech.lstracker/.MainActivity t7802}: startingWindow=null startingView=com.android.server.wm.StartingSurfaceController$StartingSurface@deb2289
10-02 16:21:52.189  2803  5094 V WindowManager: Collecting in transition 370: ActivityRecord{74f1f24 u0 ci.itech.lstracker/.MainActivity t7802}, caller=com.android.server.wm.Transition.collectExistenceChange:42 com.android.server.wm.ActivityStarter.handleStartResult:523 com.android.server.wm.ActivityStarter.startActivityUnchecked:653 com.android.server.wm.ActivityStarter.executeRequest:3365 com.android.server.wm.ActivityStarter.execute:1122 
10-02 16:21:52.190  3983  4044 V WindowManagerShell: Transition requested (#370): android.os.BinderProxy@76739c8 TransitionRequestInfo { type = OPEN, triggerTask = TaskInfo{userId=0 taskId=7802 displayId=0 isRunning=true baseIntent=Intent { act=android.intent.action.MAIN cat=[android.intent.category.LAUNCHER] flg=0x10200000 cmp=ci.itech.lstracker/.MainActivity } baseActivity=ComponentInfo{ci.itech.lstracker/ci.itech.lstracker.MainActivity} topActivity=ComponentInfo{ci.itech.lstracker/ci.itech.lstracker.MainActivity} origActivity=null realActivity=ComponentInfo{ci.itech.lstracker/ci.itech.lstracker.MainActivity} numActivities=1 lastActiveTime=9294794 supportsMultiWindow=true resizeMode=1 isResizeable=true minWidth=-1 minHeight=-1 maxWidth=-1 maxHeight=-1 defaultMinSize=220 token=WCT{android.window.IWindowContainerToken$Stub$Proxy@33eba61} topActivityType=1 pictureInPictureParams=null shouldDockBigOverlays=false launchIntoPipHostTaskId=-1 lastParentTaskIdBeforePip=-1 displayCutoutSafeInsets=Rect(0, 81 - 0, 0) topActivityInfo=ActivityInfo{6851986 ci.itech.lstracker.MainActivity} launchCookies=[android.os.BinderProxy@816e247] positionInParent=Point(0, 0) parentTaskId=-1 isFocused=false isVisible=false isVisibleRequested=false isSleeping=false topActivityInSizeCompat=false locusId=null displayAreaFeatureId=1 isTopActivityTransparent=false isTopActivityStyleFloating=false appCompatTaskInfo=AppCompatTaskInfo { topActivityInSizeCompat=false eligibleForLetterboxEducation= false isLetterboxEducationEnabled= false isLetterboxDoubleTapEnabled= false eligibleForUserAspectRatioButton= false topActivityBoundsLetterboxed= false isFromLetterboxDoubleTap= false topActivityLetterboxVerticalPosition= -1 topActivityLetterboxHorizontalPosition= -1 topActivityLetterboxWidth=1080 topActivityLetterboxHeight=2340 topActivityLetterboxAppWidth=1080 topActivityLetterboxAppHeight=2340 isUserFullscreenOverrideEnabled=false isSystemFullscreenOverrideEnabled=false hasMinAspectRatioOverride=false cameraCompatTaskInfo=CameraCompatTaskInfo { freeformCameraCompatMode=inactive} topActivityBounds=null topActivityInDisplayCompat=false} originallySupportedMultiWindow=true hasWallpaper=false rootAffinity=null isTopTaskInStage=false topActivityUiMode=33 CoverLauncherWidgetTask=false isAllowedSeamlessRotation=false isTopTransparentActivity=false snappingGuideBounds=Rect(81, 553 - 999, 1723) isAliasManaged=false hasConfigChanged=false isAiKeyRemoveAppTask=false}, pipTask = null, remoteTransition = RemoteTransition { remoteTransition = android.window.IRemoteTransition$Stub$Proxy@49a2a74, appThread = android.app.IApplicationThread$Stub$Proxy@84b9b9d, debugName = QuickstepLaunchflags =NONE }, displayChange = null, flags = 0, debugId = 370 }
10-02 16:21:52.190  2803  5094 I ActivityTaskManager: START u0 {act=android.intent.action.MAIN cat=[android.intent.category.LAUNCHER] flg=0x10200000 cmp=ci.itech.lstracker/.MainActivity bnds=[539,228][788,505]} with LAUNCH_SINGLE_TOP from uid 10145 (BAL_ALLOW_VISIBLE_WINDOW) result code=0
10-02 16:21:52.192  2803  4977 D WindowManager: prepareSync <SYNC_STATE_WAITING_FOR_DRAW>, mPrepareSyncSeqId=0, win=Window{8852ebc u0 Splash Screen ci.itech.lstracker}
10-02 16:21:52.193  2803  4977 V WindowManager: addWindow: ActivityRecord{74f1f24 u0 ci.itech.lstracker/.MainActivity t7802} startingWindow=Window{8852ebc u0 Splash Screen ci.itech.lstracker}
10-02 16:21:52.195  2803  4091 V WindowManager: Collecting in transition 370: ActivityRecord{74f1f24 u0 ci.itech.lstracker/.MainActivity t7802}, caller=com.android.server.wm.TransitionController.collect:7 com.android.server.wm.ActivityRecord.setVisibility:189 com.android.server.wm.EnsureActivitiesVisibleHelper.process:561 com.android.server.wm.TaskFragment.updateActivityVisibilities:12 com.android.server.wm.Task$$ExternalSyntheticLambda3.accept:399 
10-02 16:21:52.195  2803  4091 D WindowManager: rotationForOrientation, orientationSource=ActivityRecord{74f1f24 u0 ci.itech.lstracker/.MainActivity t7802}
10-02 16:21:52.196  2803  4091 V WindowManager: Collecting in transition 370: ActivityRecord{74f1f24 u0 ci.itech.lstracker/.MainActivity t7802}, caller=com.android.server.wm.TransitionController.collect:7 com.android.server.wm.ActivityRecord.setVisibility:189 com.android.server.wm.ActivityTaskSupervisor.realStartActivityLocked:234 com.android.server.wm.ActivityTaskSupervisor.startSpecificActivity:27 com.android.server.wm.TaskFragment.resumeTopActivity:2204 
10-02 16:21:52.196  2803  4091 D SGM:FgCheckThread: notifyAppCreated(), packageName: ci.itech.lstracker, userId: 0, sendRet: true
10-02 16:21:52.196  2803  3685 D SGM:FgCheckThread: onLooperPrepared(), msg: MSG_APP_CREATE, pkgName: ci.itech.lstracker, userId: 0
10-02 16:21:52.197  2803  4091 D SGM:FgCheckThread:   sendRunningComponentFocus(), pkgName: ci.itech.lstracker, userId: 0
10-02 16:21:52.197 21640 21640 D ActivityThread: ci.itech.lstracker will use render engine as VK
10-02 16:21:52.198  2803  4091 D ActivityTaskManager: scheduleTopResumedActivityChanged, onTop=true, r=ActivityRecord{74f1f24 u0 ci.itech.lstracker/.MainActivity t7802}, caller=com.android.server.wm.ActivityTaskSupervisor.updateTopResumedActivityIfNeeded:62 com.android.server.wm.TaskFragment.setResumedActivity:29 com.android.server.wm.ActivityRecord.setState:104 com.android.server.wm.ActivityTaskSupervisor.realStartActivityLocked:949 com.android.server.wm.ActivityTaskSupervisor.startSpecificActivity:27 com.android.server.wm.TaskFragment.resumeTopActivity:2204 
10-02 16:21:52.198  2803  4091 D WindowManagerServiceExt: updateTaskbarTargetIfNeeded: cn=ComponentInfo{ci.itech.lstracker/ci.itech.lstracker.MainActivity} occludesParent=true isInSplitScreenMode=false styleFloating=false
10-02 16:21:52.198  2803  3685 D SGM:FgCheckThread: onLooperPrepared(), msg: MSG_TASK_FOCUSED, pkgName: ci.itech.lstracker, userId: 0
10-02 16:21:52.199  2803  4091 D BLASTSyncEngine: SyncGroup 370:  Unfinished container: ActivityRecord{74f1f24 u0 ci.itech.lstracker/.MainActivity t7802} mSyncState=2
10-02 16:21:52.199  2803  3685 D SGM:FgCheckThread:   handleTaskFocused(), pkgName: ci.itech.lstracker, userID:0
10-02 16:21:52.199  2803  3685 D SGM:FgCheckThread:   handleResume(). pkgName: ci.itech.lstracker, userId: 0, category: non-game
10-02 16:21:52.199  2803  3685 D SGM:FgCheckThread: notifyFocusInOut(). of pkg: ci.itech.lstracker, type: 4, isSecGameFamily: false, userId: 0
10-02 16:21:52.201  2803  3155 D GMR     : fg_async : 21640 ci.itech.lstracker
10-02 16:21:52.201  2803  3198 D GMR     : fg : 21640 ci.itech.lstracker
10-02 16:21:52.206  2803  4977 D WindowManager: makeSurface duration=1 name=Splash Screen ci.itech.lstracker$_3983
10-02 16:21:52.207  2803  4977 D BLASTSyncEngine: SyncGroup 370:  Unfinished container: ActivityRecord{74f1f24 u0 ci.itech.lstracker/.MainActivity t7802} mSyncState=2
10-02 16:21:52.207  2803  4091 D CoreBackPreview: Window{8852ebc u0 Splash Screen ci.itech.lstracker}: Setting back callback OnBackInvokedCallbackInfo{mCallback=android.window.IOnBackInvokedCallback$Stub$Proxy@264bff9, mPriority=0, mIsAnimationCallback=false}
10-02 16:21:52.213  2803  4091 D WindowManager: finishDrawingWindow: Window{8852ebc u0 Splash Screen ci.itech.lstracker} mDrawState=DRAW_PENDING seqId=0
10-02 16:21:52.213  2803  4091 V WindowManager: Finishing drawing window Window{8852ebc u0 Splash Screen ci.itech.lstracker}: mDrawState=DRAW_PENDING
10-02 16:21:52.213  2803  4091 V WindowManager: Draw state now committed in Window{8852ebc u0 Splash Screen ci.itech.lstracker}
10-02 16:21:52.214  2803  3156 V WindowManager: performShowLocked: mDrawState=HAS_DRAWN in Window{8852ebc u0 Splash Screen ci.itech.lstracker}
10-02 16:21:52.214  2803  3156 V WindowManager: Start calculating TransitionInfo based on participants: {ActivityRecord{15dde6b u0 com.sec.android.app.launcher/.activities.LauncherActivity t7739}, Task{2056a8d #7802 type=standard I=ci.itech.lstracker/.MainActivity}, WallpaperWindowToken{332129d token=android.os.Binder@fc41d74}_<system>, ActivityRecord{74f1f24 u0 ci.itech.lstracker/.MainActivity t7802}, WallpaperWindowToken{c239ef3 token=android.os.Binder@247070a}_<lock>}
10-02 16:21:52.214  2803  3156 V WindowManager:   Final targets: [Task{2056a8d #7802 type=standard I=ci.itech.lstracker/.MainActivity}, Task{f0b594d #1 type=home}, WallpaperWindowToken{332129d token=android.os.Binder@fc41d74}_<system>]
10-02 16:21:52.216  2803  3155 D SGM:FgCheckThread: noteResumeComponent(), received pkgName: ci.itech.lstracker, userId: 0
10-02 16:21:52.216  7147  7746 I SDHMS:l : handleResumeComponent : put = ci.itech.lstracker, userid = 0 instanceid =23567443
10-02 16:21:52.216  2803  3685 D SGM:FgCheckThread: onLooperPrepared(), msg: MSG_APP_RESUME, pkgName: ci.itech.lstracker, userid: 0
10-02 16:21:52.216  2803  3685 D SGM:FgCheckThread:   handleResume(). pkgName: ci.itech.lstracker, userId: 0, category: non-game
10-02 16:21:52.216  2803  3156 V WindowManager:         {WCT{RemoteToken{d819ec6 Task{2056a8d #7802 type=standard I=ci.itech.lstracker/.MainActivity}}} m=OPEN f=NONE leash=Surface(name=Task=7802)/@0x4026d08 sb=Rect(0, 0 - 1080, 2340) eb=Rect(0, 0 - 1080, 2340) d=0 taskParent=-1 inset=Rect(0, 81 - 0, 144) dim=true},
10-02 16:21:52.216  2803  3685 D SGM:FgCheckThread: notifyFocusInOut(). of pkg: ci.itech.lstracker, type: 4, isSecGameFamily: false, userId: 0
