10-02 16:21:52.217  2803  3152 V WindowManager: Sent Transition (#370) createdAt=10-02 16:21:52.181 via request=TransitionRequestInfo { type = OPEN, triggerTask = TaskInfo{userId=0 taskId=7802 displayId=0 isRunning=true baseIntent=Intent { act=android.intent.action.MAIN cat=[android.intent.category.LAUNCHER] flg=0x10200000 cmp=ci.itech.lstracker/.MainActivity } baseActivity=ComponentInfo{ci.itech.lstracker/ci.itech.lstracker.MainActivity} topActivity=ComponentInfo{ci.itech.lstracker/ci.itech.lstracker.MainActivity} origActivity=null realActivity=ComponentInfo{ci.itech.lstracker/ci.itech.lstracker.MainActivity} numActivities=1 lastActiveTime=9294794 supportsMultiWindow=true resizeMode=1 isResizeable=true minWidth=-1 minHeight=-1 maxWidth=-1 maxHeight=-1 defaultMinSize=220 token=WCT{RemoteToken{d819ec6 Task{2056a8d #7802 type=standard I=ci.itech.lstracker/.MainActivity}}} topActivityType=1 pictureInPictureParams=null shouldDockBigOverlays=false launchIntoPipHostTaskId=-1 lastParentTaskIdBeforePip=-1 displayCutoutSafeInsets=Rect(0, 81 - 0, 0) topActivityInfo=ActivityInfo{cd551b4 ci.itech.lstracker.MainActivity} launchCookies=[android.os.BinderProxy@af0d1dd] positionInParent=Point(0, 0) parentTaskId=-1 isFocused=false isVisible=false isVisibleRequested=false isSleeping=false topActivityInSizeCompat=false locusId=null displayAreaFeatureId=1 isTopActivityTransparent=false isTopActivityStyleFloating=false appCompatTaskInfo=AppCompatTaskInfo { topActivityInSizeCompat=false eligibleForLetterboxEducation= false isLetterboxEducationEnabled= false isLetterboxDoubleTapEnabled= false eligibleForUserAspectRatioButton= false topActivityBoundsLetterboxed= false isFromLetterboxDoubleTap= false topActivityLetterboxVerticalPosition= -1 topActivityLetterboxHorizontalPosition= -1 topActivityLetterboxWidth=1080 topActivityLetterboxHeight=2340 topActivityLetterboxAppWidth=1080 topActivityLetterboxAppHeight=2340 isUserFullscreenOverrideEnabled=false isSystemFullscreenOverrideEnabled=false hasMinAspectRatioOverride=false cameraCompatTaskInfo=CameraCompatTaskInfo { freeformCameraCompatMode=inactive} topActivityBounds=null topActivityInDisplayCompat=false} originallySupportedMultiWindow=true hasWallpaper=false rootAffinity=null isTopTaskInStage=false topActivityUiMode=33 CoverLauncherWidgetTask=false isAllowedSeamlessRotation=false isTopTransparentActivity=false snappingGuideBounds=Rect(81, 553 - 999, 1723) isAliasManaged=false hasConfigChanged=false isAiKeyRemoveAppTask=false}, pipTask = null, remoteTransition = RemoteTransition { remoteTransition = android.window.IRemoteTransition$Stub$Proxy@668e152, appThread = android.app.IApplicationThread$Stub$Proxy@6bb1c23, debugName = QuickstepLaunchflags =NONE }, displayChange = null, flags = 0, debugId = 370 }
10-02 16:21:52.217  2803  3152 V WindowManager:         {WCT{RemoteToken{d819ec6 Task{2056a8d #7802 type=standard I=ci.itech.lstracker/.MainActivity}}} m=OPEN f=NONE leash=Surface(name=Task=7802)/@0x4026d08 sb=Rect(0, 0 - 1080, 2340) eb=Rect(0, 0 - 1080, 2340) d=0 taskParent=-1 inset=Rect(0, 81 - 0, 144) dim=true},
10-02 16:21:52.313  2803  3089 D CoreBackPreview: Window{5f16803 u0 ci.itech.lstracker/ci.itech.lstracker.MainActivity}: Setting back callback OnBackInvokedCallbackInfo{mCallback=android.window.IOnBackInvokedCallback$Stub$Proxy@fda4c75, mPriority=0, mIsAnimationCallback=false}
10-02 16:21:52.314  2803  5094 D WindowManager: makeSurface duration=0 name=ci.itech.lstracker/ci.itech.lstracker.MainActivity$_21640
10-02 16:21:52.315  2803  5094 D InsetsSourceProvider: updateControlForTarget: control=InsetsSourceControl: {25d80001 mType=navigationBars initiallyVisible mSurfacePosition=Point(0, 2196) mInsetsHint=Insets{left=0, top=0, right=0, bottom=144}}, target=Window{8852ebc u0 Splash Screen ci.itech.lstracker}, from=com.android.server.wm.InsetsStateController.onControlTargetChanged:81 com.android.server.wm.InsetsPolicy.updateBarControlTarget:188 com.android.server.wm.DisplayPolicy.updateSystemBarAttributes:281 com.android.server.wm.DisplayPolicy.finishPostLayoutPolicyLw:17 com.android.server.wm.RootWindowContainer.applySurfaceChangesTransaction$1:194 
10-02 16:21:52.315  2803  5094 D InsetsSourceProvider: updateControlForTarget: control=InsetsSourceControl: {ebba0000 mType=statusBars initiallyVisible mSurfacePosition=Point(0, 0) mInsetsHint=Insets{left=0, top=81, right=0, bottom=0}}, target=Window{8852ebc u0 Splash Screen ci.itech.lstracker}, from=com.android.server.wm.InsetsStateController.onControlTargetChanged:81 com.android.server.wm.InsetsPolicy.updateBarControlTarget:175 com.android.server.wm.DisplayPolicy.updateSystemBarAttributes:281 com.android.server.wm.DisplayPolicy.finishPostLayoutPolicyLw:17 com.android.server.wm.RootWindowContainer.applySurfaceChangesTransaction$1:194 
10-02 16:21:52.316  2803  5094 D WindowManager: updateSystemBarAttributes: displayId=0, focusedCanBeNavColorWin=false, win=Window{8852ebc u0 Splash Screen ci.itech.lstracker}, navColorWin=Window{8852ebc u0 Splash Screen ci.itech.lstracker}, caller=com.android.server.wm.DisplayPolicy.finishPostLayoutPolicyLw:17 com.android.server.wm.RootWindowContainer.applySurfaceChangesTransaction$1:194 com.android.server.wm.RootWindowContainer.performSurfacePlacementNoTrace:61 
10-02 16:21:52.316  2803  5094 D WindowManager: Changing focus from null to Window{5f16803 u0 ci.itech.lstracker/ci.itech.lstracker.MainActivity} displayId=0 Callers=com.android.server.wm.WindowManagerService.relayoutWindowInner:142 com.android.server.wm.WindowManagerService.relayoutWindow:6 com.android.server.wm.Session.relayout:27 android.view.IWindowSession$Stub.onTransact:861 
10-02 16:21:52.317  2803  5094 D InsetsSourceProvider: updateControlForTarget: control=InsetsSourceControl: {25d80001 mType=navigationBars initiallyVisible mSurfacePosition=Point(0, 2196) mInsetsHint=Insets{left=0, top=0, right=0, bottom=144}}, target=Window{5f16803 u0 ci.itech.lstracker/ci.itech.lstracker.MainActivity}, from=com.android.server.wm.InsetsStateController.onControlTargetChanged:81 com.android.server.wm.InsetsPolicy.updateBarControlTarget:188 com.android.server.wm.DisplayPolicy.updateSystemBarAttributes:281 com.android.server.wm.WindowManagerService.updateFocusedWindowLocked:375 com.android.server.wm.WindowManagerService.relayoutWindowInner:142 
10-02 16:21:52.317  2803  5094 D InsetsSourceProvider: updateControlForTarget: control=InsetsSourceControl: {ebba0000 mType=statusBars initiallyVisible mSurfacePosition=Point(0, 0) mInsetsHint=Insets{left=0, top=81, right=0, bottom=0}}, target=Window{5f16803 u0 ci.itech.lstracker/ci.itech.lstracker.MainActivity}, from=com.android.server.wm.InsetsStateController.onControlTargetChanged:81 com.android.server.wm.InsetsPolicy.updateBarControlTarget:175 com.android.server.wm.DisplayPolicy.updateSystemBarAttributes:281 com.android.server.wm.WindowManagerService.updateFocusedWindowLocked:375 com.android.server.wm.WindowManagerService.relayoutWindowInner:142 
10-02 16:21:52.318  2803  5094 V SystemKeyManager: updateFocusedWindow() is called, ci.itech.lstracker/ci.itech.lstracker.MainActivity
10-02 16:21:52.332  2803  3783 D MdnieScenarioControlService:  packageName : ci.itech.lstracker    className : ci.itech.lstracker.MainActivity
10-02 16:21:52.818  2803  3155 D SGM:GameManager: identifyForegroundApp. ci.itech.lstracker, mCurrentUserId: 0, callerUserId: 0
10-02 16:22:02.232  2803  3155 D SGM:FgCheckThread: getForegroundApp(), foregroundPkgName=ci.itech.lstracker
10-02 16:22:02.232  2803  3155 D SGM:FgCheckThread: noteStopComponent(), received pkgName: com.sec.android.app.launcher, focusedPkgName: ci.itech.lstracker, userId: 0
10-02 16:22:02.367  2803  3783 D MdnieScenarioControlService:  packageName : ci.itech.lstracker    className : ci.itech.lstracker.MainActivity
10-02 16:22:44.877  2803  3242 D ActivityTaskManager: scheduleTopResumedActivityChanged, onTop=false, r=ActivityRecord{74f1f24 u0 ci.itech.lstracker/.MainActivity t7802}, caller=com.android.server.wm.ActivityTaskSupervisor.scheduleTopResumedActivityStateLossIfNeeded:11 com.android.server.wm.ActivityTaskSupervisor.updateTopResumedActivityIfNeeded:19 com.android.server.wm.TaskFragment.setResumedActivity:29 com.android.server.wm.ActivityRecord.setState:95 com.android.server.wm.TaskFragment.startPausing$1:210 com.android.server.wm.Task$$ExternalSyntheticLambda3.accept:271 
10-02 16:22:44.883  2803  3089 D WindowManager: Changing focus from Window{5f16803 u0 ci.itech.lstracker/ci.itech.lstracker.MainActivity} to null displayId=0 Callers=com.android.server.wm.ActivityRecord.commitVisibility:204 com.android.server.wm.ActivityRecord.setVisibility:586 com.android.server.wm.ActivityRecord.makeInvisible:39 com.android.server.wm.EnsureActivitiesVisibleHelper.process:637 
10-02 16:22:44.884  2803  3089 D InsetsSourceProvider: updateControlForTarget: control=InsetsSourceControl: {25d80001 mType=navigationBars initiallyVisible mSurfacePosition=Point(0, 2196) mInsetsHint=Insets{left=0, top=0, right=0, bottom=144}}, target=Window{8852ebc u0 Splash Screen ci.itech.lstracker}, from=com.android.server.wm.InsetsStateController.onControlTargetChanged:81 com.android.server.wm.InsetsPolicy.updateBarControlTarget:188 com.android.server.wm.DisplayPolicy.updateSystemBarAttributes:281 com.android.server.wm.WindowManagerService.updateFocusedWindowLocked:375 com.android.server.wm.ActivityRecord.commitVisibility:204 
10-02 16:22:44.885  2803  3089 D InsetsSourceProvider: updateControlForTarget: control=InsetsSourceControl: {ebba0000 mType=statusBars initiallyVisible mSurfacePosition=Point(0, 0) mInsetsHint=Insets{left=0, top=81, right=0, bottom=0}}, target=Window{8852ebc u0 Splash Screen ci.itech.lstracker}, from=com.android.server.wm.InsetsStateController.onControlTargetChanged:81 com.android.server.wm.InsetsPolicy.updateBarControlTarget:175 com.android.server.wm.DisplayPolicy.updateSystemBarAttributes:281 com.android.server.wm.WindowManagerService.updateFocusedWindowLocked:375 com.android.server.wm.ActivityRecord.commitVisibility:204 
10-02 16:22:44.886  2803  3089 V WindowManager: Setting visibility of Window{5f16803 u0 ci.itech.lstracker/ci.itech.lstracker.MainActivity}: false, caller=com.android.server.wm.WindowContainer.sendAppVisibilityToClients:19 com.android.server.wm.WindowToken.setClientVisible:49 com.android.server.wm.ActivityRecord.setClientVisible:8 com.android.server.wm.ActivityRecord.commitVisibility:273 com.android.server.wm.ActivityRecord.setVisibility:586 
10-02 16:22:44.890  2803  3155 D SGM:FgCheckThread: notePauseComponent(), received pkgName: ci.itech.lstracker, userId: 0
10-02 16:22:44.890  2803  3155 D SGM:FgCheckThread: notePauseComponent(), received pkgName: ci.itech.lstracker, userId: 0
10-02 16:22:44.890  2803  3155 D SGM:FgCheckThread: notifyFocusInOut(). of pkg: ci.itech.lstracker, type: 20, isSecGameFamily: false, userId: 0
10-02 16:22:44.891  2803  3155 D SGM:GameManager: identifyGamePackage. ci.itech.lstracker, mCurrentUserId: 0, callerUserId: 0, callingMethodInfo: com.samsung.android.game.SemGameManager.isGamePackage(SemGameManager.java:105)
10-02 16:22:44.891  2803  3155 D SGM:SemGameManager: isGamePackage(), pkgName=ci.itech.lstracker, ret=false
10-02 16:22:44.948  2803  4977 E WindowManager: win=Window{5f16803 u0 ci.itech.lstracker/ci.itech.lstracker.MainActivity} destroySurfaces: appStopped=true cleanupOnResume=false win.mWindowRemovalAllowed=false win.mRemoveOnExit=false win.mViewVisibility=8 caller=com.android.server.wm.ActivityRecord.destroySurfaces:25 com.android.server.wm.ActivityRecord.activityStopped:204 com.android.server.wm.ActivityClientController.activityStopped:95 android.app.IActivityClientController$Stub.onTransact:722 com.android.server.wm.ActivityClientController.onTransact:1 android.os.Binder.execTransactInternal:1541 android.os.Binder.execTransact:1480 
10-02 16:22:44.948  2803  4977 I WindowManager: Destroying surface Surface(name=ci.itech.lstracker/ci.itech.lstracker.MainActivity$_21640)/@0xe24ef9c called by com.android.server.wm.WindowStateAnimator.destroySurface:11 com.android.server.wm.WindowStateAnimator.destroySurfaceLocked:54 com.android.server.wm.WindowState.destroySurfaceUnchecked:5 com.android.server.wm.WindowState.destroySurface:126 com.android.server.wm.ActivityRecord.destroySurfaces:25 com.android.server.wm.ActivityRecord.activityStopped:204 com.android.server.wm.ActivityClientController.activityStopped:95 android.app.IActivityClientController$Stub.onTransact:722 
10-02 16:22:44.948  2803  3155 D SGM:FgCheckThread: getForegroundApp(), foregroundPkgName=ci.itech.lstracker
10-02 16:22:44.949  2803  4977 V WindowManager: Schedule remove starting ActivityRecord{74f1f24 u0 ci.itech.lstracker/.MainActivity t7802} startingWindow=Window{8852ebc u0 Splash Screen ci.itech.lstracker} animate=true Callers=com.android.server.wm.ActivityRecord.removeStartingWindow:150 com.android.server.wm.ActivityRecord.activityStopped:207 com.android.server.wm.ActivityClientController.activityStopped:95 android.app.IActivityClientController$Stub.onTransact:722 com.android.server.wm.ActivityClientController.onTransact:1 
10-02 16:22:44.949  2803  3155 D SGM:FgCheckThread: pkgName: ci.itech.lstracker is not in foreground
10-02 16:22:44.966  2803  7125 E WindowManager: win=Window{8852ebc u0 Splash Screen ci.itech.lstracker} destroySurfaces: appStopped=true cleanupOnResume=false win.mWindowRemovalAllowed=false win.mRemoveOnExit=false win.mViewVisibility=8 caller=com.android.server.wm.WindowManagerService.tryStartExitingAnimation:147 com.android.server.wm.WindowManagerService.relayoutWindowInner:112 com.android.server.wm.WindowManagerService.relayoutWindow:6 com.android.server.wm.Session.relayout:27 android.view.IWindowSession$Stub.onTransact:861 com.android.server.wm.Session.onTransact:1 android.os.Binder.execTransactInternal:1536 
10-02 16:22:44.966  2803  7125 I WindowManager: Destroying surface Surface(name=Splash Screen ci.itech.lstracker$_3983)/@0x644212b called by com.android.server.wm.WindowStateAnimator.destroySurface:11 com.android.server.wm.WindowStateAnimator.destroySurfaceLocked:54 com.android.server.wm.WindowState.destroySurfaceUnchecked:5 com.android.server.wm.WindowState.destroySurface:126 com.android.server.wm.WindowManagerService.tryStartExitingAnimation:147 com.android.server.wm.WindowManagerService.relayoutWindowInner:112 com.android.server.wm.WindowManagerService.relayoutWindow:6 com.android.server.wm.Session.relayout:27 
10-02 16:22:44.969  2803  7125 D CoreBackPreview: Window{8852ebc u0 Splash Screen ci.itech.lstracker}: Setting back callback null
10-02 16:22:44.969  2803  7125 D WindowManager: Starting window removed Window{8852ebc u0 Splash Screen ci.itech.lstracker}
10-02 16:22:44.970  2803  7125 V WindowManager: Remove Window{8852ebc u0 Splash Screen ci.itech.lstracker}: mSurfaceController=null mAnimatingExit=false mRemoveOnExit=false mHasSurface=false surfaceShowing=false animating=false app-animation=false mDisplayFrozen=false callers=com.android.server.wm.Session.remove:16 android.view.IWindowSession$Stub.onTransact:794 com.android.server.wm.Session.onTransact:1 android.os.Binder.execTransactInternal:1536 android.os.Binder.execTransact:1480 <bottom of call stack> 
10-02 16:22:45.306  2803  4977 D SGM:GameManager: identifyForegroundApp. ci.itech.lstracker, mCurrentUserId: 0, callerUserId: 0
10-02 16:23:44.904  2803  5094 D SGM:GameManager: identifyForegroundApp. ci.itech.lstracker, mCurrentUserId: 0, callerUserId: 0
10-02 16:23:45.805  2803  3231 D FreecessController: FZ : ci.itech.lstracker(10491) [21640] reason: LEV
10-02 16:23:46.725  2803  5091 D SGM:GameManager: identifyForegroundApp. ci.itech.lstracker, mCurrentUserId: 0, callerUserId: 0
10-02 16:23:58.721  2803  5094 D SGM:GameManager: identifyForegroundApp. ci.itech.lstracker, mCurrentUserId: 0, callerUserId: 0
10-02 16:24:15.767  2803  2803 D FreecessController: UFZ : ci.itech.lstracker(10491) [21640] reason: TopApp-ScreenOn
10-02 16:24:15.793  2803  3685 D SGM:FgCheckThread: handleLcdOn(). getPkgName: ci.itech.lstracker, getUserId: 0
10-02 16:24:15.852  2803  3783 D MdnieScenarioControlService:  packageName : ci.itech.lstracker    className : ci.itech.lstracker.MainActivity
10-02 16:24:17.133  2803  7129 V WindowManager: Collecting in transition 373: ActivityRecord{74f1f24 u0 ci.itech.lstracker/.MainActivity t7802}, caller=com.android.server.wm.TransitionController.collect:7 com.android.server.wm.ActivityRecord.setVisibility:189 com.android.server.wm.TaskFragment.resumeTopActivity:1735 com.android.server.wm.Task.resumeTopActivityInnerLocked:98 com.android.server.wm.Task.resumeTopActivityUncheckedLocked:23 
10-02 16:24:17.134  2803  7129 D WindowManager: prepareSync <SYNC_STATE_WAITING_FOR_DRAW>, mPrepareSyncSeqId=0, win=Window{5f16803 u0 ci.itech.lstracker/ci.itech.lstracker.MainActivity}
10-02 16:24:17.134  2803  7129 V WindowManager: Setting visibility of Window{5f16803 u0 ci.itech.lstracker/ci.itech.lstracker.MainActivity}: true, caller=com.android.server.wm.WindowContainer.sendAppVisibilityToClients:19 com.android.server.wm.WindowToken.setClientVisible:49 com.android.server.wm.ActivityRecord.setVisibility:392 com.android.server.wm.TaskFragment.resumeTopActivity:1735 com.android.server.wm.Task.resumeTopActivityInnerLocked:98 
10-02 16:24:17.134  2803  7129 D ActivityTaskManager: scheduleTopResumedActivityChanged, onTop=true, r=ActivityRecord{74f1f24 u0 ci.itech.lstracker/.MainActivity t7802}, caller=com.android.server.wm.ActivityTaskSupervisor.updateTopResumedActivityIfNeeded:62 com.android.server.wm.TaskFragment.setResumedActivity:29 com.android.server.wm.ActivityRecord.setState:104 com.android.server.wm.TaskFragment.resumeTopActivity:1817 com.android.server.wm.Task.resumeTopActivityInnerLocked:98 com.android.server.wm.Task.resumeTopActivityUncheckedLocked:23 
10-02 16:24:17.134  2803  7129 D WindowManager: rotationForOrientation, orientationSource=ActivityRecord{74f1f24 u0 ci.itech.lstracker/.MainActivity t7802}
10-02 16:24:17.135  2803  7129 D WindowManagerServiceExt: updateTaskbarTargetIfNeeded: cn=ComponentInfo{ci.itech.lstracker/ci.itech.lstracker.MainActivity} occludesParent=true isInSplitScreenMode=false styleFloating=false
10-02 16:24:17.135  2803  7129 V WindowManager: Add starting ActivityRecord{74f1f24 u0 ci.itech.lstracker/.MainActivity t7802}: startingData=SnapshotStartingData{d8704b7 waitForSyncTransactionCommit=false removeAfterTransaction= 0}
10-02 16:24:17.138  2803  7129 V WindowManager: Added starting ActivityRecord{74f1f24 u0 ci.itech.lstracker/.MainActivity t7802}: startingWindow=null startingView=com.android.server.wm.StartingSurfaceController$StartingSurface@c4be142
10-02 16:24:17.142  2803  3155 D SGM:FgCheckThread: noteResumeComponent(), received pkgName: ci.itech.lstracker, userId: 0
10-02 16:24:17.143  7147  8783 I SDHMS:l : handleResumeComponent : put = ci.itech.lstracker, userid = 0 instanceid =23567443
10-02 16:24:17.143  2803  3685 D SGM:FgCheckThread: onLooperPrepared(), msg: MSG_APP_RESUME, pkgName: ci.itech.lstracker, userid: 0
10-02 16:24:17.144  2803  3156 D BLASTSyncEngine: SyncGroup 373:  Unfinished container: ActivityRecord{74f1f24 u0 ci.itech.lstracker/.MainActivity t7802} mSyncState=2
10-02 16:24:17.148  2803  5094 V WindowManager: addWindow: ActivityRecord{74f1f24 u0 ci.itech.lstracker/.MainActivity t7802} startingWindow=Window{1047ac1 u0 SnapshotStartingWindow for taskId=7802}
10-02 16:24:17.158  2803  5781 D BLASTSyncEngine: SyncGroup 373:  Unfinished container: ActivityRecord{74f1f24 u0 ci.itech.lstracker/.MainActivity t7802} mSyncState=2
10-02 16:24:17.161  2803  4384 D BLASTSyncEngine: SyncGroup 373:  Unfinished container: ActivityRecord{74f1f24 u0 ci.itech.lstracker/.MainActivity t7802} mSyncState=2
10-02 16:24:17.167  2803  3156 V WindowManager: Start calculating TransitionInfo based on participants: {ActivityRecord{74f1f24 u0 ci.itech.lstracker/.MainActivity t7802}}
10-02 16:24:17.167  2803  3156 V WindowManager:   Final targets: [Task{2056a8d #7802 type=standard I=ci.itech.lstracker/.MainActivity}, DefaultTaskDisplayArea_d0@131413958]
10-02 16:24:17.171  2803  3156 V WindowManager:         {WCT{RemoteToken{d819ec6 Task{2056a8d #7802 type=standard I=ci.itech.lstracker/.MainActivity}}} m=TO_FRONT f=NONE p=WCT{RemoteToken{3396708 DefaultTaskDisplayArea_d0@131413958}} leash=Surface(name=Task=7802)/@0x4026d08 sb=Rect(0, 0 - 1080, 2340) eb=Rect(0, 0 - 1080, 2340) d=0 taskParent=-1 inset=Rect(0, 81 - 0, 144)},
10-02 16:24:17.172  2803  3152 V WindowManager:         {WCT{RemoteToken{d819ec6 Task{2056a8d #7802 type=standard I=ci.itech.lstracker/.MainActivity}}} m=TO_FRONT f=NONE p=WCT{RemoteToken{3396708 DefaultTaskDisplayArea_d0@131413958}} leash=Surface(name=Task=7802)/@0x4026d08 sb=Rect(0, 0 - 1080, 2340) eb=Rect(0, 0 - 1080, 2340) d=0 taskParent=-1 inset=Rect(0, 81 - 0, 144)},
10-02 16:24:17.172  2803  3156 D InsetsSourceProvider: updateFakeControlTarget: fakeControl=InsetsSourceControl: {25d80001 mType=navigationBars mSurfacePosition=Point(0, 0) mInsetsHint=Insets{left=0, top=0, right=0, bottom=0}}, fakeTarget=Window{5f16803 u0 ci.itech.lstracker/ci.itech.lstracker.MainActivity}
10-02 16:24:17.172  2803  3156 D InsetsSourceProvider: updateFakeControlTarget: fakeControl=InsetsSourceControl: {ebba0000 mType=statusBars mSurfacePosition=Point(0, 0) mInsetsHint=Insets{left=0, top=0, right=0, bottom=0}}, fakeTarget=Window{5f16803 u0 ci.itech.lstracker/ci.itech.lstracker.MainActivity}
10-02 16:24:17.208  2803  2803 D MdnieScenarioControlService:  packageName : ci.itech.lstracker    className : ci.itech.lstracker.MainActivity
10-02 16:24:17.208  2803  3685 D SGM:FgCheckThread:   handleUserPresent(). resume signal is needed for ci.itech.lstracker
10-02 16:24:17.216  2803  3685 D SGM:FgCheckThread:   handleUserPresent(). resume signal is needed for ci.itech.lstracker
10-02 16:24:17.216  2803  2803 D MdnieScenarioControlService:  packageName : ci.itech.lstracker    className : ci.itech.lstracker.MainActivity
10-02 16:24:17.230  2803  3685 D SGM:FgCheckThread:   handleUserPresent(). resume signal is needed for ci.itech.lstracker
10-02 16:24:17.233  2803  2803 D MdnieScenarioControlService:  packageName : ci.itech.lstracker    className : ci.itech.lstracker.MainActivity
10-02 16:24:17.254  2803  7350 D WindowManager: makeSurface duration=2 name=ci.itech.lstracker/ci.itech.lstracker.MainActivity$_21640
10-02 16:24:17.314  2803  5781 D WindowManager: Changing focus from Window{cb20ce8 u0 NotificationShade} to Window{5f16803 u0 ci.itech.lstracker/ci.itech.lstracker.MainActivity} displayId=0 Callers=com.android.server.wm.WindowManagerService.relayoutWindowInner:142 com.android.server.wm.WindowManagerService.relayoutWindow:6 com.android.server.wm.Session.relayout:27 com.android.server.wm.Session.relayoutAsync:26 
10-02 16:24:17.315  2803  5781 D InsetsSourceProvider: updateControlForTarget: control=InsetsSourceControl: {25d80001 mType=navigationBars initiallyVisible mSurfacePosition=Point(0, 2196) mInsetsHint=Insets{left=0, top=0, right=0, bottom=144}}, target=Window{5f16803 u0 ci.itech.lstracker/ci.itech.lstracker.MainActivity}, from=com.android.server.wm.InsetsStateController.onControlTargetChanged:81 com.android.server.wm.InsetsPolicy.updateBarControlTarget:188 com.android.server.wm.DisplayPolicy.updateSystemBarAttributes:281 com.android.server.wm.WindowManagerService.updateFocusedWindowLocked:375 com.android.server.wm.WindowManagerService.relayoutWindowInner:142 
10-02 16:24:17.317  2803  5781 D InsetsSourceProvider: updateControlForTarget: control=InsetsSourceControl: {ebba0000 mType=statusBars initiallyVisible mSurfacePosition=Point(0, 0) mInsetsHint=Insets{left=0, top=81, right=0, bottom=0}}, target=Window{5f16803 u0 ci.itech.lstracker/ci.itech.lstracker.MainActivity}, from=com.android.server.wm.InsetsStateController.onControlTargetChanged:81 com.android.server.wm.InsetsPolicy.updateBarControlTarget:175 com.android.server.wm.DisplayPolicy.updateSystemBarAttributes:281 com.android.server.wm.WindowManagerService.updateFocusedWindowLocked:375 com.android.server.wm.WindowManagerService.relayoutWindowInner:142 
10-02 16:24:17.317  2803  5781 D WindowManager: updateSystemBarAttributes: displayId=0, focusedCanBeNavColorWin=false, win=Window{5f16803 u0 ci.itech.lstracker/ci.itech.lstracker.MainActivity}, navColorWin=Window{5f16803 u0 ci.itech.lstracker/ci.itech.lstracker.MainActivity}, caller=com.android.server.wm.WindowManagerService.updateFocusedWindowLocked:375 com.android.server.wm.WindowManagerService.relayoutWindowInner:142 com.android.server.wm.WindowManagerService.relayoutWindow:6 
10-02 16:24:17.317  2803  5781 V SystemKeyManager: updateFocusedWindow() is called, ci.itech.lstracker/ci.itech.lstracker.MainActivity
10-02 16:24:17.706  2803  5781 D SGM:GameManager: identifyGamePackage. ci.itech.lstracker, mCurrentUserId: 0, callerUserId: 0, callingMethodInfo: com.samsung.android.game.IGameManagerService$Stub.onTransact(IGameManagerService.java:228)
10-02 16:24:17.818  2803  3155 D SGM:GameManager: identifyForegroundApp. ci.itech.lstracker, mCurrentUserId: 0, callerUserId: 0
10-02 16:24:21.783  2803  5135 D FreecessController: ci.itech.lstracker(10491) is important[12]
10-02 16:24:26.789  2803  5135 D FreecessController: ci.itech.lstracker(10491) is important[12]
10-02 16:24:31.791  2803  5135 D FreecessController: ci.itech.lstracker(10491) is important[12]
10-02 16:24:36.797  2803  5135 D FreecessController: ci.itech.lstracker(10491) is important[12]
10-02 16:24:41.799  2803  5135 D FreecessController: ci.itech.lstracker(10491) is important[12]
10-02 16:24:46.805  2803  5135 D FreecessController: ci.itech.lstracker(10491) is important[12]
10-02 16:24:47.678  2803  3242 D ActivityTaskManager: scheduleTopResumedActivityChanged, onTop=false, r=ActivityRecord{74f1f24 u0 ci.itech.lstracker/.MainActivity t7802}, caller=com.android.server.wm.ActivityTaskSupervisor.scheduleTopResumedActivityStateLossIfNeeded:11 com.android.server.wm.ActivityTaskSupervisor.updateTopResumedActivityIfNeeded:19 com.android.server.wm.TaskFragment.setResumedActivity:29 com.android.server.wm.ActivityRecord.setState:95 com.android.server.wm.TaskFragment.startPausing$1:210 com.android.server.wm.Task$$ExternalSyntheticLambda3.accept:271 
10-02 16:24:47.693  2803  3551 D WindowManager: Changing focus from Window{5f16803 u0 ci.itech.lstracker/ci.itech.lstracker.MainActivity} to null displayId=0 Callers=com.android.server.wm.ActivityRecord.commitVisibility:204 com.android.server.wm.ActivityRecord.setVisibility:586 com.android.server.wm.ActivityRecord.makeInvisible:39 com.android.server.wm.EnsureActivitiesVisibleHelper.process:637 
10-02 16:24:47.694  2803  3551 V WindowManager: Setting visibility of Window{5f16803 u0 ci.itech.lstracker/ci.itech.lstracker.MainActivity}: false, caller=com.android.server.wm.WindowContainer.sendAppVisibilityToClients:19 com.android.server.wm.WindowToken.setClientVisible:49 com.android.server.wm.ActivityRecord.setClientVisible:8 com.android.server.wm.ActivityRecord.commitVisibility:273 com.android.server.wm.ActivityRecord.setVisibility:586 
10-02 16:24:47.696  2803  3155 D SGM:FgCheckThread: notePauseComponent(), received pkgName: ci.itech.lstracker, userId: 0
10-02 16:24:47.696  2803  3155 D SGM:FgCheckThread: notePauseComponent(), received pkgName: ci.itech.lstracker, userId: 0
10-02 16:24:47.696  2803  3155 D SGM:FgCheckThread: notifyFocusInOut(). of pkg: ci.itech.lstracker, type: 20, isSecGameFamily: false, userId: 0
10-02 16:24:47.697  2803  3155 D SGM:GameManager: identifyGamePackage. ci.itech.lstracker, mCurrentUserId: 0, callerUserId: 0, callingMethodInfo: com.samsung.android.game.SemGameManager.isGamePackage(SemGameManager.java:105)
10-02 16:24:47.697  2803  3155 D SGM:SemGameManager: isGamePackage(), pkgName=ci.itech.lstracker, ret=false
10-02 16:24:47.780  2803  5094 E WindowManager: win=Window{5f16803 u0 ci.itech.lstracker/ci.itech.lstracker.MainActivity} destroySurfaces: appStopped=true cleanupOnResume=false win.mWindowRemovalAllowed=false win.mRemoveOnExit=false win.mViewVisibility=8 caller=com.android.server.wm.ActivityRecord.destroySurfaces:25 com.android.server.wm.ActivityRecord.activityStopped:204 com.android.server.wm.ActivityClientController.activityStopped:95 android.app.IActivityClientController$Stub.onTransact:722 com.android.server.wm.ActivityClientController.onTransact:1 android.os.Binder.execTransactInternal:1541 android.os.Binder.execTransact:1480 
10-02 16:24:47.780  2803  3155 D SGM:FgCheckThread: getForegroundApp(), foregroundPkgName=ci.itech.lstracker
10-02 16:24:47.780  2803  5094 I WindowManager: Destroying surface Surface(name=ci.itech.lstracker/ci.itech.lstracker.MainActivity$_21640)/@0x726b952 called by com.android.server.wm.WindowStateAnimator.destroySurface:11 com.android.server.wm.WindowStateAnimator.destroySurfaceLocked:54 com.android.server.wm.WindowState.destroySurfaceUnchecked:5 com.android.server.wm.WindowState.destroySurface:126 com.android.server.wm.ActivityRecord.destroySurfaces:25 com.android.server.wm.ActivityRecord.activityStopped:204 com.android.server.wm.ActivityClientController.activityStopped:95 android.app.IActivityClientController$Stub.onTransact:722 
10-02 16:24:47.781  2803  5094 V WindowManager: Schedule remove starting ActivityRecord{74f1f24 u0 ci.itech.lstracker/.MainActivity t7802} startingWindow=Window{1047ac1 u0 SnapshotStartingWindow for taskId=7802} animate=false Callers=com.android.server.wm.ActivityRecord.removeStartingWindow:150 com.android.server.wm.ActivityRecord.activityStopped:207 com.android.server.wm.ActivityClientController.activityStopped:95 android.app.IActivityClientController$Stub.onTransact:722 com.android.server.wm.ActivityClientController.onTransact:1 
10-02 16:24:47.782  2803  3155 D SGM:FgCheckThread: pkgName: ci.itech.lstracker is not in foreground
10-02 16:24:48.088  2803  4798 D SGM:GameManager: identifyForegroundApp. ci.itech.lstracker, mCurrentUserId: 0, callerUserId: 0
10-02 16:25:13.590  2803  3685 D SGM:FgCheckThread: handleLcdOn(). getPkgName: ci.itech.lstracker, getUserId: 0
10-02 16:25:13.656  2803  3783 D MdnieScenarioControlService:  packageName : ci.itech.lstracker    className : ci.itech.lstracker.MainActivity
10-02 16:25:17.161  2803  3793 D SGM:GameManager: identifyForegroundApp. ci.itech.lstracker, mCurrentUserId: 0, callerUserId: 0
10-02 16:25:48.757  2803  3231 D FreecessController: FZ : ci.itech.lstracker(10491) [21640] reason: LEV
10-02 16:25:55.187  2803  2803 D FreecessController: UFZ : ci.itech.lstracker(10491) [21640] reason: TopApp-ScreenOn
10-02 16:25:55.189  2803  3685 D SGM:FgCheckThread: handleLcdOn(). getPkgName: ci.itech.lstracker, getUserId: 0
10-02 16:25:55.279  2803  3783 D MdnieScenarioControlService:  packageName : ci.itech.lstracker    className : ci.itech.lstracker.MainActivity
10-02 16:25:59.194  2803  4685 D SGM:GameManager: identifyForegroundApp. ci.itech.lstracker, mCurrentUserId: 0, callerUserId: 0
10-02 16:26:04.544  2803  3231 D FreecessController: ci.itech.lstracker(10491) is protected
10-02 16:26:04.544  2803  3231 D FreecessController: skip lev freeze ci.itech.lstracker(10491)Protect
10-02 16:26:09.588  2803  3231 D FreecessController: FZ : ci.itech.lstracker(10491) [21640] reason: LEV
10-02 16:26:34.709  2803  3231 D MARs:ActiveTrafficFilter: filter : ci.itech.lstracker(0)
10-02 16:26:39.732  2803  3231 D MARs:ActiveTrafficFilter: filter : ci.itech.lstracker(0)
10-02 16:27:34.964  2803  3231 D MARs:ActiveTrafficFilter: filter : ci.itech.lstracker(0)
10-02 16:27:39.987  2803  3231 D MARs:ActiveTrafficFilter: filter : ci.itech.lstracker(0)
10-02 16:27:48.692  2803  3685 D SGM:FgCheckThread: handleLcdOn(). getPkgName: ci.itech.lstracker, getUserId: 0
10-02 16:27:48.715  2803  2803 D FreecessController: UFZ : ci.itech.lstracker(10491) [21640] reason: TopApp-ScreenOn
10-02 16:27:50.043  2803  7084 V WindowManager: Collecting in transition 378: ActivityRecord{74f1f24 u0 ci.itech.lstracker/.MainActivity t7802}, caller=com.android.server.wm.TransitionController.collect:7 com.android.server.wm.ActivityRecord.setVisibility:189 com.android.server.wm.TaskFragment.resumeTopActivity:1735 com.android.server.wm.Task.resumeTopActivityInnerLocked:98 com.android.server.wm.Task.resumeTopActivityUncheckedLocked:23 
10-02 16:27:50.043  2803  7084 D WindowManager: prepareSync <SYNC_STATE_WAITING_FOR_DRAW>, mPrepareSyncSeqId=0, win=Window{5f16803 u0 ci.itech.lstracker/ci.itech.lstracker.MainActivity}
10-02 16:27:50.043  2803  7084 V WindowManager: Setting visibility of Window{5f16803 u0 ci.itech.lstracker/ci.itech.lstracker.MainActivity}: true, caller=com.android.server.wm.WindowContainer.sendAppVisibilityToClients:19 com.android.server.wm.WindowToken.setClientVisible:49 com.android.server.wm.ActivityRecord.setVisibility:392 com.android.server.wm.TaskFragment.resumeTopActivity:1735 com.android.server.wm.Task.resumeTopActivityInnerLocked:98 
10-02 16:27:50.043  2803  7084 D ActivityTaskManager: scheduleTopResumedActivityChanged, onTop=true, r=ActivityRecord{74f1f24 u0 ci.itech.lstracker/.MainActivity t7802}, caller=com.android.server.wm.ActivityTaskSupervisor.updateTopResumedActivityIfNeeded:62 com.android.server.wm.TaskFragment.setResumedActivity:29 com.android.server.wm.ActivityRecord.setState:104 com.android.server.wm.TaskFragment.resumeTopActivity:1817 com.android.server.wm.Task.resumeTopActivityInnerLocked:98 com.android.server.wm.Task.resumeTopActivityUncheckedLocked:23 
10-02 16:27:50.044  2803  7084 D WindowManager: rotationForOrientation, orientationSource=ActivityRecord{74f1f24 u0 ci.itech.lstracker/.MainActivity t7802}
10-02 16:27:50.045  2803  7084 D WindowManagerServiceExt: updateTaskbarTargetIfNeeded: cn=ComponentInfo{ci.itech.lstracker/ci.itech.lstracker.MainActivity} occludesParent=true isInSplitScreenMode=false styleFloating=false
10-02 16:27:50.045  2803  7084 V WindowManager: Add starting ActivityRecord{74f1f24 u0 ci.itech.lstracker/.MainActivity t7802}: startingData=SnapshotStartingData{a59da3 waitForSyncTransactionCommit=false removeAfterTransaction= 0}
10-02 16:27:50.046  2803  7084 V WindowManager: Added starting ActivityRecord{74f1f24 u0 ci.itech.lstracker/.MainActivity t7802}: startingWindow=null startingView=com.android.server.wm.StartingSurfaceController$StartingSurface@b9df8a0
10-02 16:27:50.047 21640 21640 D VRI[MainActivity]@eab8178: WindowStopped on ci.itech.lstracker/ci.itech.lstracker.MainActivity set to false
10-02 16:27:50.048  2803  3156 D BLASTSyncEngine: SyncGroup 378:  Unfinished container: ActivityRecord{74f1f24 u0 ci.itech.lstracker/.MainActivity t7802} mSyncState=2
10-02 16:27:50.050  2803  7123 V WindowManager: addWindow: ActivityRecord{74f1f24 u0 ci.itech.lstracker/.MainActivity t7802} startingWindow=Window{a2e3bb8 u0 SnapshotStartingWindow for taskId=7802}
10-02 16:27:50.050  7147  7746 I SDHMS:l : handleResumeComponent : put = ci.itech.lstracker, userid = 0 instanceid =23567443
10-02 16:27:50.050  2803  3155 D SGM:FgCheckThread: noteResumeComponent(), received pkgName: ci.itech.lstracker, userId: 0
10-02 16:27:50.051  2803  3685 D SGM:FgCheckThread: onLooperPrepared(), msg: MSG_APP_RESUME, pkgName: ci.itech.lstracker, userid: 0
10-02 16:27:50.052  2803  7356 D BLASTSyncEngine: SyncGroup 378:  Unfinished container: ActivityRecord{74f1f24 u0 ci.itech.lstracker/.MainActivity t7802} mSyncState=2
10-02 16:27:50.053  4460  4460 I HoneySpace.EdgePanel.EdgeContainerViewModel: cocktailHostRepository.edgePanelOperation NoteResumeComponent(componentName=ComponentInfo{ci.itech.lstracker/ci.itech.lstracker.MainActivity})
10-02 16:27:50.053  4460 19735 I HoneySpace.EdgePanel.ActivityUtils: HomePackage : com.sec.android.app.launcher, resumePackageName : ci.itech.lstracker
10-02 16:27:50.060  2803  3156 V WindowManager: Start calculating TransitionInfo based on participants: {ActivityRecord{74f1f24 u0 ci.itech.lstracker/.MainActivity t7802}}
10-02 16:27:50.060  2803  3156 V WindowManager:   Final targets: [Task{2056a8d #7802 type=standard I=ci.itech.lstracker/.MainActivity}, DefaultTaskDisplayArea_d0@131413958]
10-02 16:27:50.061  1733  1733 I SurfaceFlinger: [a2e3bb8 SnapshotStartingWindow for taskId=7802#4757] attach to parent LayerHierarchy{RequestedLayerState{ActivityRecord{74f1f24 u0 ci.itech.lstracker/.MainActivity t7802}#4682 parentId=4681} 3 children}
10-02 16:27:50.064  2803  3156 I SurfaceControlRegistry: show, t=StartTransaction_SyncId<378> sc=ActivityRecord{74f1f24 u0 ci.itech.lstracker/.MainActivity t7802}, caller=android.view.SurfaceControl$Transaction.show:3232 com.android.server.wm.Transition.onTransactionReady:2273 com.android.server.wm.BLASTSyncEngine$SyncGroup.finishNow:195 com.android.server.wm.BLASTSyncEngine.onSurfacePlacement:269 com.android.server.wm.RootWindowContainer.performSurfacePlacementNoTrace:471 com.android.server.wm.RootWindowContainer.performSurfacePlacement:9 
10-02 16:27:50.064  2803  3156 V WindowManager:         {WCT{RemoteToken{d819ec6 Task{2056a8d #7802 type=standard I=ci.itech.lstracker/.MainActivity}}} m=TO_FRONT f=NONE p=WCT{RemoteToken{3396708 DefaultTaskDisplayArea_d0@131413958}} leash=Surface(name=Task=7802)/@0x4026d08 sb=Rect(0, 0 - 1080, 2340) eb=Rect(0, 0 - 1080, 2340) d=0 taskParent=-1 inset=Rect(0, 81 - 0, 144)},
10-02 16:27:50.065  2803  3156 D InsetsSourceProvider: updateFakeControlTarget: fakeControl=InsetsSourceControl: {25d80001 mType=navigationBars mSurfacePosition=Point(0, 0) mInsetsHint=Insets{left=0, top=0, right=0, bottom=0}}, fakeTarget=Window{5f16803 u0 ci.itech.lstracker/ci.itech.lstracker.MainActivity}
10-02 16:27:50.065  2803  3156 D InsetsSourceProvider: updateFakeControlTarget: fakeControl=InsetsSourceControl: {ebba0000 mType=statusBars mSurfacePosition=Point(0, 0) mInsetsHint=Insets{left=0, top=0, right=0, bottom=0}}, fakeTarget=Window{5f16803 u0 ci.itech.lstracker/ci.itech.lstracker.MainActivity}
10-02 16:27:50.068  2803  3152 V WindowManager:         {WCT{RemoteToken{d819ec6 Task{2056a8d #7802 type=standard I=ci.itech.lstracker/.MainActivity}}} m=TO_FRONT f=NONE p=WCT{RemoteToken{3396708 DefaultTaskDisplayArea_d0@131413958}} leash=Surface(name=Task=7802)/@0x4026d08 sb=Rect(0, 0 - 1080, 2340) eb=Rect(0, 0 - 1080, 2340) d=0 taskParent=-1 inset=Rect(0, 81 - 0, 144)},
10-02 16:27:50.074  2803  5135 D FreecessController: ci.itech.lstracker(10491) is important[18]
10-02 16:27:50.077  1733  1733 I SurfaceFlinger: Layer [ActivityRecord{74f1f24 u0 ci.itech.lstracker/.MainActivity t7802}#4682] hidden!! flag(0)
10-02 16:27:50.099  2803  2803 D MdnieScenarioControlService:  packageName : ci.itech.lstracker    className : ci.itech.lstracker.MainActivity
10-02 16:27:50.100  2803  3685 D SGM:FgCheckThread:   handleUserPresent(). resume signal is needed for ci.itech.lstracker
10-02 16:27:50.109  2803  2803 D MdnieScenarioControlService:  packageName : ci.itech.lstracker    className : ci.itech.lstracker.MainActivity
10-02 16:27:50.110  2803  3685 D SGM:FgCheckThread:   handleUserPresent(). resume signal is needed for ci.itech.lstracker
10-02 16:27:50.118  2803  2803 D MdnieScenarioControlService:  packageName : ci.itech.lstracker    className : ci.itech.lstracker.MainActivity
10-02 16:27:50.121  2803  3685 D SGM:FgCheckThread:   handleUserPresent(). resume signal is needed for ci.itech.lstracker
10-02 16:27:50.165  2803  7084 D PersonaActivityHelper: token.toString()  Token{1679c53 ActivityRecord{74f1f24 u0 ci.itech.lstracker/.MainActivity t7802}}
10-02 16:27:50.177  2803  5094 V WindowManager: Relayout Window{5f16803 u0 ci.itech.lstracker/ci.itech.lstracker.MainActivity}: viewVisibility=0 req=1080x2340 ty=1 d0
10-02 16:27:50.177  1733  2079 I SurfaceFlinger: id=4762 createSurf, flag=44004, ci.itech.lstracker/ci.itech.lstracker.MainActivity$_21640#4762
10-02 16:27:50.179  2803  5094 D WindowManager: makeSurface duration=2 name=ci.itech.lstracker/ci.itech.lstracker.MainActivity$_21640
10-02 16:27:50.184  1733  1848 I SurfaceFlinger: id=4763 createSurf, flag=20004, Bounds for - ci.itech.lstracker/ci.itech.lstracker.MainActivity@2#4763
10-02 16:27:50.185  1733  1848 I SurfaceFlinger: id=4764 createSurf, flag=84004, SurfaceView[ci.itech.lstracker/ci.itech.lstracker.MainActivity]@0#4764
10-02 16:27:50.185  1733  1848 I SurfaceFlinger: id=4765 createSurf, flag=44400, SurfaceView[ci.itech.lstracker/ci.itech.lstracker.MainActivity]@0(BLAST)#4765
10-02 16:27:50.185  1733  1848 I SurfaceFlinger: id=4766 createSurf, flag=20404, Background for SurfaceView[ci.itech.lstracker/ci.itech.lstracker.MainActivity]@0#4766
10-02 16:27:50.194  1733  1733 I SurfaceFlinger: [Background for SurfaceView[ci.itech.lstracker/ci.itech.lstracker.MainActivity]@0#4766] attach to parent LayerHierarchy{RequestedLayerState{SurfaceView[ci.itech.lstracker/ci.itech.lstracker.MainActivity]@0#4764 parentId=4763} 1 children}
10-02 16:27:50.194  1733  1733 I SurfaceFlinger: [ci.itech.lstracker/ci.itech.lstracker.MainActivity$_21640#4762] attach to parent LayerHierarchy{RequestedLayerState{5f16803 ci.itech.lstracker/ci.itech.lstracker.MainActivity#4690 parentId=4682} 1 children}
10-02 16:27:50.194  1733  1733 I SurfaceFlinger: [Bounds for - ci.itech.lstracker/ci.itech.lstracker.MainActivity@2#4763] attach to parent LayerHierarchy{RequestedLayerState{ci.itech.lstracker/ci.itech.lstracker.MainActivity$_21640#4762 parentId=4690} 1 children}
10-02 16:27:50.194  1733  1733 I SurfaceFlinger: [SurfaceView[ci.itech.lstracker/ci.itech.lstracker.MainActivity]@0#4764] attach to parent LayerHierarchy{RequestedLayerState{Bounds for - ci.itech.lstracker/ci.itech.lstracker.MainActivity@2#4763 parentId=4762} 1 children}
10-02 16:27:50.194  1733  1733 I SurfaceFlinger: [SurfaceView[ci.itech.lstracker/ci.itech.lstracker.MainActivity]@0(BLAST)#4765] attach to parent LayerHierarchy{RequestedLayerState{SurfaceView[ci.itech.lstracker/ci.itech.lstracker.MainActivity]@0#4764 parentId=4763} 2 children}
10-02 16:27:50.218  2803  7123 D WindowManager: Changing focus from Window{cb20ce8 u0 NotificationShade} to Window{5f16803 u0 ci.itech.lstracker/ci.itech.lstracker.MainActivity} displayId=0 Callers=com.android.server.wm.WindowManagerService.relayoutWindowInner:142 com.android.server.wm.WindowManagerService.relayoutWindow:6 com.android.server.wm.Session.relayout:27 com.android.server.wm.Session.relayoutAsync:26 
10-02 16:27:50.220  2803  7123 D InsetsSourceProvider: updateControlForTarget: control=InsetsSourceControl: {25d80001 mType=navigationBars initiallyVisible mSurfacePosition=Point(0, 2196) mInsetsHint=Insets{left=0, top=0, right=0, bottom=144}}, target=Window{5f16803 u0 ci.itech.lstracker/ci.itech.lstracker.MainActivity}, from=com.android.server.wm.InsetsStateController.onControlTargetChanged:81 com.android.server.wm.InsetsPolicy.updateBarControlTarget:188 com.android.server.wm.DisplayPolicy.updateSystemBarAttributes:281 com.android.server.wm.WindowManagerService.updateFocusedWindowLocked:375 com.android.server.wm.WindowManagerService.relayoutWindowInner:142 
10-02 16:27:50.221  2803  7123 D InsetsSourceProvider: updateControlForTarget: control=InsetsSourceControl: {ebba0000 mType=statusBars initiallyVisible mSurfacePosition=Point(0, 0) mInsetsHint=Insets{left=0, top=81, right=0, bottom=0}}, target=Window{5f16803 u0 ci.itech.lstracker/ci.itech.lstracker.MainActivity}, from=com.android.server.wm.InsetsStateController.onControlTargetChanged:81 com.android.server.wm.InsetsPolicy.updateBarControlTarget:175 com.android.server.wm.DisplayPolicy.updateSystemBarAttributes:281 com.android.server.wm.WindowManagerService.updateFocusedWindowLocked:375 com.android.server.wm.WindowManagerService.relayoutWindowInner:142 
10-02 16:27:50.222  2803  7123 D WindowManager: updateSystemBarAttributes: displayId=0, focusedCanBeNavColorWin=false, win=Window{5f16803 u0 ci.itech.lstracker/ci.itech.lstracker.MainActivity}, navColorWin=Window{5f16803 u0 ci.itech.lstracker/ci.itech.lstracker.MainActivity}, caller=com.android.server.wm.WindowManagerService.updateFocusedWindowLocked:375 com.android.server.wm.WindowManagerService.relayoutWindowInner:142 com.android.server.wm.WindowManagerService.relayoutWindow:6 
10-02 16:27:50.222  2803  7123 V SystemKeyManager: updateFocusedWindow() is called, ci.itech.lstracker/ci.itech.lstracker.MainActivity
10-02 16:27:50.230 21640 21640 I InsetsController: onStateChanged: host=ci.itech.lstracker/ci.itech.lstracker.MainActivity, from=android.view.ViewRootImpl.handleInsetsControlChanged:2888, state=InsetsState: {mDisplayFrame=Rect(0, 0 - 1080, 2340), mDisplayCutout=DisplayCutout{insets=Rect(0, 81 - 0, 0) waterfall=Insets{left=0, top=0, right=0, bottom=0} boundingRect={Bounds=[Rect(0, 0 - 0, 0), Rect(512, 0 - 568, 81), Rect(0, 0 - 0, 0), Rect(0, 0 - 0, 0)]} cutoutPathParserInfo={CutoutPathParserInfo{displayWidth=1080 displayHeight=2340 physicalDisplayWidth=1080 physicalDisplayHeight=2340 density={3.0} cutoutSpec={M 0,0 H -9.333333333333333‬ V 27 H 9.333333333333333‬ V 0 H 0 Z @dp} rotation={0} scale={1.0} physicalPixelDisplaySizeRatio={1.0}}} sideOverrides={}}, mRoundedCorners=RoundedCorners{[RoundedCorner{position=TopLeft, radius=108, center=Point(108, 108)}, RoundedCorner{position=TopRight, radius=108, center=Point(972, 108)}, RoundedCorner{position=BottomRight, radius=108, center=Point(972, 2232)}, RoundedCorner{position=BottomLeft, radius=108, center=Point(108, 2232)}]}  mRoundedCornerFrame=Rect(0, 0 - 1080, 2340), mPrivacyIndicatorBounds=PrivacyIndicatorBounds {static bounds=Rect(948, 0 - 1080, 81) rotation=0}, mDisplayShape=DisplayShape{ spec=-311912193 displayWidth=1080 displayHeight=2340 physicalPixelDisplaySizeRatio=1.0 rotation=0 offsetX=0 offsetY=0 scale=1.0}, mSources= { InsetsSource: {ebba0000 mType=statusBars mFrame=[0,0][1080,81] mVisible=true mFlags= mSideHint=TOP mBoundingRects=null}, InsetsSource: {ebba0005 mType=mandatorySystemGestures mFrame=[0,0][1080,117] mVisible=true mFlags= mSideHint=TOP mBoundingRects=null}, InsetsSource: {ebba0006 mType=tappableElement mFrame=[0,0][1080,81] mVisible=true mFlags= mSideHint=TOP mBoundingRects=null}, InsetsSource: {27 mType=displayCutout mFrame=[0,0][1080,81] mVisible=true mFlags= mSideHint=TOP mBoundingRects=null}, InsetsSource: {25d80001 mType=navigationBars mFrame=[0,2196][1080,2340] mVisible=false mFlags= mSideHint=BOTTOM mBoundingRects=null}, InsetsSource: {25d80004 mType=systemGestures mFrame=[0,0][0,0] mVisible=true mFlags= mSideHint=NONE mBoundingRects=null}, InsetsSource: {25d80005 mType=mandatorySystemGestures mFrame=[0,2196][1080,2340] mVisible=true mFlags= mSideHint=BOTTOM mBoundingRects=null}, InsetsSource: {25d80006 mType=tappableElement mFrame=[0,2196][1080,2340] mVisible=true mFlags= mSideHint=BOTTOM mBoundingRects=null}, InsetsSource: {25d80024 mType=systemGestures mFrame=[0,0][0,0] mVisible=true mFlags= mSideHint=NONE mBoundingRects=null} }
10-02 16:27:50.233 21640 21640 I InsetsSourceConsumer: applyRequestedVisibilityToControl: visible=true, type=navigationBars, host=ci.itech.lstracker/ci.itech.lstracker.MainActivity
10-02 16:27:50.234 21640 21640 I InsetsSourceConsumer: applyRequestedVisibilityToControl: visible=true, type=statusBars, host=ci.itech.lstracker/ci.itech.lstracker.MainActivity
10-02 16:27:50.246  1733  2052 D SurfaceFlinger: [input] setFocusedWindow: 5f16803 ci.itech.lstracker/ci.itech.lstracker.MainActivity
10-02 16:27:50.246  2803  3551 D InputDispatcher: Once focus requested (0): 5f16803 ci.itech.lstracker/ci.itech.lstracker.MainActivity
10-02 16:27:50.246  2803  3551 D InputDispatcher: Focus request (0): 5f16803 ci.itech.lstracker/ci.itech.lstracker.MainActivity but waiting because NOT_VISIBLE
10-02 16:27:50.281  2803  3912 D NetdEventListenerService: DNS Requested by 100, 10491(ci.itech.lstracker), SUCCESS, 25ms
10-02 16:27:50.599  2803  7123 D SGM:GameManager: identifyGamePackage. ci.itech.lstracker, mCurrentUserId: 0, callerUserId: 0, callingMethodInfo: com.samsung.android.game.IGameManagerService$Stub.onTransact(IGameManagerService.java:228)
10-02 16:27:50.723  2803  3155 D SGM:GameManager: identifyForegroundApp. ci.itech.lstracker, mCurrentUserId: 0, callerUserId: 0
10-02 16:27:51.068  2803  7123 V WindowManager: Transition 379: Set Task{2056a8d #7802 type=standard I=ci.itech.lstracker/.MainActivity} as transient-hidden-task, caller=com.android.server.wm.Task.forAllTasks:4 com.android.server.wm.WindowContainer.forAllTasks:2 com.android.server.wm.DisplayArea.forAllTasks:9 
10-02 16:27:51.068  2803  7123 V WindowManager: Collecting in transition 379: Task{2056a8d #7802 type=standard I=ci.itech.lstracker/.MainActivity}, caller=com.android.server.wm.Transition$$ExternalSyntheticLambda16.test:93 com.android.server.wm.Task.forAllTasks:4 com.android.server.wm.WindowContainer.forAllTasks:2 com.android.server.wm.DisplayArea.forAllTasks:9 com.android.server.wm.TransitionController.setTransientLaunch:99 
10-02 16:27:51.069  2803  7123 D ActivityTaskManager: scheduleTopResumedActivityChanged, onTop=false, r=ActivityRecord{74f1f24 u0 ci.itech.lstracker/.MainActivity t7802}, caller=com.android.server.wm.ActivityTaskSupervisor.scheduleTopResumedActivityStateLossIfNeeded:11 com.android.server.wm.ActivityTaskSupervisor.updateTopResumedActivityIfNeeded:19 com.android.server.wm.TaskDisplayArea.positionChildAt:270 com.android.server.wm.Task.moveToFront:443 com.android.server.wm.ActivityStartController.startExistingRecents:201 com.android.server.wm.WindowOrganizerController.applyHierarchyOp:31 
