10-02 16:12:20.667  2803  3152 V WindowManager: Sent Transition (#345) createdAt=10-02 16:12:20.624 via request=TransitionRequestInfo { type = OPEN, triggerTask = TaskInfo{userId=0 taskId=7799 displayId=0 isRunning=true baseIntent=Intent { act=android.intent.action.MAIN cat=[android.intent.category.LAUNCHER] flg=0x10200000 cmp=ci.itech.lstracker/.MainActivity } baseActivity=ComponentInfo{ci.itech.lstracker/ci.itech.lstracker.MainActivity} topActivity=ComponentInfo{ci.itech.lstracker/ci.itech.lstracker.MainActivity} origActivity=null realActivity=ComponentInfo{ci.itech.lstracker/ci.itech.lstracker.MainActivity} numActivities=1 lastActiveTime=8723238 supportsMultiWindow=true resizeMode=1 isResizeable=true minWidth=-1 minHeight=-1 maxWidth=-1 maxHeight=-1 defaultMinSize=220 token=WCT{RemoteToken{b1e0b6a Task{1a0cb68 #7799 type=standard I=ci.itech.lstracker/.MainActivity}}} topActivityType=1 pictureInPictureParams=null shouldDockBigOverlays=false launchIntoPipHostTaskId=-1 lastParentTaskIdBeforePip=-1 displayCutoutSafeInsets=Rect(0, 81 - 0, 0) topActivityInfo=ActivityInfo{141585b ci.itech.lstracker.MainActivity} launchCookies=[android.os.BinderProxy@32088f8] positionInParent=Point(0, 0) parentTaskId=-1 isFocused=false isVisible=false isVisibleRequested=false isSleeping=false topActivityInSizeCompat=false locusId=null displayAreaFeatureId=1 isTopActivityTransparent=false isTopActivityStyleFloating=false appCompatTaskInfo=AppCompatTaskInfo { topActivityInSizeCompat=false eligibleForLetterboxEducation= false isLetterboxEducationEnabled= false isLetterboxDoubleTapEnabled= false eligibleForUserAspectRatioButton= false topActivityBoundsLetterboxed= false isFromLetterboxDoubleTap= false topActivityLetterboxVerticalPosition= -1 topActivityLetterboxHorizontalPosition= -1 topActivityLetterboxWidth=1080 topActivityLetterboxHeight=2340 topActivityLetterboxAppWidth=1080 topActivityLetterboxAppHeight=2340 isUserFullscreenOverrideEnabled=false isSystemFullscreenOverrideEnabled=false hasMinAspectRatioOverride=false cameraCompatTaskInfo=CameraCompatTaskInfo { freeformCameraCompatMode=inactive} topActivityBounds=null topActivityInDisplayCompat=false} originallySupportedMultiWindow=true hasWallpaper=false rootAffinity=null isTopTaskInStage=false topActivityUiMode=33 CoverLauncherWidgetTask=false isAllowedSeamlessRotation=false isTopTransparentActivity=false snappingGuideBounds=Rect(81, 553 - 999, 1723) isAliasManaged=false hasConfigChanged=false isAiKeyRemoveAppTask=false}, pipTask = null, remoteTransition = RemoteTransition { remoteTransition = android.window.IRemoteTransition$Stub$Proxy@66611d1, appThread = android.app.IApplicationThread$Stub$Proxy@b897436, debugName = QuickstepLaunchflags =NONE }, displayChange = null, flags = 0, debugId = 345 }
10-02 16:12:20.667  2803  3152 V WindowManager:         {WCT{RemoteToken{b1e0b6a Task{1a0cb68 #7799 type=standard I=ci.itech.lstracker/.MainActivity}}} m=OPEN f=NONE leash=Surface(name=Task=7799)/@0xe05f80c sb=Rect(0, 0 - 1080, 2340) eb=Rect(0, 0 - 1080, 2340) d=0 taskParent=-1 inset=Rect(0, 81 - 0, 144) dim=true},
10-02 16:12:20.669 17804 17804 D ActivityThread: ci.itech.lstracker will use render engine as VK
10-02 16:12:20.674  2803  3155 D SGM:FgCheckThread: noteResumeComponent(), received pkgName: ci.itech.lstracker, userId: 0
10-02 16:12:20.674  7147  7746 I SDHMS:l : handleResumeComponent : put = ci.itech.lstracker, userid = 0 instanceid =16520230
10-02 16:12:20.675  2803  3685 D SGM:FgCheckThread: onLooperPrepared(), msg: MSG_APP_RESUME, pkgName: ci.itech.lstracker, userid: 0
10-02 16:12:20.675  2803  3685 D SGM:FgCheckThread:   handleResume(). pkgName: ci.itech.lstracker, userId: 0, category: non-game
10-02 16:12:20.675  2803  3685 D SGM:FgCheckThread: notifyFocusInOut(). of pkg: ci.itech.lstracker, type: 4, isSecGameFamily: false, userId: 0
10-02 16:12:20.801  2803  3783 D MdnieScenarioControlService:  packageName : ci.itech.lstracker    className : ci.itech.lstracker.MainActivity
10-02 16:12:20.846  2803  4685 D CoreBackPreview: Window{b6a4046 u0 ci.itech.lstracker/ci.itech.lstracker.MainActivity}: Setting back callback OnBackInvokedCallbackInfo{mCallback=android.window.IOnBackInvokedCallback$Stub$Proxy@b155659, mPriority=0, mIsAnimationCallback=false}
10-02 16:12:20.846  2803  4798 D WindowManager: makeSurface duration=1 name=ci.itech.lstracker/ci.itech.lstracker.MainActivity$_17804
10-02 16:12:20.849  2803  4798 D InsetsSourceProvider: updateControlForTarget: control=InsetsSourceControl: {25d80001 mType=navigationBars initiallyVisible mSurfacePosition=Point(0, 2196) mInsetsHint=Insets{left=0, top=0, right=0, bottom=144}}, target=Window{4cf9f80 u0 Splash Screen ci.itech.lstracker}, from=com.android.server.wm.InsetsStateController.onControlTargetChanged:81 com.android.server.wm.InsetsPolicy.updateBarControlTarget:188 com.android.server.wm.DisplayPolicy.updateSystemBarAttributes:281 com.android.server.wm.DisplayPolicy.finishPostLayoutPolicyLw:17 com.android.server.wm.RootWindowContainer.applySurfaceChangesTransaction$1:194 
10-02 16:12:20.850  2803  4798 D InsetsSourceProvider: updateControlForTarget: control=InsetsSourceControl: {ebba0000 mType=statusBars initiallyVisible mSurfacePosition=Point(0, 0) mInsetsHint=Insets{left=0, top=81, right=0, bottom=0}}, target=Window{4cf9f80 u0 Splash Screen ci.itech.lstracker}, from=com.android.server.wm.InsetsStateController.onControlTargetChanged:81 com.android.server.wm.InsetsPolicy.updateBarControlTarget:175 com.android.server.wm.DisplayPolicy.updateSystemBarAttributes:281 com.android.server.wm.DisplayPolicy.finishPostLayoutPolicyLw:17 com.android.server.wm.RootWindowContainer.applySurfaceChangesTransaction$1:194 
10-02 16:12:20.850  2803  4798 D WindowManager: updateSystemBarAttributes: displayId=0, focusedCanBeNavColorWin=false, win=Window{4cf9f80 u0 Splash Screen ci.itech.lstracker}, navColorWin=Window{4cf9f80 u0 Splash Screen ci.itech.lstracker}, caller=com.android.server.wm.DisplayPolicy.finishPostLayoutPolicyLw:17 com.android.server.wm.RootWindowContainer.applySurfaceChangesTransaction$1:194 com.android.server.wm.RootWindowContainer.performSurfacePlacementNoTrace:61 
10-02 16:12:20.852  2803  4798 D WindowManager: Changing focus from null to Window{b6a4046 u0 ci.itech.lstracker/ci.itech.lstracker.MainActivity} displayId=0 Callers=com.android.server.wm.WindowManagerService.relayoutWindowInner:142 com.android.server.wm.WindowManagerService.relayoutWindow:6 com.android.server.wm.Session.relayout:27 android.view.IWindowSession$Stub.onTransact:861 
10-02 16:12:20.853  2803  4798 D InsetsSourceProvider: updateControlForTarget: control=InsetsSourceControl: {25d80001 mType=navigationBars initiallyVisible mSurfacePosition=Point(0, 2196) mInsetsHint=Insets{left=0, top=0, right=0, bottom=144}}, target=Window{b6a4046 u0 ci.itech.lstracker/ci.itech.lstracker.MainActivity}, from=com.android.server.wm.InsetsStateController.onControlTargetChanged:81 com.android.server.wm.InsetsPolicy.updateBarControlTarget:188 com.android.server.wm.DisplayPolicy.updateSystemBarAttributes:281 com.android.server.wm.WindowManagerService.updateFocusedWindowLocked:375 com.android.server.wm.WindowManagerService.relayoutWindowInner:142 
10-02 16:12:20.855  2803  4798 D InsetsSourceProvider: updateControlForTarget: control=InsetsSourceControl: {ebba0000 mType=statusBars initiallyVisible mSurfacePosition=Point(0, 0) mInsetsHint=Insets{left=0, top=81, right=0, bottom=0}}, target=Window{b6a4046 u0 ci.itech.lstracker/ci.itech.lstracker.MainActivity}, from=com.android.server.wm.InsetsStateController.onControlTargetChanged:81 com.android.server.wm.InsetsPolicy.updateBarControlTarget:175 com.android.server.wm.DisplayPolicy.updateSystemBarAttributes:281 com.android.server.wm.WindowManagerService.updateFocusedWindowLocked:375 com.android.server.wm.WindowManagerService.relayoutWindowInner:142 
10-02 16:12:20.855  2803  4798 V SystemKeyManager: updateFocusedWindow() is called, ci.itech.lstracker/ci.itech.lstracker.MainActivity
10-02 16:12:21.356  2803  3155 D SGM:GameManager: identifyForegroundApp. ci.itech.lstracker, mCurrentUserId: 0, callerUserId: 0
10-02 16:12:30.681  2803  3155 D SGM:FgCheckThread: getForegroundApp(), foregroundPkgName=ci.itech.lstracker
10-02 16:12:30.708  2803  3155 D SGM:FgCheckThread: noteStopComponent(), received pkgName: com.sec.android.app.launcher, focusedPkgName: ci.itech.lstracker, userId: 0
10-02 16:12:30.833  2803  3783 D MdnieScenarioControlService:  packageName : ci.itech.lstracker    className : ci.itech.lstracker.MainActivity
10-02 16:12:50.883  2803  3242 D ActivityTaskManager: scheduleTopResumedActivityChanged, onTop=false, r=ActivityRecord{9c85e8b u0 ci.itech.lstracker/.MainActivity t7799}, caller=com.android.server.wm.ActivityTaskSupervisor.scheduleTopResumedActivityStateLossIfNeeded:11 com.android.server.wm.ActivityTaskSupervisor.updateTopResumedActivityIfNeeded:19 com.android.server.wm.TaskFragment.setResumedActivity:29 com.android.server.wm.ActivityRecord.setState:95 com.android.server.wm.TaskFragment.startPausing$1:210 com.android.server.wm.Task$$ExternalSyntheticLambda3.accept:271 
10-02 16:12:50.890  2803  7341 D WindowManager: Changing focus from Window{b6a4046 u0 ci.itech.lstracker/ci.itech.lstracker.MainActivity} to null displayId=0 Callers=com.android.server.wm.ActivityRecord.commitVisibility:204 com.android.server.wm.ActivityRecord.setVisibility:586 com.android.server.wm.ActivityRecord.makeInvisible:39 com.android.server.wm.EnsureActivitiesVisibleHelper.process:637 
10-02 16:12:50.893  2803  7341 D InsetsSourceProvider: updateControlForTarget: control=InsetsSourceControl: {25d80001 mType=navigationBars initiallyVisible mSurfacePosition=Point(0, 2196) mInsetsHint=Insets{left=0, top=0, right=0, bottom=144}}, target=Window{4cf9f80 u0 Splash Screen ci.itech.lstracker}, from=com.android.server.wm.InsetsStateController.onControlTargetChanged:81 com.android.server.wm.InsetsPolicy.updateBarControlTarget:188 com.android.server.wm.DisplayPolicy.updateSystemBarAttributes:281 com.android.server.wm.WindowManagerService.updateFocusedWindowLocked:375 com.android.server.wm.ActivityRecord.commitVisibility:204 
10-02 16:12:50.893  2803  7341 D InsetsSourceProvider: updateControlForTarget: control=InsetsSourceControl: {ebba0000 mType=statusBars initiallyVisible mSurfacePosition=Point(0, 0) mInsetsHint=Insets{left=0, top=81, right=0, bottom=0}}, target=Window{4cf9f80 u0 Splash Screen ci.itech.lstracker}, from=com.android.server.wm.InsetsStateController.onControlTargetChanged:81 com.android.server.wm.InsetsPolicy.updateBarControlTarget:175 com.android.server.wm.DisplayPolicy.updateSystemBarAttributes:281 com.android.server.wm.WindowManagerService.updateFocusedWindowLocked:375 com.android.server.wm.ActivityRecord.commitVisibility:204 
10-02 16:12:50.893  2803  3155 D SGM:FgCheckThread: notePauseComponent(), received pkgName: ci.itech.lstracker, userId: 0
10-02 16:12:50.893  2803  3155 D SGM:FgCheckThread: notePauseComponent(), received pkgName: ci.itech.lstracker, userId: 0
10-02 16:12:50.893  2803  3155 D SGM:FgCheckThread: notifyFocusInOut(). of pkg: ci.itech.lstracker, type: 20, isSecGameFamily: false, userId: 0
10-02 16:12:50.895  2803  7341 V WindowManager: Setting visibility of Window{b6a4046 u0 ci.itech.lstracker/ci.itech.lstracker.MainActivity}: false, caller=com.android.server.wm.WindowContainer.sendAppVisibilityToClients:19 com.android.server.wm.WindowToken.setClientVisible:49 com.android.server.wm.ActivityRecord.setClientVisible:8 com.android.server.wm.ActivityRecord.commitVisibility:273 com.android.server.wm.ActivityRecord.setVisibility:586 
10-02 16:12:50.895  2803  3155 D SGM:GameManager: identifyGamePackage. ci.itech.lstracker, mCurrentUserId: 0, callerUserId: 0, callingMethodInfo: com.samsung.android.game.SemGameManager.isGamePackage(SemGameManager.java:105)
10-02 16:12:50.895  2803  3155 D SGM:SemGameManager: isGamePackage(), pkgName=ci.itech.lstracker, ret=false
10-02 16:12:50.957  2803  7341 E WindowManager: win=Window{b6a4046 u0 ci.itech.lstracker/ci.itech.lstracker.MainActivity} destroySurfaces: appStopped=true cleanupOnResume=false win.mWindowRemovalAllowed=false win.mRemoveOnExit=false win.mViewVisibility=8 caller=com.android.server.wm.ActivityRecord.destroySurfaces:25 com.android.server.wm.ActivityRecord.activityStopped:204 com.android.server.wm.ActivityClientController.activityStopped:95 android.app.IActivityClientController$Stub.onTransact:722 com.android.server.wm.ActivityClientController.onTransact:1 android.os.Binder.execTransactInternal:1541 android.os.Binder.execTransact:1480 
10-02 16:12:50.957  2803  7341 I WindowManager: Destroying surface Surface(name=ci.itech.lstracker/ci.itech.lstracker.MainActivity$_17804)/@0xccd00b8 called by com.android.server.wm.WindowStateAnimator.destroySurface:11 com.android.server.wm.WindowStateAnimator.destroySurfaceLocked:54 com.android.server.wm.WindowState.destroySurfaceUnchecked:5 com.android.server.wm.WindowState.destroySurface:126 com.android.server.wm.ActivityRecord.destroySurfaces:25 com.android.server.wm.ActivityRecord.activityStopped:204 com.android.server.wm.ActivityClientController.activityStopped:95 android.app.IActivityClientController$Stub.onTransact:722 
10-02 16:12:50.957  2803  3155 D SGM:FgCheckThread: getForegroundApp(), foregroundPkgName=ci.itech.lstracker
10-02 16:12:50.957  2803  3155 D SGM:FgCheckThread: pkgName: ci.itech.lstracker is not in foreground
10-02 16:12:50.957  2803  7341 V WindowManager: Schedule remove starting ActivityRecord{9c85e8b u0 ci.itech.lstracker/.MainActivity t7799} startingWindow=Window{4cf9f80 u0 Splash Screen ci.itech.lstracker} animate=true Callers=com.android.server.wm.ActivityRecord.removeStartingWindow:150 com.android.server.wm.ActivityRecord.activityStopped:207 com.android.server.wm.ActivityClientController.activityStopped:95 android.app.IActivityClientController$Stub.onTransact:722 com.android.server.wm.ActivityClientController.onTransact:1 
10-02 16:12:50.976  2803  5660 E WindowManager: win=Window{4cf9f80 u0 Splash Screen ci.itech.lstracker} destroySurfaces: appStopped=true cleanupOnResume=false win.mWindowRemovalAllowed=false win.mRemoveOnExit=false win.mViewVisibility=8 caller=com.android.server.wm.WindowManagerService.tryStartExitingAnimation:147 com.android.server.wm.WindowManagerService.relayoutWindowInner:112 com.android.server.wm.WindowManagerService.relayoutWindow:6 com.android.server.wm.Session.relayout:27 android.view.IWindowSession$Stub.onTransact:861 com.android.server.wm.Session.onTransact:1 android.os.Binder.execTransactInternal:1536 
10-02 16:12:50.976  2803  5660 I WindowManager: Destroying surface Surface(name=Splash Screen ci.itech.lstracker$_3983)/@0xfd18e91 called by com.android.server.wm.WindowStateAnimator.destroySurface:11 com.android.server.wm.WindowStateAnimator.destroySurfaceLocked:54 com.android.server.wm.WindowState.destroySurfaceUnchecked:5 com.android.server.wm.WindowState.destroySurface:126 com.android.server.wm.WindowManagerService.tryStartExitingAnimation:147 com.android.server.wm.WindowManagerService.relayoutWindowInner:112 com.android.server.wm.WindowManagerService.relayoutWindow:6 com.android.server.wm.Session.relayout:27 
10-02 16:12:50.982  2803  5660 D CoreBackPreview: Window{4cf9f80 u0 Splash Screen ci.itech.lstracker}: Setting back callback null
10-02 16:12:50.983  2803  5660 D WindowManager: Starting window removed Window{4cf9f80 u0 Splash Screen ci.itech.lstracker}
10-02 16:12:50.983  2803  5660 V WindowManager: Remove Window{4cf9f80 u0 Splash Screen ci.itech.lstracker}: mSurfaceController=null mAnimatingExit=false mRemoveOnExit=false mHasSurface=false surfaceShowing=false animating=false app-animation=false mDisplayFrozen=false callers=com.android.server.wm.Session.remove:16 android.view.IWindowSession$Stub.onTransact:794 com.android.server.wm.Session.onTransact:1 android.os.Binder.execTransactInternal:1536 android.os.Binder.execTransact:1480 <bottom of call stack> 
10-02 16:12:51.286  2803  5842 D SGM:GameManager: identifyForegroundApp. ci.itech.lstracker, mCurrentUserId: 0, callerUserId: 0
10-02 16:13:54.049  2803  3231 D FreecessController: FZ : ci.itech.lstracker(10491) [17804] reason: LEV
10-02 16:14:10.977  2803  3685 D SGM:FgCheckThread: handleLcdOn(). getPkgName: ci.itech.lstracker, getUserId: 0
10-02 16:14:10.979  2803  2803 D FreecessController: UFZ : ci.itech.lstracker(10491) [17804] reason: TopApp-ScreenOn
10-02 16:14:12.218  2803  5660 V WindowManager: Collecting in transition 347: ActivityRecord{9c85e8b u0 ci.itech.lstracker/.MainActivity t7799}, caller=com.android.server.wm.TransitionController.collect:7 com.android.server.wm.ActivityRecord.setVisibility:189 com.android.server.wm.TaskFragment.resumeTopActivity:1735 com.android.server.wm.Task.resumeTopActivityInnerLocked:98 com.android.server.wm.Task.resumeTopActivityUncheckedLocked:23 
10-02 16:14:12.218  2803  5660 D WindowManager: prepareSync <SYNC_STATE_WAITING_FOR_DRAW>, mPrepareSyncSeqId=0, win=Window{b6a4046 u0 ci.itech.lstracker/ci.itech.lstracker.MainActivity}
10-02 16:14:12.218  2803  5660 V WindowManager: Setting visibility of Window{b6a4046 u0 ci.itech.lstracker/ci.itech.lstracker.MainActivity}: true, caller=com.android.server.wm.WindowContainer.sendAppVisibilityToClients:19 com.android.server.wm.WindowToken.setClientVisible:49 com.android.server.wm.ActivityRecord.setVisibility:392 com.android.server.wm.TaskFragment.resumeTopActivity:1735 com.android.server.wm.Task.resumeTopActivityInnerLocked:98 
10-02 16:14:12.218  2803  5660 D ActivityTaskManager: scheduleTopResumedActivityChanged, onTop=true, r=ActivityRecord{9c85e8b u0 ci.itech.lstracker/.MainActivity t7799}, caller=com.android.server.wm.ActivityTaskSupervisor.updateTopResumedActivityIfNeeded:62 com.android.server.wm.TaskFragment.setResumedActivity:29 com.android.server.wm.ActivityRecord.setState:104 com.android.server.wm.TaskFragment.resumeTopActivity:1817 com.android.server.wm.Task.resumeTopActivityInnerLocked:98 com.android.server.wm.Task.resumeTopActivityUncheckedLocked:23 
10-02 16:14:12.219  2803  5660 D WindowManager: rotationForOrientation, orientationSource=ActivityRecord{9c85e8b u0 ci.itech.lstracker/.MainActivity t7799}
10-02 16:14:12.220  2803  5660 D WindowManagerServiceExt: updateTaskbarTargetIfNeeded: cn=ComponentInfo{ci.itech.lstracker/ci.itech.lstracker.MainActivity} occludesParent=true isInSplitScreenMode=false styleFloating=false
10-02 16:14:12.221  2803  5660 V WindowManager: Add starting ActivityRecord{9c85e8b u0 ci.itech.lstracker/.MainActivity t7799}: startingData=SnapshotStartingData{8944631 waitForSyncTransactionCommit=false removeAfterTransaction= 0}
10-02 16:14:12.222  2803  5660 V WindowManager: Added starting ActivityRecord{9c85e8b u0 ci.itech.lstracker/.MainActivity t7799}: startingWindow=null startingView=com.android.server.wm.StartingSurfaceController$StartingSurface@a36146d
10-02 16:14:12.223  2803  3156 D BLASTSyncEngine: SyncGroup 347:  Unfinished container: ActivityRecord{9c85e8b u0 ci.itech.lstracker/.MainActivity t7799} mSyncState=2
10-02 16:14:12.225  2803  3155 D SGM:FgCheckThread: noteResumeComponent(), received pkgName: ci.itech.lstracker, userId: 0
10-02 16:14:12.225  7147  4692 I SDHMS:l : handleResumeComponent : put = ci.itech.lstracker, userid = 0 instanceid =16520230
10-02 16:14:12.225  2803  3685 D SGM:FgCheckThread: onLooperPrepared(), msg: MSG_APP_RESUME, pkgName: ci.itech.lstracker, userid: 0
10-02 16:14:12.227  2803  5660 V WindowManager: addWindow: ActivityRecord{9c85e8b u0 ci.itech.lstracker/.MainActivity t7799} startingWindow=Window{2376bab u0 SnapshotStartingWindow for taskId=7799}
10-02 16:14:12.229  2803  5781 D BLASTSyncEngine: SyncGroup 347:  Unfinished container: ActivityRecord{9c85e8b u0 ci.itech.lstracker/.MainActivity t7799} mSyncState=2
10-02 16:14:12.236  2803  3156 V WindowManager: Start calculating TransitionInfo based on participants: {ActivityRecord{9c85e8b u0 ci.itech.lstracker/.MainActivity t7799}}
10-02 16:14:12.237  2803  3156 V WindowManager:   Final targets: [Task{1a0cb68 #7799 type=standard I=ci.itech.lstracker/.MainActivity}, DefaultTaskDisplayArea_d0@131413958]
10-02 16:14:12.238  2803  3156 V WindowManager:         {WCT{RemoteToken{b1e0b6a Task{1a0cb68 #7799 type=standard I=ci.itech.lstracker/.MainActivity}}} m=TO_FRONT f=NONE p=WCT{RemoteToken{3396708 DefaultTaskDisplayArea_d0@131413958}} leash=Surface(name=Task=7799)/@0xe05f80c sb=Rect(0, 0 - 1080, 2340) eb=Rect(0, 0 - 1080, 2340) d=0 taskParent=-1 inset=Rect(0, 81 - 0, 144)},
10-02 16:14:12.241  2803  3156 D InsetsSourceProvider: updateFakeControlTarget: fakeControl=InsetsSourceControl: {25d80001 mType=navigationBars mSurfacePosition=Point(0, 0) mInsetsHint=Insets{left=0, top=0, right=0, bottom=0}}, fakeTarget=Window{b6a4046 u0 ci.itech.lstracker/ci.itech.lstracker.MainActivity}
10-02 16:14:12.241  2803  3156 D InsetsSourceProvider: updateFakeControlTarget: fakeControl=InsetsSourceControl: {ebba0000 mType=statusBars mSurfacePosition=Point(0, 0) mInsetsHint=Insets{left=0, top=0, right=0, bottom=0}}, fakeTarget=Window{b6a4046 u0 ci.itech.lstracker/ci.itech.lstracker.MainActivity}
10-02 16:14:12.242  2803  3152 V WindowManager:         {WCT{RemoteToken{b1e0b6a Task{1a0cb68 #7799 type=standard I=ci.itech.lstracker/.MainActivity}}} m=TO_FRONT f=NONE p=WCT{RemoteToken{3396708 DefaultTaskDisplayArea_d0@131413958}} leash=Surface(name=Task=7799)/@0xe05f80c sb=Rect(0, 0 - 1080, 2340) eb=Rect(0, 0 - 1080, 2340) d=0 taskParent=-1 inset=Rect(0, 81 - 0, 144)},
10-02 16:14:12.264  2803  3685 D SGM:FgCheckThread:   handleUserPresent(). resume signal is needed for ci.itech.lstracker
10-02 16:14:12.264  2803  2803 D MdnieScenarioControlService:  packageName : ci.itech.lstracker    className : ci.itech.lstracker.MainActivity
10-02 16:14:12.282  2803  3685 D SGM:FgCheckThread:   handleUserPresent(). resume signal is needed for ci.itech.lstracker
10-02 16:14:12.288  2803  2803 D MdnieScenarioControlService:  packageName : ci.itech.lstracker    className : ci.itech.lstracker.MainActivity
10-02 16:14:12.312  2803  3685 D SGM:FgCheckThread:   handleUserPresent(). resume signal is needed for ci.itech.lstracker
10-02 16:14:12.312  2803  2803 D MdnieScenarioControlService:  packageName : ci.itech.lstracker    className : ci.itech.lstracker.MainActivity
10-02 16:14:12.319  2803  5660 D WindowManager: makeSurface duration=1 name=ci.itech.lstracker/ci.itech.lstracker.MainActivity$_17804
10-02 16:14:12.395  2803  5781 D WindowManager: Changing focus from Window{cb20ce8 u0 NotificationShade} to Window{b6a4046 u0 ci.itech.lstracker/ci.itech.lstracker.MainActivity} displayId=0 Callers=com.android.server.wm.WindowManagerService.relayoutWindowInner:142 com.android.server.wm.WindowManagerService.relayoutWindow:6 com.android.server.wm.Session.relayout:27 com.android.server.wm.Session.relayoutAsync:26 
10-02 16:14:12.396  2803  5781 D InsetsSourceProvider: updateControlForTarget: control=InsetsSourceControl: {25d80001 mType=navigationBars initiallyVisible mSurfacePosition=Point(0, 2196) mInsetsHint=Insets{left=0, top=0, right=0, bottom=144}}, target=Window{b6a4046 u0 ci.itech.lstracker/ci.itech.lstracker.MainActivity}, from=com.android.server.wm.InsetsStateController.onControlTargetChanged:81 com.android.server.wm.InsetsPolicy.updateBarControlTarget:188 com.android.server.wm.DisplayPolicy.updateSystemBarAttributes:281 com.android.server.wm.WindowManagerService.updateFocusedWindowLocked:375 com.android.server.wm.WindowManagerService.relayoutWindowInner:142 
10-02 16:14:12.398  2803  5781 D InsetsSourceProvider: updateControlForTarget: control=InsetsSourceControl: {ebba0000 mType=statusBars initiallyVisible mSurfacePosition=Point(0, 0) mInsetsHint=Insets{left=0, top=81, right=0, bottom=0}}, target=Window{b6a4046 u0 ci.itech.lstracker/ci.itech.lstracker.MainActivity}, from=com.android.server.wm.InsetsStateController.onControlTargetChanged:81 com.android.server.wm.InsetsPolicy.updateBarControlTarget:175 com.android.server.wm.DisplayPolicy.updateSystemBarAttributes:281 com.android.server.wm.WindowManagerService.updateFocusedWindowLocked:375 com.android.server.wm.WindowManagerService.relayoutWindowInner:142 
10-02 16:14:12.398  2803  5781 D WindowManager: updateSystemBarAttributes: displayId=0, focusedCanBeNavColorWin=false, win=Window{b6a4046 u0 ci.itech.lstracker/ci.itech.lstracker.MainActivity}, navColorWin=Window{b6a4046 u0 ci.itech.lstracker/ci.itech.lstracker.MainActivity}, caller=com.android.server.wm.WindowManagerService.updateFocusedWindowLocked:375 com.android.server.wm.WindowManagerService.relayoutWindowInner:142 com.android.server.wm.WindowManagerService.relayoutWindow:6 
10-02 16:14:12.398  2803  5781 V SystemKeyManager: updateFocusedWindow() is called, ci.itech.lstracker/ci.itech.lstracker.MainActivity
10-02 16:14:12.769  2803  7134 D SGM:GameManager: identifyGamePackage. ci.itech.lstracker, mCurrentUserId: 0, callerUserId: 0, callingMethodInfo: com.samsung.android.game.IGameManagerService$Stub.onTransact(IGameManagerService.java:228)
10-02 16:14:12.899  2803  3155 D SGM:GameManager: identifyForegroundApp. ci.itech.lstracker, mCurrentUserId: 0, callerUserId: 0
10-02 16:14:16.991  2803  5135 D FreecessController: ci.itech.lstracker(10491) is important[12]
10-02 16:14:21.996  2803  5135 D FreecessController: ci.itech.lstracker(10491) is important[12]
10-02 16:14:27.002  2803  5135 D FreecessController: ci.itech.lstracker(10491) is important[12]
10-02 16:14:32.008  2803  5135 D FreecessController: ci.itech.lstracker(10491) is important[12]
10-02 16:14:37.014  2803  5135 D FreecessController: ci.itech.lstracker(10491) is important[12]
10-02 16:14:42.017  2803  5135 D FreecessController: ci.itech.lstracker(10491) is important[12]
10-02 16:14:42.540  2803  3242 D ActivityTaskManager: scheduleTopResumedActivityChanged, onTop=false, r=ActivityRecord{9c85e8b u0 ci.itech.lstracker/.MainActivity t7799}, caller=com.android.server.wm.ActivityTaskSupervisor.scheduleTopResumedActivityStateLossIfNeeded:11 com.android.server.wm.ActivityTaskSupervisor.updateTopResumedActivityIfNeeded:19 com.android.server.wm.TaskFragment.setResumedActivity:29 com.android.server.wm.ActivityRecord.setState:95 com.android.server.wm.TaskFragment.startPausing$1:210 com.android.server.wm.Task$$ExternalSyntheticLambda3.accept:271 
10-02 16:14:42.561  2803  7130 D WindowManager: Changing focus from Window{b6a4046 u0 ci.itech.lstracker/ci.itech.lstracker.MainActivity} to null displayId=0 Callers=com.android.server.wm.ActivityRecord.commitVisibility:204 com.android.server.wm.ActivityRecord.setVisibility:586 com.android.server.wm.ActivityRecord.makeInvisible:39 com.android.server.wm.EnsureActivitiesVisibleHelper.process:637 
10-02 16:14:42.564  2803  7130 V WindowManager: Setting visibility of Window{b6a4046 u0 ci.itech.lstracker/ci.itech.lstracker.MainActivity}: false, caller=com.android.server.wm.WindowContainer.sendAppVisibilityToClients:19 com.android.server.wm.WindowToken.setClientVisible:49 com.android.server.wm.ActivityRecord.setClientVisible:8 com.android.server.wm.ActivityRecord.commitVisibility:273 com.android.server.wm.ActivityRecord.setVisibility:586 
10-02 16:14:42.564  2803  3155 D SGM:FgCheckThread: notePauseComponent(), received pkgName: ci.itech.lstracker, userId: 0
10-02 16:14:42.564  2803  3155 D SGM:FgCheckThread: notePauseComponent(), received pkgName: ci.itech.lstracker, userId: 0
10-02 16:14:42.564  2803  3155 D SGM:FgCheckThread: notifyFocusInOut(). of pkg: ci.itech.lstracker, type: 20, isSecGameFamily: false, userId: 0
10-02 16:14:42.566  2803  3155 D SGM:GameManager: identifyGamePackage. ci.itech.lstracker, mCurrentUserId: 0, callerUserId: 0, callingMethodInfo: com.samsung.android.game.SemGameManager.isGamePackage(SemGameManager.java:105)
10-02 16:14:42.566  2803  3155 D SGM:SemGameManager: isGamePackage(), pkgName=ci.itech.lstracker, ret=false
10-02 16:14:42.629  2803  3087 E WindowManager: win=Window{b6a4046 u0 ci.itech.lstracker/ci.itech.lstracker.MainActivity} destroySurfaces: appStopped=true cleanupOnResume=false win.mWindowRemovalAllowed=false win.mRemoveOnExit=false win.mViewVisibility=8 caller=com.android.server.wm.ActivityRecord.destroySurfaces:25 com.android.server.wm.ActivityRecord.activityStopped:204 com.android.server.wm.ActivityClientController.activityStopped:95 android.app.IActivityClientController$Stub.onTransact:722 com.android.server.wm.ActivityClientController.onTransact:1 android.os.Binder.execTransactInternal:1541 android.os.Binder.execTransact:1480 
10-02 16:14:42.629  2803  3087 I WindowManager: Destroying surface Surface(name=ci.itech.lstracker/ci.itech.lstracker.MainActivity$_17804)/@0x190928c called by com.android.server.wm.WindowStateAnimator.destroySurface:11 com.android.server.wm.WindowStateAnimator.destroySurfaceLocked:54 com.android.server.wm.WindowState.destroySurfaceUnchecked:5 com.android.server.wm.WindowState.destroySurface:126 com.android.server.wm.ActivityRecord.destroySurfaces:25 com.android.server.wm.ActivityRecord.activityStopped:204 com.android.server.wm.ActivityClientController.activityStopped:95 android.app.IActivityClientController$Stub.onTransact:722 
10-02 16:14:42.629  2803  3155 D SGM:FgCheckThread: getForegroundApp(), foregroundPkgName=ci.itech.lstracker
10-02 16:14:42.629  2803  3087 V WindowManager: Schedule remove starting ActivityRecord{9c85e8b u0 ci.itech.lstracker/.MainActivity t7799} startingWindow=Window{2376bab u0 SnapshotStartingWindow for taskId=7799} animate=false Callers=com.android.server.wm.ActivityRecord.removeStartingWindow:150 com.android.server.wm.ActivityRecord.activityStopped:207 com.android.server.wm.ActivityClientController.activityStopped:95 android.app.IActivityClientController$Stub.onTransact:722 com.android.server.wm.ActivityClientController.onTransact:1 
10-02 16:14:42.631  2803  3155 D SGM:FgCheckThread: pkgName: ci.itech.lstracker is not in foreground
10-02 16:14:42.916  2803  3087 D SGM:GameManager: identifyForegroundApp. ci.itech.lstracker, mCurrentUserId: 0, callerUserId: 0
10-02 16:15:50.824  2803  3685 D SGM:FgCheckThread: handleLcdOn(). getPkgName: ci.itech.lstracker, getUserId: 0
10-02 16:15:50.909  2803  3783 D MdnieScenarioControlService:  packageName : ci.itech.lstracker    className : ci.itech.lstracker.MainActivity
10-02 16:15:52.613  2803  5842 V WindowManager: Collecting in transition 349: ActivityRecord{9c85e8b u0 ci.itech.lstracker/.MainActivity t7799}, caller=com.android.server.wm.TransitionController.collect:7 com.android.server.wm.ActivityRecord.setVisibility:189 com.android.server.wm.TaskFragment.resumeTopActivity:1735 com.android.server.wm.Task.resumeTopActivityInnerLocked:98 com.android.server.wm.Task.resumeTopActivityUncheckedLocked:23 
10-02 16:15:52.613  2803  5842 D WindowManager: prepareSync <SYNC_STATE_WAITING_FOR_DRAW>, mPrepareSyncSeqId=0, win=Window{b6a4046 u0 ci.itech.lstracker/ci.itech.lstracker.MainActivity}
10-02 16:15:52.613  2803  5842 V WindowManager: Setting visibility of Window{b6a4046 u0 ci.itech.lstracker/ci.itech.lstracker.MainActivity}: true, caller=com.android.server.wm.WindowContainer.sendAppVisibilityToClients:19 com.android.server.wm.WindowToken.setClientVisible:49 com.android.server.wm.ActivityRecord.setVisibility:392 com.android.server.wm.TaskFragment.resumeTopActivity:1735 com.android.server.wm.Task.resumeTopActivityInnerLocked:98 
10-02 16:15:52.614  2803  5842 D ActivityTaskManager: scheduleTopResumedActivityChanged, onTop=true, r=ActivityRecord{9c85e8b u0 ci.itech.lstracker/.MainActivity t7799}, caller=com.android.server.wm.ActivityTaskSupervisor.updateTopResumedActivityIfNeeded:62 com.android.server.wm.TaskFragment.setResumedActivity:29 com.android.server.wm.ActivityRecord.setState:104 com.android.server.wm.TaskFragment.resumeTopActivity:1817 com.android.server.wm.Task.resumeTopActivityInnerLocked:98 com.android.server.wm.Task.resumeTopActivityUncheckedLocked:23 
10-02 16:15:52.614  2803  5842 D WindowManager: rotationForOrientation, orientationSource=ActivityRecord{9c85e8b u0 ci.itech.lstracker/.MainActivity t7799}
10-02 16:15:52.615  2803  5842 D WindowManagerServiceExt: updateTaskbarTargetIfNeeded: cn=ComponentInfo{ci.itech.lstracker/ci.itech.lstracker.MainActivity} occludesParent=true isInSplitScreenMode=false styleFloating=false
10-02 16:15:52.616  2803  5842 V WindowManager: Add starting ActivityRecord{9c85e8b u0 ci.itech.lstracker/.MainActivity t7799}: startingData=SplashScreenStartingData{f9e398 waitForSyncTransactionCommit=false removeAfterTransaction= 0}
10-02 16:15:52.616  2803  5842 V WindowManager: Added starting ActivityRecord{9c85e8b u0 ci.itech.lstracker/.MainActivity t7799}: startingWindow=null startingView=com.android.server.wm.StartingSurfaceController$StartingSurface@373dfd6
10-02 16:15:52.618  2803  3156 D BLASTSyncEngine: SyncGroup 349:  Unfinished container: ActivityRecord{9c85e8b u0 ci.itech.lstracker/.MainActivity t7799} mSyncState=2
10-02 16:15:52.619  2803  3155 D SGM:FgCheckThread: noteResumeComponent(), received pkgName: ci.itech.lstracker, userId: 0
10-02 16:15:52.620  2803  3685 D SGM:FgCheckThread: onLooperPrepared(), msg: MSG_APP_RESUME, pkgName: ci.itech.lstracker, userid: 0
10-02 16:15:52.619  7147  8783 I SDHMS:l : handleResumeComponent : put = ci.itech.lstracker, userid = 0 instanceid =16520230
10-02 16:15:52.627  2803  5842 D WindowManager: prepareSync <SYNC_STATE_WAITING_FOR_DRAW>, mPrepareSyncSeqId=0, win=Window{62ed9e5 u0 Splash Screen ci.itech.lstracker}
10-02 16:15:52.628  2803  5842 V WindowManager: addWindow: ActivityRecord{9c85e8b u0 ci.itech.lstracker/.MainActivity t7799} startingWindow=Window{62ed9e5 u0 Splash Screen ci.itech.lstracker}
10-02 16:15:52.638  2803  7126 D CoreBackPreview: Window{62ed9e5 u0 Splash Screen ci.itech.lstracker}: Setting back callback OnBackInvokedCallbackInfo{mCallback=android.window.IOnBackInvokedCallback$Stub$Proxy@421ea86, mPriority=0, mIsAnimationCallback=false}
10-02 16:15:52.639  2803  7363 D WindowManager: makeSurface duration=1 name=Splash Screen ci.itech.lstracker$_3983
10-02 16:15:52.640  2803  7363 D BLASTSyncEngine: SyncGroup 349:  Unfinished container: ActivityRecord{9c85e8b u0 ci.itech.lstracker/.MainActivity t7799} mSyncState=2
10-02 16:15:52.641  2803  7126 D BLASTSyncEngine: SyncGroup 349:  Unfinished container: ActivityRecord{9c85e8b u0 ci.itech.lstracker/.MainActivity t7799} mSyncState=2
10-02 16:15:52.642  2803  4685 D WindowManager: makeSurface duration=0 name=ci.itech.lstracker/ci.itech.lstracker.MainActivity$_17804
10-02 16:15:52.642  2803  4685 D BLASTSyncEngine: SyncGroup 349:  Unfinished container: ActivityRecord{9c85e8b u0 ci.itech.lstracker/.MainActivity t7799} mSyncState=2
10-02 16:15:52.654  2803  4685 D WindowManager: finishDrawingWindow: Window{62ed9e5 u0 Splash Screen ci.itech.lstracker} mDrawState=DRAW_PENDING seqId=0
10-02 16:15:52.654  2803  4685 V WindowManager: Finishing drawing window Window{62ed9e5 u0 Splash Screen ci.itech.lstracker}: mDrawState=DRAW_PENDING
10-02 16:15:52.654  2803  4685 V WindowManager: Draw state now committed in Window{62ed9e5 u0 Splash Screen ci.itech.lstracker}
10-02 16:15:52.656  2803  3156 V WindowManager: performShowLocked: mDrawState=HAS_DRAWN in Window{62ed9e5 u0 Splash Screen ci.itech.lstracker}
10-02 16:15:52.656  2803  3156 V WindowManager: Start calculating TransitionInfo based on participants: {ActivityRecord{9c85e8b u0 ci.itech.lstracker/.MainActivity t7799}}
10-02 16:15:52.656  2803  3156 V WindowManager:   Final targets: [Task{1a0cb68 #7799 type=standard I=ci.itech.lstracker/.MainActivity}, DefaultTaskDisplayArea_d0@131413958]
10-02 16:15:52.658  2803  3156 V WindowManager:         {WCT{RemoteToken{b1e0b6a Task{1a0cb68 #7799 type=standard I=ci.itech.lstracker/.MainActivity}}} m=TO_FRONT f=NONE p=WCT{RemoteToken{3396708 DefaultTaskDisplayArea_d0@131413958}} leash=Surface(name=Task=7799)/@0xe05f80c sb=Rect(0, 0 - 1080, 2340) eb=Rect(0, 0 - 1080, 2340) d=0 taskParent=-1 inset=Rect(0, 81 - 0, 144)},
10-02 16:15:52.660  2803  3156 D InsetsSourceProvider: updateFakeControlTarget: fakeControl=InsetsSourceControl: {25d80001 mType=navigationBars mSurfacePosition=Point(0, 0) mInsetsHint=Insets{left=0, top=0, right=0, bottom=0}}, fakeTarget=Window{62ed9e5 u0 Splash Screen ci.itech.lstracker}
10-02 16:15:52.660  2803  3156 D InsetsSourceProvider: updateFakeControlTarget: fakeControl=InsetsSourceControl: {ebba0000 mType=statusBars mSurfacePosition=Point(0, 0) mInsetsHint=Insets{left=0, top=0, right=0, bottom=0}}, fakeTarget=Window{62ed9e5 u0 Splash Screen ci.itech.lstracker}
10-02 16:15:52.661  2803  3152 V WindowManager:         {WCT{RemoteToken{b1e0b6a Task{1a0cb68 #7799 type=standard I=ci.itech.lstracker/.MainActivity}}} m=TO_FRONT f=NONE p=WCT{RemoteToken{3396708 DefaultTaskDisplayArea_d0@131413958}} leash=Surface(name=Task=7799)/@0xe05f80c sb=Rect(0, 0 - 1080, 2340) eb=Rect(0, 0 - 1080, 2340) d=0 taskParent=-1 inset=Rect(0, 81 - 0, 144)},
10-02 16:15:52.705  2803  3685 D SGM:FgCheckThread:   handleUserPresent(). resume signal is needed for ci.itech.lstracker
10-02 16:15:52.712  2803  2803 D MdnieScenarioControlService:  packageName : ci.itech.lstracker    className : ci.itech.lstracker.MainActivity
10-02 16:15:52.717  2803  3685 D SGM:FgCheckThread:   handleUserPresent(). resume signal is needed for ci.itech.lstracker
10-02 16:15:52.725  2803  2803 D MdnieScenarioControlService:  packageName : ci.itech.lstracker    className : ci.itech.lstracker.MainActivity
10-02 16:15:52.726  2803  2803 D MdnieScenarioControlService:  packageName : ci.itech.lstracker    className : ci.itech.lstracker.MainActivity
10-02 16:15:52.729  2803  3685 D SGM:FgCheckThread:   handleUserPresent(). resume signal is needed for ci.itech.lstracker
10-02 16:15:52.809  2803  4384 D ActivityTaskManager: scheduleTopResumedActivityChanged, onTop=false, r=ActivityRecord{9c85e8b u0 ci.itech.lstracker/.MainActivity t7799}, caller=com.android.server.wm.ActivityTaskSupervisor.scheduleTopResumedActivityStateLossIfNeeded:11 com.android.server.wm.ActivityTaskSupervisor.updateTopResumedActivityIfNeeded:19 com.android.server.wm.TaskDisplayArea.positionChildAt:270 com.android.server.wm.Task.moveToFront:443 com.android.server.wm.ActivityStarter.startActivityInner:2376 com.android.server.wm.ActivityStarter.startActivityUnchecked:639 
10-02 16:15:52.827  2803  3155 D SGM:FgCheckThread: notePauseComponent(), received pkgName: ci.itech.lstracker, userId: 0
10-02 16:15:52.827  2803  3155 D SGM:FgCheckThread: notePauseComponent(), received pkgName: ci.itech.lstracker, userId: 0
10-02 16:15:52.828  2803  3155 D SGM:FgCheckThread: notifyFocusInOut(). of pkg: ci.itech.lstracker, type: 20, isSecGameFamily: false, userId: 0
10-02 16:15:52.828  2803  3155 D SGM:GameManager: identifyGamePackage. ci.itech.lstracker, mCurrentUserId: 0, callerUserId: 0, callingMethodInfo: com.samsung.android.game.SemGameManager.isGamePackage(SemGameManager.java:105)
10-02 16:15:52.828  2803  3155 D SGM:SemGameManager: isGamePackage(), pkgName=ci.itech.lstracker, ret=false
10-02 16:15:52.886  2803  4685 D WindowManager: updateSystemBarAttributes: displayId=0, focusedCanBeNavColorWin=false, win=Window{1d23982 u0 com.samsung.android.mtp/com.samsung.android.mtp.MtpPopupActivity}, navColorWin=Window{62ed9e5 u0 Splash Screen ci.itech.lstracker}, caller=com.android.server.wm.WindowManagerService.updateFocusedWindowLocked:375 com.android.server.wm.WindowManagerService.relayoutWindowInner:142 com.android.server.wm.WindowManagerService.relayoutWindow:6 
10-02 16:15:59.852  2803  7084 D SGM:FgCheckThread:   sendRunningComponentFocus(), pkgName: ci.itech.lstracker, userId: 0
10-02 16:15:59.853  2803  3685 D SGM:FgCheckThread: onLooperPrepared(), msg: MSG_TASK_FOCUSED, pkgName: ci.itech.lstracker, userId: 0
10-02 16:15:59.853  2803  3685 D SGM:FgCheckThread:   handleTaskFocused(), pkgName: ci.itech.lstracker, userID:0 mResumedPkgMap does not containsKey.
10-02 16:15:59.853  2803  7084 D WindowManager: Changing focus from Window{e57a885 u0 com.samsung.android.mtp/com.samsung.android.mtp.MtpPopupActivity} to Window{b6a4046 u0 ci.itech.lstracker/ci.itech.lstracker.MainActivity} displayId=0 Callers=com.android.server.wm.ActivityTaskManagerService.setLastResumedActivityUncheckLocked:264 com.android.server.wm.ActivityTaskSupervisor.updateTopResumedActivityIfNeeded:50 com.android.server.wm.TaskFragment.setResumedActivity:29 com.android.server.wm.ActivityRecord.setState:104 
10-02 16:15:59.856  2803  7084 D InsetsSourceProvider: updateControlForTarget: control=InsetsSourceControl: {25d80001 mType=navigationBars initiallyVisible mSurfacePosition=Point(0, 2196) mInsetsHint=Insets{left=0, top=0, right=0, bottom=144}}, target=Window{b6a4046 u0 ci.itech.lstracker/ci.itech.lstracker.MainActivity}, from=com.android.server.wm.InsetsStateController.onControlTargetChanged:81 com.android.server.wm.InsetsPolicy.updateBarControlTarget:188 com.android.server.wm.DisplayPolicy.updateSystemBarAttributes:281 com.android.server.wm.WindowManagerService.updateFocusedWindowLocked:375 com.android.server.wm.ActivityTaskManagerService.setLastResumedActivityUncheckLocked:264 
10-02 16:15:59.858  2803  7084 D InsetsSourceProvider: updateControlForTarget: control=InsetsSourceControl: {ebba0000 mType=statusBars initiallyVisible mSurfacePosition=Point(0, 0) mInsetsHint=Insets{left=0, top=81, right=0, bottom=0}}, target=Window{b6a4046 u0 ci.itech.lstracker/ci.itech.lstracker.MainActivity}, from=com.android.server.wm.InsetsStateController.onControlTargetChanged:81 com.android.server.wm.InsetsPolicy.updateBarControlTarget:175 com.android.server.wm.DisplayPolicy.updateSystemBarAttributes:281 com.android.server.wm.WindowManagerService.updateFocusedWindowLocked:375 com.android.server.wm.ActivityTaskManagerService.setLastResumedActivityUncheckLocked:264 
10-02 16:15:59.858  2803  7084 D WindowManager: updateSystemBarAttributes: displayId=0, focusedCanBeNavColorWin=false, win=Window{b6a4046 u0 ci.itech.lstracker/ci.itech.lstracker.MainActivity}, navColorWin=Window{62ed9e5 u0 Splash Screen ci.itech.lstracker}, caller=com.android.server.wm.WindowManagerService.updateFocusedWindowLocked:375 com.android.server.wm.ActivityTaskManagerService.setLastResumedActivityUncheckLocked:264 com.android.server.wm.ActivityTaskSupervisor.updateTopResumedActivityIfNeeded:50 
10-02 16:15:59.858  2803  7084 V SystemKeyManager: updateFocusedWindow() is called, ci.itech.lstracker/ci.itech.lstracker.MainActivity
10-02 16:15:59.859  2803  7084 D ActivityTaskManager: scheduleTopResumedActivityChanged, onTop=true, r=ActivityRecord{9c85e8b u0 ci.itech.lstracker/.MainActivity t7799}, caller=com.android.server.wm.ActivityTaskSupervisor.updateTopResumedActivityIfNeeded:62 com.android.server.wm.TaskFragment.setResumedActivity:29 com.android.server.wm.ActivityRecord.setState:104 com.android.server.wm.TaskFragment.resumeTopActivity:1817 com.android.server.wm.Task.resumeTopActivityInnerLocked:98 com.android.server.wm.Task.resumeTopActivityUncheckedLocked:23 
10-02 16:15:59.879  2803  3155 D SGM:FgCheckThread: noteResumeComponent(), received pkgName: ci.itech.lstracker, userId: 0
10-02 16:15:59.879  7147  8783 I SDHMS:l : handleResumeComponent : put = ci.itech.lstracker, userid = 0 instanceid =16520230
10-02 16:15:59.879  2803  3685 D SGM:FgCheckThread: onLooperPrepared(), msg: MSG_APP_RESUME, pkgName: ci.itech.lstracker, userid: 0
10-02 16:15:59.879  2803  3685 D SGM:FgCheckThread:   handleResume(). pkgName: ci.itech.lstracker, userId: 0, category: non-game
10-02 16:15:59.879  2803  3685 D SGM:FgCheckThread: notifyFocusInOut(). of pkg: ci.itech.lstracker, type: 4, isSecGameFamily: false, userId: 0
10-02 16:16:00.359  2803  3155 D SGM:GameManager: identifyForegroundApp. ci.itech.lstracker, mCurrentUserId: 0, callerUserId: 0
10-02 16:16:02.645  2803  3155 D SGM:FgCheckThread: getForegroundApp(), foregroundPkgName=ci.itech.lstracker
10-02 16:16:02.646  2803  3155 D SGM:FgCheckThread: noteStopComponent(), received pkgName: com.samsung.android.mtp, focusedPkgName: ci.itech.lstracker, userId: 0
10-02 16:16:02.757  2803  3783 D MdnieScenarioControlService:  packageName : ci.itech.lstracker    className : ci.itech.lstracker.MainActivity
10-02 16:16:30.030  2803  3242 D ActivityTaskManager: scheduleTopResumedActivityChanged, onTop=false, r=ActivityRecord{9c85e8b u0 ci.itech.lstracker/.MainActivity t7799}, caller=com.android.server.wm.ActivityTaskSupervisor.scheduleTopResumedActivityStateLossIfNeeded:11 com.android.server.wm.ActivityTaskSupervisor.updateTopResumedActivityIfNeeded:19 com.android.server.wm.TaskFragment.setResumedActivity:29 com.android.server.wm.ActivityRecord.setState:95 com.android.server.wm.TaskFragment.startPausing$1:210 com.android.server.wm.Task$$ExternalSyntheticLambda3.accept:271 
10-02 16:16:30.037  2803  4685 D WindowManager: Changing focus from Window{b6a4046 u0 ci.itech.lstracker/ci.itech.lstracker.MainActivity} to null displayId=0 Callers=com.android.server.wm.ActivityRecord.commitVisibility:204 com.android.server.wm.ActivityRecord.setVisibility:586 com.android.server.wm.ActivityRecord.makeInvisible:39 com.android.server.wm.EnsureActivitiesVisibleHelper.process:637 
10-02 16:16:30.039  2803  4685 D InsetsSourceProvider: updateControlForTarget: control=InsetsSourceControl: {25d80001 mType=navigationBars initiallyVisible mSurfacePosition=Point(0, 2196) mInsetsHint=Insets{left=0, top=0, right=0, bottom=144}}, target=Window{62ed9e5 u0 Splash Screen ci.itech.lstracker}, from=com.android.server.wm.InsetsStateController.onControlTargetChanged:81 com.android.server.wm.InsetsPolicy.updateBarControlTarget:188 com.android.server.wm.DisplayPolicy.updateSystemBarAttributes:281 com.android.server.wm.WindowManagerService.updateFocusedWindowLocked:375 com.android.server.wm.ActivityRecord.commitVisibility:204 
10-02 16:16:30.040  2803  3155 D SGM:FgCheckThread: notePauseComponent(), received pkgName: ci.itech.lstracker, userId: 0
10-02 16:16:30.040  2803  3155 D SGM:FgCheckThread: notePauseComponent(), received pkgName: ci.itech.lstracker, userId: 0
10-02 16:16:30.040  2803  3155 D SGM:FgCheckThread: notifyFocusInOut(). of pkg: ci.itech.lstracker, type: 20, isSecGameFamily: false, userId: 0
10-02 16:16:30.040  2803  3155 D SGM:GameManager: identifyGamePackage. ci.itech.lstracker, mCurrentUserId: 0, callerUserId: 0, callingMethodInfo: com.samsung.android.game.SemGameManager.isGamePackage(SemGameManager.java:105)
10-02 16:16:30.040  2803  3155 D SGM:SemGameManager: isGamePackage(), pkgName=ci.itech.lstracker, ret=false
10-02 16:16:30.041  2803  4685 D InsetsSourceProvider: updateControlForTarget: control=InsetsSourceControl: {ebba0000 mType=statusBars initiallyVisible mSurfacePosition=Point(0, 0) mInsetsHint=Insets{left=0, top=81, right=0, bottom=0}}, target=Window{62ed9e5 u0 Splash Screen ci.itech.lstracker}, from=com.android.server.wm.InsetsStateController.onControlTargetChanged:81 com.android.server.wm.InsetsPolicy.updateBarControlTarget:175 com.android.server.wm.DisplayPolicy.updateSystemBarAttributes:281 com.android.server.wm.WindowManagerService.updateFocusedWindowLocked:375 com.android.server.wm.ActivityRecord.commitVisibility:204 
10-02 16:16:30.041  2803  4685 V WindowManager: Setting visibility of Window{b6a4046 u0 ci.itech.lstracker/ci.itech.lstracker.MainActivity}: false, caller=com.android.server.wm.WindowContainer.sendAppVisibilityToClients:19 com.android.server.wm.WindowToken.setClientVisible:49 com.android.server.wm.ActivityRecord.setClientVisible:8 com.android.server.wm.ActivityRecord.commitVisibility:273 com.android.server.wm.ActivityRecord.setVisibility:586 
10-02 16:16:30.106  2803  4685 E WindowManager: win=Window{b6a4046 u0 ci.itech.lstracker/ci.itech.lstracker.MainActivity} destroySurfaces: appStopped=true cleanupOnResume=false win.mWindowRemovalAllowed=false win.mRemoveOnExit=false win.mViewVisibility=8 caller=com.android.server.wm.ActivityRecord.destroySurfaces:25 com.android.server.wm.ActivityRecord.activityStopped:204 com.android.server.wm.ActivityClientController.activityStopped:95 android.app.IActivityClientController$Stub.onTransact:722 com.android.server.wm.ActivityClientController.onTransact:1 android.os.Binder.execTransactInternal:1541 android.os.Binder.execTransact:1480 
10-02 16:16:30.106  2803  4685 I WindowManager: Destroying surface Surface(name=ci.itech.lstracker/ci.itech.lstracker.MainActivity$_17804)/@0x29c0e72 called by com.android.server.wm.WindowStateAnimator.destroySurface:11 com.android.server.wm.WindowStateAnimator.destroySurfaceLocked:54 com.android.server.wm.WindowState.destroySurfaceUnchecked:5 com.android.server.wm.WindowState.destroySurface:126 com.android.server.wm.ActivityRecord.destroySurfaces:25 com.android.server.wm.ActivityRecord.activityStopped:204 com.android.server.wm.ActivityClientController.activityStopped:95 android.app.IActivityClientController$Stub.onTransact:722 
10-02 16:16:30.106  2803  3155 D SGM:FgCheckThread: getForegroundApp(), foregroundPkgName=ci.itech.lstracker
10-02 16:16:30.106  2803  4685 V WindowManager: Schedule remove starting ActivityRecord{9c85e8b u0 ci.itech.lstracker/.MainActivity t7799} startingWindow=Window{62ed9e5 u0 Splash Screen ci.itech.lstracker} animate=true Callers=com.android.server.wm.ActivityRecord.removeStartingWindow:150 com.android.server.wm.ActivityRecord.activityStopped:207 com.android.server.wm.ActivityClientController.activityStopped:95 android.app.IActivityClientController$Stub.onTransact:722 com.android.server.wm.ActivityClientController.onTransact:1 
10-02 16:16:30.106  2803  3155 D SGM:FgCheckThread: pkgName: ci.itech.lstracker is not in foreground
